Archive member included to satisfy reference by file (symbol)

/opt/homebrew/Cellar/avr-gcc@9/9.3.0_3/lib/avr-gcc/9/gcc/avr/9.3.0/../../../../../../avr/lib/avr5/libprintf_flt.a(vfprintf_flt.o)
                              (vfprintf)
/opt/homebrew/Cellar/avr-gcc@9/9.3.0_3/lib/avr-gcc/9/gcc/avr/9.3.0/avr5/libgcc.a(_mulsi3.o)
                              Build_mc/TinyGPS++.o (__mulsi3)
/opt/homebrew/Cellar/avr-gcc@9/9.3.0_3/lib/avr-gcc/9/gcc/avr/9.3.0/avr5/libgcc.a(_udivmodqi4.o)
                              Build_mc/main.o (__udivmodqi4)
/opt/homebrew/Cellar/avr-gcc@9/9.3.0_3/lib/avr-gcc/9/gcc/avr/9.3.0/avr5/libgcc.a(_udivmodhi4.o)
                              Build_mc/battery.o (__udivmodhi4)
/opt/homebrew/Cellar/avr-gcc@9/9.3.0_3/lib/avr-gcc/9/gcc/avr/9.3.0/avr5/libgcc.a(_divmodhi4.o)
                              Build_mc/main.o (__divmodhi4)
/opt/homebrew/Cellar/avr-gcc@9/9.3.0_3/lib/avr-gcc/9/gcc/avr/9.3.0/avr5/libgcc.a(_udivmodsi4.o)
                              Build_mc/LoRa.o (__udivmodsi4)
/opt/homebrew/Cellar/avr-gcc@9/9.3.0_3/lib/avr-gcc/9/gcc/avr/9.3.0/avr5/libgcc.a(_exit.o)
                              /opt/homebrew/Cellar/avr-gcc@9/9.3.0_3/lib/avr-gcc/9/gcc/avr/9.3.0/../../../../../../avr/lib/avr5/crtatmega328p.o (exit)
/opt/homebrew/Cellar/avr-gcc@9/9.3.0_3/lib/avr-gcc/9/gcc/avr/9.3.0/avr5/libgcc.a(_tablejump2.o)
                              Build_mc/TinyGPS++.o (__tablejump2__)
/opt/homebrew/Cellar/avr-gcc@9/9.3.0_3/lib/avr-gcc/9/gcc/avr/9.3.0/avr5/libgcc.a(_copy_data.o)
                              Build_mc/LoRa.o (__do_copy_data)
/opt/homebrew/Cellar/avr-gcc@9/9.3.0_3/lib/avr-gcc/9/gcc/avr/9.3.0/avr5/libgcc.a(_clear_bss.o)
                              Build_mc/softuart_avr.o (__do_clear_bss)
/opt/homebrew/Cellar/avr-gcc@9/9.3.0_3/lib/avr-gcc/9/gcc/avr/9.3.0/avr5/libgcc.a(_ctors.o)
                              Build_mc/main.o (__do_global_ctors)
/opt/homebrew/Cellar/avr-gcc@9/9.3.0_3/lib/avr-gcc/9/gcc/avr/9.3.0/avr5/libgcc.a(_muluhisi3.o)
                              Build_mc/TinyGPS++.o (__muluhisi3)
/opt/homebrew/Cellar/avr-gcc@9/9.3.0_3/lib/avr-gcc/9/gcc/avr/9.3.0/avr5/libgcc.a(_mulshisi3.o)
                              Build_mc/TinyGPS++.o (__mulshisi3)
/opt/homebrew/Cellar/avr-gcc@9/9.3.0_3/lib/avr-gcc/9/gcc/avr/9.3.0/avr5/libgcc.a(_divdi3.o)
                              Build_mc/LoRa.o (__divdi3)
/opt/homebrew/Cellar/avr-gcc@9/9.3.0_3/lib/avr-gcc/9/gcc/avr/9.3.0/avr5/libgcc.a(_udivdi3.o)
                              /opt/homebrew/Cellar/avr-gcc@9/9.3.0_3/lib/avr-gcc/9/gcc/avr/9.3.0/avr5/libgcc.a(_divdi3.o) (__udivdi3_umoddi3)
/opt/homebrew/Cellar/avr-gcc@9/9.3.0_3/lib/avr-gcc/9/gcc/avr/9.3.0/avr5/libgcc.a(_udivmod64.o)
                              /opt/homebrew/Cellar/avr-gcc@9/9.3.0_3/lib/avr-gcc/9/gcc/avr/9.3.0/avr5/libgcc.a(_divdi3.o) (__udivmod64)
/opt/homebrew/Cellar/avr-gcc@9/9.3.0_3/lib/avr-gcc/9/gcc/avr/9.3.0/avr5/libgcc.a(_negdi2.o)
                              /opt/homebrew/Cellar/avr-gcc@9/9.3.0_3/lib/avr-gcc/9/gcc/avr/9.3.0/avr5/libgcc.a(_divdi3.o) (__negdi2)
/opt/homebrew/Cellar/avr-gcc@9/9.3.0_3/lib/avr-gcc/9/gcc/avr/9.3.0/avr5/libgcc.a(_prologue.o)
                              /opt/homebrew/Cellar/avr-gcc@9/9.3.0_3/lib/avr-gcc/9/gcc/avr/9.3.0/../../../../../../avr/lib/avr5/libprintf_flt.a(vfprintf_flt.o) (__prologue_saves__)
/opt/homebrew/Cellar/avr-gcc@9/9.3.0_3/lib/avr-gcc/9/gcc/avr/9.3.0/avr5/libgcc.a(_epilogue.o)
                              /opt/homebrew/Cellar/avr-gcc@9/9.3.0_3/lib/avr-gcc/9/gcc/avr/9.3.0/../../../../../../avr/lib/avr5/libprintf_flt.a(vfprintf_flt.o) (__epilogue_restores__)
/opt/homebrew/Cellar/avr-gcc@9/9.3.0_3/lib/avr-gcc/9/gcc/avr/9.3.0/avr5/libgcc.a(_ashldi3.o)
                              Build_mc/LoRa.o (__ashldi3)
/opt/homebrew/Cellar/avr-gcc@9/9.3.0_3/lib/avr-gcc/9/gcc/avr/9.3.0/avr5/libgcc.a(_ashrdi3.o)
                              Build_mc/LoRa.o (__lshrdi3)
/opt/homebrew/Cellar/avr-gcc@9/9.3.0_3/lib/avr-gcc/9/gcc/avr/9.3.0/avr5/libgcc.a(_umulhisi3.o)
                              /opt/homebrew/Cellar/avr-gcc@9/9.3.0_3/lib/avr-gcc/9/gcc/avr/9.3.0/avr5/libgcc.a(_muluhisi3.o) (__umulhisi3)
/opt/homebrew/Cellar/avr-gcc@9/9.3.0_3/lib/avr-gcc/9/gcc/avr/9.3.0/../../../../../../avr/lib/avr5/libm.a(addsf3.o)
                              Build_mc/TinyGPS++.o (__addsf3)
/opt/homebrew/Cellar/avr-gcc@9/9.3.0_3/lib/avr-gcc/9/gcc/avr/9.3.0/../../../../../../avr/lib/avr5/libm.a(addsf3x.o)
                              /opt/homebrew/Cellar/avr-gcc@9/9.3.0_3/lib/avr-gcc/9/gcc/avr/9.3.0/../../../../../../avr/lib/avr5/libm.a(addsf3.o) (__addsf3x)
/opt/homebrew/Cellar/avr-gcc@9/9.3.0_3/lib/avr-gcc/9/gcc/avr/9.3.0/../../../../../../avr/lib/avr5/libm.a(divsf3.o)
                              Build_mc/LoRa.o (__divsf3)
/opt/homebrew/Cellar/avr-gcc@9/9.3.0_3/lib/avr-gcc/9/gcc/avr/9.3.0/../../../../../../avr/lib/avr5/libm.a(divsf3x.o)
[...]
Memory Configuration

Name             Origin             Length             Attributes
text             0x0000000000000000 0x0000000000020000 xr
data             0x0000000000800060 0x000000000000ffa0 rw !x
eeprom           0x0000000000810000 0x0000000000010000 rw !x
fuse             0x0000000000820000 0x0000000000000400 rw !x
lock             0x0000000000830000 0x0000000000000400 rw !x
signature        0x0000000000840000 0x0000000000000400 rw !x
user_signatures  0x0000000000850000 0x0000000000000400 rw !x
*default*        0x0000000000000000 0xffffffffffffffff

Linker script and memory map

Address of section .data set to 0x800100
LOAD /opt/homebrew/Cellar/avr-gcc@9/9.3.0_3/lib/avr-gcc/9/gcc/avr/9.3.0/../../../../../../avr/lib/avr5/crtatmega328p.o
LOAD /opt/homebrew/Cellar/avr-gcc@9/9.3.0_3/lib/avr-gcc/9/gcc/avr/9.3.0/../../../../../../avr/lib/avr5/libprintf_flt.a
LOAD Build_mc/softuart_avr.o
LOAD Build_mc/LoRa.o
LOAD Build_mc/spi.o
LOAD Build_mc/main.o
LOAD Build_mc/mcu_call_functions.o
LOAD Build_mc/timer_us.o
LOAD Build_mc/TinyGPS++.o
LOAD Build_mc/rtc.o
LOAD Build_mc/scheduling.o
LOAD Build_mc/twi-lowlevel.o
LOAD Build_mc/twi.o
LOAD Build_mc/command_layer.o
LOAD Build_mc/battery.o
LOAD Build_mc/medium_collar.o
LOAD Build_mc/eeprom_hal.o
LOAD Build_mc/ext_mem_eeprom.o
LOAD Build_mc/24c64.o
START GROUP
LOAD /opt/homebrew/Cellar/avr-gcc@9/9.3.0_3/lib/avr-gcc/9/gcc/avr/9.3.0/avr5/libgcc.a
LOAD /opt/homebrew/Cellar/avr-gcc@9/9.3.0_3/lib/avr-gcc/9/gcc/avr/9.3.0/../../../../../../avr/lib/avr5/libm.a
LOAD /opt/homebrew/Cellar/avr-gcc@9/9.3.0_3/lib/avr-gcc/9/gcc/avr/9.3.0/../../../../../../avr/lib/avr5/libc.a
LOAD /opt/homebrew/Cellar/avr-gcc@9/9.3.0_3/lib/avr-gcc/9/gcc/avr/9.3.0/../../../../../../avr/lib/avr5/libatmega328p.a
END GROUP
                0x0000000000020000                __TEXT_REGION_LENGTH__ = DEFINED (__TEXT_REGION_LENGTH__)?__TEXT_REGION_LENGTH__:0x20000
                0x000000000000ffa0                __DATA_REGION_LENGTH__ = DEFINED (__DATA_REGION_LENGTH__)?__DATA_REGION_LENGTH__:0xffa0
                0x0000000000010000                __EEPROM_REGION_LENGTH__ = DEFINED (__EEPROM_REGION_LENGTH__)?__EEPROM_REGION_LENGTH__:0x10000
                0x0000000000000400                __FUSE_REGION_LENGTH__ = DEFINED (__FUSE_REGION_LENGTH__)?__FUSE_REGION_LENGTH__:0x400
                0x0000000000000400                __LOCK_REGION_LENGTH__ = DEFINED (__LOCK_REGION_LENGTH__)?__LOCK_REGION_LENGTH__:0x400
                0x0000000000000400                __SIGNATURE_REGION_LENGTH__ = DEFINED (__SIGNATURE_REGION_LENGTH__)?__SIGNATURE_REGION_LENGTH__:0x400
                0x0000000000000400                __USER_SIGNATURE_REGION_LENGTH__ = DEFINED (__USER_SIGNATURE_REGION_LENGTH__)?__USER_SIGNATURE_REGION_LENGTH__:0x400

.hash
 *(.hash)

.dynsym
 *(.dynsym)

.dynstr
 *(.dynstr)

.gnu.version
 *(.gnu.version)

.gnu.version_d
 *(.gnu.version_d)

.gnu.version_r
 *(.gnu.version_r)

.rel.init
 *(.rel.init)

.rela.init
 *(.rela.init)

.rel.text
 *(.rel.text)
 *(.rel.text.*)
 *(.rel.gnu.linkonce.t*)

.rela.text
 *(.rela.text)
 *(.rela.text.*)
 *(.rela.gnu.linkonce.t*)

.rel.fini
 *(.rel.fini)

.rela.fini
 *(.rela.fini)

.rel.rodata
 *(.rel.rodata)
 *(.rel.rodata.*)
 *(.rel.gnu.linkonce.r*)

.rela.rodata
 *(.rela.rodata)
 *(.rela.rodata.*)
 *(.rela.gnu.linkonce.r*)

.rel.data
 *(.rel.data)
 *(.rel.data.*)
 *(.rel.gnu.linkonce.d*)

.rela.data
 *(.rela.data)
 *(.rela.data.*)
 *(.rela.gnu.linkonce.d*)

.rel.ctors
 *(.rel.ctors)

.rela.ctors
 *(.rela.ctors)

.rel.dtors
 *(.rel.dtors)

.rela.dtors
 *(.rela.dtors)

.rel.got
 *(.rel.got)

.rela.got
 *(.rela.got)

.rel.bss
 *(.rel.bss)

.rela.bss
 *(.rela.bss)

.rel.plt
 *(.rel.plt)

.rela.plt
 *(.rela.plt)

.text           0x0000000000000000     0x67b2
 *(.vectors)
 .vectors       0x0000000000000000       0x68 /opt/homebrew/Cellar/avr-gcc@9/9.3.0_3/lib/avr-gcc/9/gcc/avr/9.3.0/../../../../../../avr/lib/avr5/crtatmega328p.o
                0x0000000000000000                __vectors
                0x0000000000000000                __vector_default
 *(.vectors)
 *(.progmem.gcc*)
                0x0000000000000068                . = ALIGN (0x2)
                0x0000000000000068                __trampolines_start = .
 *(.trampolines)
 .trampolines   0x0000000000000068        0x0 linker stubs
 *(.trampolines*)
                0x0000000000000068                __trampolines_end = .
 *libprintf_flt.a:*(.progmem.data)
 .progmem.data  0x0000000000000068        0x8 /opt/homebrew/Cellar/avr-gcc@9/9.3.0_3/lib/avr-gcc/9/gcc/avr/9.3.0/../../../../../../avr/lib/avr5/libprintf_flt.a(vfprintf_flt.o)
 *libc.a:*(.progmem.data)
 .progmem.data  0x0000000000000070       0xfa /opt/homebrew/Cellar/avr-gcc@9/9.3.0_3/lib/avr-gcc/9/gcc/avr/9.3.0/../../../../../../avr/lib/avr5/libc.a(ftoa_engine.o)
 *(.progmem.*)
                0x000000000000016a                . = ALIGN (0x2)
 *(.lowtext)
 *(.lowtext*)
                0x000000000000016a                __ctors_start = .
 *(.ctors)
 .ctors         0x000000000000016a        0x2 Build_mc/main.o
 .ctors         0x000000000000016c        0x2 Build_mc/mcu_call_functions.o
                0x000000000000016e                __ctors_end = .
                0x000000000000016e                __dtors_start = .
 *(.dtors)
                0x000000000000016e                __dtors_end = .
 SORT_BY_NAME(*)(.ctors)
 SORT_BY_NAME(*)(.dtors)
 *(.init0)
 .init0         0x000000000000016e        0x0 /opt/homebrew/Cellar/avr-gcc@9/9.3.0_3/lib/avr-gcc/9/gcc/avr/9.3.0/../../../../../../avr/lib/avr5/crtatmega328p.o
                0x000000000000016e                __init
 *(.init0)
 *(.init1)
 *(.init1)
 *(.init2)
 .init2         0x000000000000016e        0xc /opt/homebrew/Cellar/avr-gcc@9/9.3.0_3/lib/avr-gcc/9/gcc/avr/9.3.0/../../../../../../avr/lib/avr5/crtatmega328p.o
 *(.init2)
 *(.init3)
 *(.init3)
 *(.init4)
 .init4         0x000000000000017a       0x16 /opt/homebrew/Cellar/avr-gcc@9/9.3.0_3/lib/avr-gcc/9/gcc/avr/9.3.0/avr5/libgcc.a(_copy_data.o)
                0x000000000000017a                __do_copy_data
 .init4         0x0000000000000190       0x10 /opt/homebrew/Cellar/avr-gcc@9/9.3.0_3/lib/avr-gcc/9/gcc/avr/9.3.0/avr5/libgcc.a(_clear_bss.o)
                0x0000000000000190                __do_clear_bss
 *(.init4)
 *(.init5)
 *(.init5)
 *(.init6)
 .init6         0x00000000000001a0       0x16 /opt/homebrew/Cellar/avr-gcc@9/9.3.0_3/lib/avr-gcc/9/gcc/avr/9.3.0/avr5/libgcc.a(_ctors.o)
                0x00000000000001a0                __do_global_ctors
 *(.init6)
 *(.init7)
 *(.init7)
 *(.init8)
 *(.init8)
 *(.init9)
 .init9         0x00000000000001b6        0x8 /opt/homebrew/Cellar/avr-gcc@9/9.3.0_3/lib/avr-gcc/9/gcc/avr/9.3.0/../../../../../../avr/lib/avr5/crtatmega328p.o
 *(.init9)
 *(.text)
 .text          0x00000000000001be        0x4 /opt/homebrew/Cellar/avr-gcc@9/9.3.0_3/lib/avr-gcc/9/gcc/avr/9.3.0/../../../../../../avr/lib/avr5/crtatmega328p.o
                0x00000000000001be                __vector_20
                0x00000000000001be                __vector_12
                0x00000000000001be                __bad_interrupt
                0x00000000000001be                __vector_6
                0x00000000000001be                __vector_3
                0x00000000000001be                __vector_23
                0x00000000000001be                __vector_25
                0x00000000000001be                __vector_11
                0x00000000000001be                __vector_13
                0x00000000000001be                __vector_17
                0x00000000000001be                __vector_19
                0x00000000000001be                __vector_5
                0x00000000000001be                __vector_4
                0x00000000000001be                __vector_9
                0x00000000000001be                __vector_2
                0x00000000000001be                __vector_21
                0x00000000000001be                __vector_15
                0x00000000000001be                __vector_8
                0x00000000000001be                __vector_10
                0x00000000000001be                __vector_16
                0x00000000000001be                __vector_22
 .text          0x00000000000001c2        0x0 /opt/homebrew/Cellar/avr-gcc@9/9.3.0_3/lib/avr-gcc/9/gcc/avr/9.3.0/../../../../../../avr/lib/avr5/libprintf_flt.a(vfprintf_flt.o)
 .text          0x00000000000001c2      0x210 Build_mc/softuart_avr.o
                0x00000000000001c2                __vector_14
                0x00000000000002e4                softuart_init()
                0x0000000000000314                softuart_turn_rx_on()
                0x000000000000031a                softuart_turn_rx_off()
                0x0000000000000322                softuart_getchar()
                0x000000000000034a                softuart_kbhit()
                0x000000000000035c                softuart_flush_input_buffer()
                0x0000000000000366                softuart_transmit_busy()
                0x0000000000000374                softuart_putchar(char)
                0x000000000000039e                softuart_puts(char const*)
                0x00000000000003b6                softuart_puts_p(char const*)
 .text          0x00000000000003d2      0x7b6 Build_mc/LoRa.o
                0x00000000000003d2                _singleTransfer(unsigned char, unsigned char)
                0x0000000000000400                _readRegister(unsigned char)
                0x0000000000000408                packetRssi()
                0x0000000000000432                packetSnr()
                0x000000000000043e                available()
                0x000000000000044c                read()
                0x0000000000000468                _getSpreadingFactor()
                0x0000000000000474                _getSignalBandwidth()
                0x00000000000004e4                packetFrequencyError()
                0x0000000000000606                _writeRegister(unsigned char, unsigned char)
                0x000000000000060c                endPacket()
                0x0000000000000638                write(char const*, unsigned char)
                0x00000000000006a0                peek()
                0x00000000000006d0                idle()
                0x00000000000006d8                sleep()
                0x00000000000006e0                LoRaend()
                0x00000000000006e4                setTxPower(unsigned char)
                0x00000000000006fc                setFrequency(unsigned long)
                0x00000000000007a6                begin(unsigned long)
                0x000000000000084e                setCodingRate4(unsigned char)
                0x000000000000087a                setPreambleLength(unsigned int)
                0x0000000000000890                setSyncWord(unsigned char)
                0x0000000000000898                enableCrc()
                0x00000000000008a8                disableCrc()
                0x00000000000008b8                _explicitHeaderMode()
                0x00000000000008cc                _implicitHeaderMode()
                0x00000000000008e2                beginPacket(unsigned char)
                0x000000000000090e                parsePacket(unsigned char)
                0x0000000000000992                receive(int)
                0x00000000000009bc                _setLdoFlag()
                0x0000000000000a20                setSpreadingFactor(unsigned char)
                0x0000000000000a74                setSignalBandwidth(unsigned long)
                0x0000000000000b1a                LoRaInit()
                0x0000000000000b5a                LoRaSendSleep(char const*, unsigned char)
 .text          0x0000000000000b88       0x4a Build_mc/spi.o
                0x0000000000000b88                spi_init(unsigned char, unsigned char, unsigned char, unsigned char, unsigned char)
                0x0000000000000bc6                spi_send(unsigned char)
 .text          0x0000000000000bd2      0x350 Build_mc/main.o
                0x0000000000000bd2                CmdUARTInterface::packetDetect(char)
                0x0000000000000c9c                CmdUARTInterface::timerHandler()
                0x0000000000000cc4                setDefaultTime()
                0x0000000000000d2c                setTempScheduleConfig()
                0x0000000000000d6e                UARTRcvPkts()
                0x0000000000000dae                loadPrintWakeTime()
                0x0000000000000e04                appMilliSecCallback()
                0x0000000000000e70                appRS485RcvCallback(char)
                0x0000000000000ea2                LoRaRcvPkts(unsigned char)
 .text          0x0000000000000f22      0x36e Build_mc/mcu_call_functions.o
                0x0000000000000f22                setPinModeInput(char, char)
                0x0000000000000f70                setPinModeOutput(char, char)
                0x0000000000000fb8                setPinHigh(char, char)
                0x0000000000001000                setPinLow(char, char)
                0x000000000000104e                setPinState(char, char, char)
                0x0000000000001060                readPin(char, char)
                0x000000000000109c                avrHALInit()
                0x000000000000109e                startuSTimer()
                0x00000000000010aa                stopuSTimer()
                0x00000000000010b0                readuSTimer()
                0x00000000000010be                startmSTimer()
                0x00000000000010ea                stopmSTimer()
                0x00000000000010f0                __vector_7
                0x0000000000001160                millis()
                0x000000000000118e                __vector_18
                0x00000000000011e8                USART_Init()
                0x0000000000001210                ra485_send_char(char)
                0x000000000000121e                write_char(char, __file*)
                0x0000000000001236                printLen(char*, int)
                0x0000000000001272                sleepMode()
                0x000000000000128c                __vector_1
 .text          0x0000000000001290       0x62 Build_mc/timer_us.o
                0x0000000000001290                SoftTimeruS::start(unsigned int)
                0x00000000000012b2                SoftTimeruS::checkElapsed()
 .text          0x00000000000012f2     0x13ec Build_mc/TinyGPS++.o
                0x00000000000012f2                TinyGPSPlus::TinyGPSPlus()
                0x00000000000012f2                TinyGPSPlus::TinyGPSPlus()
                0x0000000000001446                TinyGPSPlus::fromHex(char)
                0x000000000000146a                TinyGPSPlus::parseDecimal(char const*)
                0x000000000000154a                TinyGPSPlus::parseDegrees(char const*, RawDegrees&)
                0x000000000000169c                TinyGPSPlus::cardinal(double)
                0x0000000000001724                TinyGPSLocation::commit()
                0x0000000000001766                TinyGPSLocation::setLatitude(char const*)
                0x0000000000001774                TinyGPSLocation::setLongitude(char const*)
                0x0000000000001782                TinyGPSLocation::lat()
                0x0000000000001856                TinyGPSLocation::lng()
                0x000000000000192a                TinyGPSLocation::getLatStr(char*)
                0x0000000000001968                TinyGPSLocation::getLonStr(char*)
                0x00000000000019a6                TinyGPSDate::commit()
                0x00000000000019d4                TinyGPSTime::commit()
                0x0000000000001a02                TinyGPSTime::setTime(char const*)
                0x0000000000001a1c                TinyGPSDate::setDate(char const*)
                0x0000000000001a36                TinyGPSDate::year()
                0x0000000000001a7c                TinyGPSDate::month()
                0x0000000000001ad6                TinyGPSDate::day()
                0x0000000000001b0e                TinyGPSTime::hour()
                0x0000000000001b46                TinyGPSTime::minute()
                0x0000000000001b8e                TinyGPSTime::second()
                0x0000000000001be8                TinyGPSTime::centisecond()
                0x0000000000001c20                TinyGPSDecimal::commit()
                0x0000000000001c4e                TinyGPSDecimal::set(char const*)
                0x0000000000001c68                TinyGPSInteger::commit()
                0x0000000000001c96                TinyGPSInteger::set(char const*)
                0x0000000000001cb0                TinyGPSCustom::commit()
                0x0000000000001cd6                TinyGPSCustom::set(char const*)
                0x0000000000001cde                TinyGPSPlus::endOfTermHandler()
                0x000000000000200c                TinyGPSPlus::encode(char)
                0x0000000000002104                TinyGPSPlus::insertCustom(TinyGPSCustom*, char const*, int)
                0x000000000000217e                TinyGPSCustom::begin(TinyGPSPlus&, char const*, int)
                0x00000000000021c0                TinyGPSCustom::TinyGPSCustom(TinyGPSPlus&, char const*, int)
                0x00000000000021c0                TinyGPSCustom::TinyGPSCustom(TinyGPSPlus&, char const*, int)
                0x00000000000021c4                TinyGPSPlus::_checkSerialStreamIn()
                0x000000000000222e                TinyGPSPlus::enablePwr()
                0x0000000000002238                TinyGPSPlus::disablePwr()
                0x0000000000002242                TinyGPSPlus::_UARTInit()
                0x000000000000224e                TinyGPSPlus::init(unsigned char)
                0x000000000000227a                TinyGPSPlus::_processUART()
                0x00000000000022ce                TinyGPSPlus::handler()
                0x00000000000023a2                TinyGPSPlus::printData()
                0x0000000000002634                TinyGPSPlus::mSTimerCallback()
                0x0000000000002690                TinyGPSPlus::getHDOPStr(char*)
 .text          0x00000000000026de      0x91c Build_mc/rtc.o
                0x00000000000026de                dec2bcd(unsigned char)
                0x00000000000026ec                bcd2dec(unsigned char)
                0x00000000000026fe                rtc_read_byte(unsigned char)
                0x0000000000002720                rtc_write_byte(unsigned char, unsigned char)
                0x0000000000002742                rtc_init()
                0x00000000000027a0                rtc_setup_ext_init()
                0x00000000000027c0                rtc_is_ds1307()
                0x00000000000027c6                rtc_is_ds3231()
                0x00000000000027cc                rtc_set_ds1307()
                0x00000000000027d8                rtc_set_ds3231()
                0x00000000000027e4                rtc_get_time()
                0x0000000000002914                rtc_get_time_s(unsigned char*, unsigned char*, unsigned char*)
                0x00000000000029d2                rtc_set_time(tm*)
                0x0000000000002a5a                rtc_set_time_s(unsigned char, unsigned char, unsigned char)
                0x0000000000002a9a                rtc_run_clock(bool)
                0x0000000000002ac0                rtc_is_clock_running()
                0x0000000000002ad6                ds3231_get_temp_int(signed char*, unsigned char*)
                0x0000000000002b3e                rtc_force_temp_conversion(unsigned char)
                0x0000000000002bac                rtc_get_sram_byte(unsigned char)
                0x0000000000002bd0                rtc_get_sram(unsigned char*)
                0x0000000000002bf4                rtc_set_sram_byte(unsigned char, unsigned char)
                0x0000000000002c18                rtc_set_sram(unsigned char*)
                0x0000000000002c3c                rtc_SQW_enable(bool)
                0x0000000000002cc0                rtc_SQW_set_freq(RTC_SQW_FREQ)
                0x0000000000002d3c                rtc_osc32kHz_enable(bool)
                0x0000000000002d92                rtc_reset_alarm()
                0x0000000000002dd2                rtc_set_alarm_s(unsigned char, unsigned char, unsigned char)
                0x0000000000002e94                rtc_set_alarm(tm*)
                0x0000000000002ea6                rtc_get_alarm_s(unsigned char*, unsigned char*, unsigned char*)
                0x0000000000002f2a                rtc_get_alarm()
                0x0000000000002f74                rtc_check_alarm()
 .text          0x0000000000002ffa      0x18a Build_mc/scheduling.o
                0x0000000000002ffa                SchedulingManage::checkIfInSendTime(tm*)
                0x000000000000306e                SchedulingManage::_calcNextAlarm(tm*)
                0x00000000000030ea                SchedulingManage::alarmHandler()
 .text          0x0000000000003184      0x3b2 Build_mc/twi-lowlevel.o
                0x0000000000003184                twi_init()
                0x00000000000031ac                twi_setAddress(unsigned char)
                0x00000000000031b4                twi_readFrom(unsigned char, unsigned char*, unsigned char)
                0x0000000000003216                twi_writeTo(unsigned char, unsigned char*, unsigned char, unsigned char)
                0x0000000000003294                twi_transmit(unsigned char*, unsigned char)
                0x00000000000032c6                twi_attachSlaveRxEvent(void (*)(unsigned char*, int))
                0x00000000000032d0                twi_attachSlaveTxEvent(void (*)())
                0x00000000000032da                twi_reply(unsigned char)
                0x00000000000032ea                twi_stop()
                0x00000000000032fe                twi_releaseBus()
                0x000000000000330a                __vector_24
 .text          0x0000000000003536      0x1c6 Build_mc/twi.o
                0x0000000000003536                onReceiveService(unsigned char*, int)
                0x000000000000358a                onRequestService()
                0x00000000000035a2                twi_init_master()
                0x00000000000035b6                twi_init_slave(unsigned char)
                0x00000000000035ce                twi_request_from(unsigned char, unsigned char)
                0x00000000000035e8                twi_begin_transmission(unsigned char)
                0x00000000000035fc                twi_end_transmission()
                0x000000000000361c                twi_send_byte(unsigned char)
                0x0000000000003666                twi_send(unsigned char*, unsigned char)
                0x00000000000036a6                twi_send_char(char*)
                0x00000000000036ba                twi_available()
                0x00000000000036c6                twi_receive()
                0x00000000000036e8                twi_set_on_receive(void (*)(int))
                0x00000000000036f2                twi_set_on_request(void (*)())
 .text          0x00000000000036fc      0x966 Build_mc/command_layer.o
                0x00000000000036fc                CmdProcess::init()
                0x00000000000036fe                CmdProcess::detect(char)
                0x0000000000004012                CmdProcess::incrBuffCount()
                0x000000000000402c                CmdProcess::store(char)
                0x000000000000403c                CmdProcess::start_storing(char)
                0x0000000000004046                CmdProcess::_readCountManage(int)
 .text          0x0000000000004062       0xe6 Build_mc/battery.o
                0x0000000000004062                readVccVoltage()
                0x00000000000040fc                readVccVoltageFloat()
 .text          0x0000000000004148      0x3c8 Build_mc/medium_collar.o
                0x0000000000004148                generateReleasePkt(char*, float, tm*)
                0x0000000000004234                firstTimeMOtorRoutine()
                0x00000000000042f2                runMotor()
                0x0000000000004334                setReleaseTime()
                0x0000000000004362                checkIfReleaseTime(tm*)
                0x00000000000043e8                releaseHandler(unsigned char)
 .text          0x0000000000004510      0x1ae Build_mc/eeprom_hal.o
                0x0000000000004510                EEPROM_read(unsigned int, unsigned char*)
                0x0000000000004536                EEPROM_write(unsigned int, unsigned char)
                0x000000000000455a                EEPROM_update(unsigned int, unsigned char)
                0x00000000000045c6                EEPROM_update_batch(unsigned int, void*, unsigned int)
                0x0000000000004604                EEPROM_read_batch(unsigned int, void*, unsigned int)
                0x0000000000004650                storeTimeInEEPROM(tm*, unsigned int)
                0x0000000000004686                redTimeFromEEPROM(tm*, unsigned int)
 .text          0x00000000000046be      0x470 Build_mc/ext_mem_eeprom.o
                0x00000000000046be                getNextAddress()
                0x00000000000046ec                incrInCntr()
                0x000000000000472e                incrOutCntr()
                0x000000000000479c                sotreData(char*)
                0x00000000000047ba                generateStorePacket(TinyGPSPlus*, char*)
                0x00000000000048ec                storeDataPointInEEPROM(TinyGPSPlus&)
                0x0000000000004924                dumpEEPROMPkt()
                0x0000000000004992                checkGetNextPkt(char*)
                0x0000000000004ac6                checkEEROMInit()
                0x0000000000004b06                deleteEEROMPkt()
 .text          0x0000000000004b2e      0x1d4 Build_mc/24c64.o
                0x0000000000004b2e                EEOpen()
                0x0000000000004b40                EEWriteByte(unsigned int, unsigned char)
                0x0000000000004bec                EEReadByte(unsigned int)
                0x0000000000004cc4                EEWriteString(unsigned int, char*, unsigned char)
 .text          0x0000000000004d02        0x0 /opt/homebrew/Cellar/avr-gcc@9/9.3.0_3/lib/avr-gcc/9/gcc/avr/9.3.0/avr5/libgcc.a(_mulsi3.o)
 .text          0x0000000000004d02        0x0 /opt/homebrew/Cellar/avr-gcc@9/9.3.0_3/lib/avr-gcc/9/gcc/avr/9.3.0/avr5/libgcc.a(_udivmodqi4.o)
 .text          0x0000000000004d02        0x0 /opt/homebrew/Cellar/avr-gcc@9/9.3.0_3/lib/avr-gcc/9/gcc/avr/9.3.0/avr5/libgcc.a(_udivmodhi4.o)
 .text          0x0000000000004d02        0x0 /opt/homebrew/Cellar/avr-gcc@9/9.3.0_3/lib/avr-gcc/9/gcc/avr/9.3.0/avr5/libgcc.a(_divmodhi4.o)
 .text          0x0000000000004d02        0x0 /opt/homebrew/Cellar/avr-gcc@9/9.3.0_3/lib/avr-gcc/9/gcc/avr/9.3.0/avr5/libgcc.a(_udivmodsi4.o)
 .text          0x0000000000004d02        0x0 /opt/homebrew/Cellar/avr-gcc@9/9.3.0_3/lib/avr-gcc/9/gcc/avr/9.3.0/avr5/libgcc.a(_exit.o)
 .text          0x0000000000004d02        0x0 /opt/homebrew/Cellar/avr-gcc@9/9.3.0_3/lib/avr-gcc/9/gcc/avr/9.3.0/avr5/libgcc.a(_tablejump2.o)
 .text          0x0000000000004d02        0x0 /opt/homebrew/Cellar/avr-gcc@9/9.3.0_3/lib/avr-gcc/9/gcc/avr/9.3.0/avr5/libgcc.a(_copy_data.o)
 .text          0x0000000000004d02        0x0 /opt/homebrew/Cellar/avr-gcc@9/9.3.0_3/lib/avr-gcc/9/gcc/avr/9.3.0/avr5/libgcc.a(_clear_bss.o)
 .text          0x0000000000004d02        0x0 /opt/homebrew/Cellar/avr-gcc@9/9.3.0_3/lib/avr-gcc/9/gcc/avr/9.3.0/avr5/libgcc.a(_ctors.o)
 .text          0x0000000000004d02        0x0 /opt/homebrew/Cellar/avr-gcc@9/9.3.0_3/lib/avr-gcc/9/gcc/avr/9.3.0/avr5/libgcc.a(_muluhisi3.o)
 .text          0x0000000000004d02        0x0 /opt/homebrew/Cellar/avr-gcc@9/9.3.0_3/lib/avr-gcc/9/gcc/avr/9.3.0/avr5/libgcc.a(_mulshisi3.o)
 .text          0x0000000000004d02        0x0 /opt/homebrew/Cellar/avr-gcc@9/9.3.0_3/lib/avr-gcc/9/gcc/avr/9.3.0/avr5/libgcc.a(_divdi3.o)
 .text          0x0000000000004d02        0x0 /opt/homebrew/Cellar/avr-gcc@9/9.3.0_3/lib/avr-gcc/9/gcc/avr/9.3.0/avr5/libgcc.a(_udivdi3.o)
 .text          0x0000000000004d02        0x0 /opt/homebrew/Cellar/avr-gcc@9/9.3.0_3/lib/avr-gcc/9/gcc/avr/9.3.0/avr5/libgcc.a(_udivmod64.o)
 .text          0x0000000000004d02        0x0 /opt/homebrew/Cellar/avr-gcc@9/9.3.0_3/lib/avr-gcc/9/gcc/avr/9.3.0/avr5/libgcc.a(_negdi2.o)
 .text          0x0000000000004d02        0x0 /opt/homebrew/Cellar/avr-gcc@9/9.3.0_3/lib/avr-gcc/9/gcc/avr/9.3.0/avr5/libgcc.a(_prologue.o)
 .text          0x0000000000004d02        0x0 /opt/homebrew/Cellar/avr-gcc@9/9.3.0_3/lib/avr-gcc/9/gcc/avr/9.3.0/avr5/libgcc.a(_epilogue.o)
 .text          0x0000000000004d02        0x0 /opt/homebrew/Cellar/avr-gcc@9/9.3.0_3/lib/avr-gcc/9/gcc/avr/9.3.0/avr5/libgcc.a(_ashldi3.o)
 .text          0x0000000000004d02        0x0 /opt/homebrew/Cellar/avr-gcc@9/9.3.0_3/lib/avr-gcc/9/gcc/avr/9.3.0/avr5/libgcc.a(_ashrdi3.o)
 .text          0x0000000000004d02        0x0 /opt/homebrew/Cellar/avr-gcc@9/9.3.0_3/lib/avr-gcc/9/gcc/avr/9.3.0/avr5/libgcc.a(_umulhisi3.o)
 .text          0x0000000000004d02        0x0 /opt/homebrew/Cellar/avr-gcc@9/9.3.0_3/lib/avr-gcc/9/gcc/avr/9.3.0/../../../../../../avr/lib/avr5/libm.a(addsf3.o)
 .text          0x0000000000004d02        0x0 /opt/homebrew/Cellar/avr-gcc@9/9.3.0_3/lib/avr-gcc/9/gcc/avr/9.3.0/../../../../../../avr/lib/avr5/libm.a(addsf3x.o)
 .text          0x0000000000004d02        0x0 /opt/homebrew/Cellar/avr-gcc@9/9.3.0_3/lib/avr-gcc/9/gcc/avr/9.3.0/../../../../../../avr/lib/avr5/libm.a(divsf3.o)
 .text          0x0000000000004d02        0x0 /opt/homebrew/Cellar/avr-gcc@9/9.3.0_3/lib/avr-gcc/9/gcc/avr/9.3.0/../../../../../../avr/lib/avr5/libm.a(divsf3x.o)
 .text          0x0000000000004d02        0x0 /opt/homebrew/Cellar/avr-gcc@9/9.3.0_3/lib/avr-gcc/9/gcc/avr/9.3.0/../../../../../../avr/lib/avr5/libm.a(fixsfsi.o)
 .text          0x0000000000004d02        0x0 /opt/homebrew/Cellar/avr-gcc@9/9.3.0_3/lib/avr-gcc/9/gcc/avr/9.3.0/../../../../../../avr/lib/avr5/libm.a(fixunssfsi.o)
 .text          0x0000000000004d02        0x0 /opt/homebrew/Cellar/avr-gcc@9/9.3.0_3/lib/avr-gcc/9/gcc/avr/9.3.0/../../../../../../avr/lib/avr5/libm.a(floatsisf.o)
 .text          0x0000000000004d02        0x0 /opt/homebrew/Cellar/avr-gcc@9/9.3.0_3/lib/avr-gcc/9/gcc/avr/9.3.0/../../../../../../avr/lib/avr5/libm.a(fp_inf.o)
 .text          0x0000000000004d02        0x0 /opt/homebrew/Cellar/avr-gcc@9/9.3.0_3/lib/avr-gcc/9/gcc/avr/9.3.0/../../../../../../avr/lib/avr5/libm.a(fp_nan.o)
 .text          0x0000000000004d02        0x0 /opt/homebrew/Cellar/avr-gcc@9/9.3.0_3/lib/avr-gcc/9/gcc/avr/9.3.0/../../../../../../avr/lib/avr5/libm.a(fp_pscA.o)
 .text          0x0000000000004d02        0x0 /opt/homebrew/Cellar/avr-gcc@9/9.3.0_3/lib/avr-gcc/9/gcc/avr/9.3.0/../../../../../../avr/lib/avr5/libm.a(fp_pscB.o)
 .text          0x0000000000004d02        0x0 /opt/homebrew/Cellar/avr-gcc@9/9.3.0_3/lib/avr-gcc/9/gcc/avr/9.3.0/../../../../../../avr/lib/avr5/libm.a(fp_round.o)
 .text          0x0000000000004d02        0x0 /opt/homebrew/Cellar/avr-gcc@9/9.3.0_3/lib/avr-gcc/9/gcc/avr/9.3.0/../../../../../../avr/lib/avr5/libm.a(fp_split3.o)
 .text          0x0000000000004d02        0x0 /opt/homebrew/Cellar/avr-gcc@9/9.3.0_3/lib/avr-gcc/9/gcc/avr/9.3.0/../../../../../../avr/lib/avr5/libm.a(fp_zero.o)
 .text          0x0000000000004d02        0x0 /opt/homebrew/Cellar/avr-gcc@9/9.3.0_3/lib/avr-gcc/9/gcc/avr/9.3.0/../../../../../../avr/lib/avr5/libm.a(mulsf3.o)
 .text          0x0000000000004d02        0x0 /opt/homebrew/Cellar/avr-gcc@9/9.3.0_3/lib/avr-gcc/9/gcc/avr/9.3.0/../../../../../../avr/lib/avr5/libm.a(mulsf3x.o)
 .text          0x0000000000004d02        0x0 /opt/homebrew/Cellar/avr-gcc@9/9.3.0_3/lib/avr-gcc/9/gcc/avr/9.3.0/../../../../../../avr/lib/avr5/libc.a(atol.o)
 .text          0x0000000000004d02        0x0 /opt/homebrew/Cellar/avr-gcc@9/9.3.0_3/lib/avr-gcc/9/gcc/avr/9.3.0/../../../../../../avr/lib/avr5/libc.a(ftoa_engine.o)
 .text          0x0000000000004d02        0x0 /opt/homebrew/Cellar/avr-gcc@9/9.3.0_3/lib/avr-gcc/9/gcc/avr/9.3.0/../../../../../../avr/lib/avr5/libc.a(strnlen_P.o)
 .text          0x0000000000004d02        0x0 /opt/homebrew/Cellar/avr-gcc@9/9.3.0_3/lib/avr-gcc/9/gcc/avr/9.3.0/../../../../../../avr/lib/avr5/libc.a(strcmp.o)
 .text          0x0000000000004d02        0x0 /opt/homebrew/Cellar/avr-gcc@9/9.3.0_3/lib/avr-gcc/9/gcc/avr/9.3.0/../../../../../../avr/lib/avr5/libc.a(strcpy.o)
 .text          0x0000000000004d02        0x0 /opt/homebrew/Cellar/avr-gcc@9/9.3.0_3/lib/avr-gcc/9/gcc/avr/9.3.0/../../../../../../avr/lib/avr5/libc.a(strncpy.o)
 .text          0x0000000000004d02        0x0 /opt/homebrew/Cellar/avr-gcc@9/9.3.0_3/lib/avr-gcc/9/gcc/avr/9.3.0/../../../../../../avr/lib/avr5/libc.a(strnlen.o)
 .text          0x0000000000004d02        0x0 /opt/homebrew/Cellar/avr-gcc@9/9.3.0_3/lib/avr-gcc/9/gcc/avr/9.3.0/../../../../../../avr/lib/avr5/libc.a(mulsi10.o)
 .text          0x0000000000004d02        0x0 /opt/homebrew/Cellar/avr-gcc@9/9.3.0_3/lib/avr-gcc/9/gcc/avr/9.3.0/../../../../../../avr/lib/avr5/libc.a(fdevopen.o)
 .text          0x0000000000004d02        0x0 /opt/homebrew/Cellar/avr-gcc@9/9.3.0_3/lib/avr-gcc/9/gcc/avr/9.3.0/../../../../../../avr/lib/avr5/libc.a(fputc.o)
 .text          0x0000000000004d02        0x0 /opt/homebrew/Cellar/avr-gcc@9/9.3.0_3/lib/avr-gcc/9/gcc/avr/9.3.0/../../../../../../avr/lib/avr5/libc.a(iob.o)
 .text          0x0000000000004d02        0x0 /opt/homebrew/Cellar/avr-gcc@9/9.3.0_3/lib/avr-gcc/9/gcc/avr/9.3.0/../../../../../../avr/lib/avr5/libc.a(printf.o)
 .text          0x0000000000004d02        0x0 /opt/homebrew/Cellar/avr-gcc@9/9.3.0_3/lib/avr-gcc/9/gcc/avr/9.3.0/../../../../../../avr/lib/avr5/libc.a(putchar.o)
 .text          0x0000000000004d02        0x0 /opt/homebrew/Cellar/avr-gcc@9/9.3.0_3/lib/avr-gcc/9/gcc/avr/9.3.0/../../../../../../avr/lib/avr5/libc.a(puts.o)
 .text          0x0000000000004d02        0x0 /opt/homebrew/Cellar/avr-gcc@9/9.3.0_3/lib/avr-gcc/9/gcc/avr/9.3.0/../../../../../../avr/lib/avr5/libc.a(sprintf.o)
 .text          0x0000000000004d02        0x0 /opt/homebrew/Cellar/avr-gcc@9/9.3.0_3/lib/avr-gcc/9/gcc/avr/9.3.0/../../../../../../avr/lib/avr5/libc.a(ultoa_invert.o)
 .text          0x0000000000004d02        0x0 /opt/homebrew/Cellar/avr-gcc@9/9.3.0_3/lib/avr-gcc/9/gcc/avr/9.3.0/../../../../../../avr/lib/avr5/libc.a(calloc.o)
 .text          0x0000000000004d02        0x0 /opt/homebrew/Cellar/avr-gcc@9/9.3.0_3/lib/avr-gcc/9/gcc/avr/9.3.0/../../../../../../avr/lib/avr5/libc.a(malloc.o)
 .text          0x0000000000004d02        0x0 /opt/homebrew/Cellar/avr-gcc@9/9.3.0_3/lib/avr-gcc/9/gcc/avr/9.3.0/../../../../../../avr/lib/avr5/libc.a(memset.o)
                0x0000000000004d02                . = ALIGN (0x2)
 *(.text.*)
 .text.avr-libc
                0x0000000000004d02      0x708 /opt/homebrew/Cellar/avr-gcc@9/9.3.0_3/lib/avr-gcc/9/gcc/avr/9.3.0/../../../../../../avr/lib/avr5/libprintf_flt.a(vfprintf_flt.o)
                0x0000000000004d02                vfprintf
 .text.startup  0x000000000000540a      0x43a Build_mc/main.o
                0x000000000000540a                main
 .text.startup  0x0000000000005844       0x16 Build_mc/mcu_call_functions.o
 .text.libgcc.mul
                0x000000000000585a       0x20 /opt/homebrew/Cellar/avr-gcc@9/9.3.0_3/lib/avr-gcc/9/gcc/avr/9.3.0/avr5/libgcc.a(_mulsi3.o)
                0x000000000000585a                __mulsi3
 .text.libgcc.div
                0x000000000000587a        0x0 /opt/homebrew/Cellar/avr-gcc@9/9.3.0_3/lib/avr-gcc/9/gcc/avr/9.3.0/avr5/libgcc.a(_mulsi3.o)
 .text.libgcc   0x000000000000587a        0x0 /opt/homebrew/Cellar/avr-gcc@9/9.3.0_3/lib/avr-gcc/9/gcc/avr/9.3.0/avr5/libgcc.a(_mulsi3.o)
 .text.libgcc.prologue
                0x000000000000587a        0x0 /opt/homebrew/Cellar/avr-gcc@9/9.3.0_3/lib/avr-gcc/9/gcc/avr/9.3.0/avr5/libgcc.a(_mulsi3.o)
 .text.libgcc.builtins
                0x000000000000587a        0x0 /opt/homebrew/Cellar/avr-gcc@9/9.3.0_3/lib/avr-gcc/9/gcc/avr/9.3.0/avr5/libgcc.a(_mulsi3.o)
 .text.libgcc.fmul
                0x000000000000587a        0x0 /opt/homebrew/Cellar/avr-gcc@9/9.3.0_3/lib/avr-gcc/9/gcc/avr/9.3.0/avr5/libgcc.a(_mulsi3.o)
 .text.libgcc.fixed
                0x000000000000587a        0x0 /opt/homebrew/Cellar/avr-gcc@9/9.3.0_3/lib/avr-gcc/9/gcc/avr/9.3.0/avr5/libgcc.a(_mulsi3.o)
 .text.libgcc.mul
                0x000000000000587a        0x0 /opt/homebrew/Cellar/avr-gcc@9/9.3.0_3/lib/avr-gcc/9/gcc/avr/9.3.0/avr5/libgcc.a(_udivmodqi4.o)
 .text.libgcc.div
                0x000000000000587a       0x18 /opt/homebrew/Cellar/avr-gcc@9/9.3.0_3/lib/avr-gcc/9/gcc/avr/9.3.0/avr5/libgcc.a(_udivmodqi4.o)
                0x000000000000587a                __udivmodqi4
 .text.libgcc   0x0000000000005892        0x0 /opt/homebrew/Cellar/avr-gcc@9/9.3.0_3/lib/avr-gcc/9/gcc/avr/9.3.0/avr5/libgcc.a(_udivmodqi4.o)
 .text.libgcc.prologue
                0x0000000000005892        0x0 /opt/homebrew/Cellar/avr-gcc@9/9.3.0_3/lib/avr-gcc/9/gcc/avr/9.3.0/avr5/libgcc.a(_udivmodqi4.o)
 .text.libgcc.builtins
                0x0000000000005892        0x0 /opt/homebrew/Cellar/avr-gcc@9/9.3.0_3/lib/avr-gcc/9/gcc/avr/9.3.0/avr5/libgcc.a(_udivmodqi4.o)
 .text.libgcc.fmul
                0x0000000000005892        0x0 /opt/homebrew/Cellar/avr-gcc@9/9.3.0_3/lib/avr-gcc/9/gcc/avr/9.3.0/avr5/libgcc.a(_udivmodqi4.o)
 .text.libgcc.fixed
                0x0000000000005892        0x0 /opt/homebrew/Cellar/avr-gcc@9/9.3.0_3/lib/avr-gcc/9/gcc/avr/9.3.0/avr5/libgcc.a(_udivmodqi4.o)
 .text.libgcc.mul
                0x0000000000005892        0x0 /opt/homebrew/Cellar/avr-gcc@9/9.3.0_3/lib/avr-gcc/9/gcc/avr/9.3.0/avr5/libgcc.a(_udivmodhi4.o)
 .text.libgcc.div
                0x0000000000005892       0x28 /opt/homebrew/Cellar/avr-gcc@9/9.3.0_3/lib/avr-gcc/9/gcc/avr/9.3.0/avr5/libgcc.a(_udivmodhi4.o)
                0x0000000000005892                __udivmodhi4
 .text.libgcc   0x00000000000058ba        0x0 /opt/homebrew/Cellar/avr-gcc@9/9.3.0_3/lib/avr-gcc/9/gcc/avr/9.3.0/avr5/libgcc.a(_udivmodhi4.o)
 .text.libgcc.prologue
                0x00000000000058ba        0x0 /opt/homebrew/Cellar/avr-gcc@9/9.3.0_3/lib/avr-gcc/9/gcc/avr/9.3.0/avr5/libgcc.a(_udivmodhi4.o)
 .text.libgcc.builtins
                0x00000000000058ba        0x0 /opt/homebrew/Cellar/avr-gcc@9/9.3.0_3/lib/avr-gcc/9/gcc/avr/9.3.0/avr5/libgcc.a(_udivmodhi4.o)
 .text.libgcc.fmul
                0x00000000000058ba        0x0 /opt/homebrew/Cellar/avr-gcc@9/9.3.0_3/lib/avr-gcc/9/gcc/avr/9.3.0/avr5/libgcc.a(_udivmodhi4.o)
 .text.libgcc.fixed
                0x00000000000058ba        0x0 /opt/homebrew/Cellar/avr-gcc@9/9.3.0_3/lib/avr-gcc/9/gcc/avr/9.3.0/avr5/libgcc.a(_udivmodhi4.o)
 .text.libgcc.mul
                0x00000000000058ba        0x0 /opt/homebrew/Cellar/avr-gcc@9/9.3.0_3/lib/avr-gcc/9/gcc/avr/9.3.0/avr5/libgcc.a(_divmodhi4.o)
 .text.libgcc.div
                0x00000000000058ba       0x28 /opt/homebrew/Cellar/avr-gcc@9/9.3.0_3/lib/avr-gcc/9/gcc/avr/9.3.0/avr5/libgcc.a(_divmodhi4.o)
                0x00000000000058ba                __divmodhi4
                0x00000000000058ba                _div
 .text.libgcc   0x00000000000058e2        0x0 /opt/homebrew/Cellar/avr-gcc@9/9.3.0_3/lib/avr-gcc/9/gcc/avr/9.3.0/avr5/libgcc.a(_divmodhi4.o)
 .text.libgcc.prologue
                0x00000000000058e2        0x0 /opt/homebrew/Cellar/avr-gcc@9/9.3.0_3/lib/avr-gcc/9/gcc/avr/9.3.0/avr5/libgcc.a(_divmodhi4.o)
 .text.libgcc.builtins
                0x00000000000058e2        0x0 /opt/homebrew/Cellar/avr-gcc@9/9.3.0_3/lib/avr-gcc/9/gcc/avr/9.3.0/avr5/libgcc.a(_divmodhi4.o)
 .text.libgcc.fmul
                0x00000000000058e2        0x0 /opt/homebrew/Cellar/avr-gcc@9/9.3.0_3/lib/avr-gcc/9/gcc/avr/9.3.0/avr5/libgcc.a(_divmodhi4.o)
 .text.libgcc.fixed
                0x00000000000058e2        0x0 /opt/homebrew/Cellar/avr-gcc@9/9.3.0_3/lib/avr-gcc/9/gcc/avr/9.3.0/avr5/libgcc.a(_divmodhi4.o)
 .text.libgcc.mul
                0x00000000000058e2        0x0 /opt/homebrew/Cellar/avr-gcc@9/9.3.0_3/lib/avr-gcc/9/gcc/avr/9.3.0/avr5/libgcc.a(_udivmodsi4.o)
 .text.libgcc.div
                0x00000000000058e2       0x44 /opt/homebrew/Cellar/avr-gcc@9/9.3.0_3/lib/avr-gcc/9/gcc/avr/9.3.0/avr5/libgcc.a(_udivmodsi4.o)
                0x00000000000058e2                __udivmodsi4
 .text.libgcc   0x0000000000005926        0x0 /opt/homebrew/Cellar/avr-gcc@9/9.3.0_3/lib/avr-gcc/9/gcc/avr/9.3.0/avr5/libgcc.a(_udivmodsi4.o)
 .text.libgcc.prologue
                0x0000000000005926        0x0 /opt/homebrew/Cellar/avr-gcc@9/9.3.0_3/lib/avr-gcc/9/gcc/avr/9.3.0/avr5/libgcc.a(_udivmodsi4.o)
 .text.libgcc.builtins
                0x0000000000005926        0x0 /opt/homebrew/Cellar/avr-gcc@9/9.3.0_3/lib/avr-gcc/9/gcc/avr/9.3.0/avr5/libgcc.a(_udivmodsi4.o)
 .text.libgcc.fmul
                0x0000000000005926        0x0 /opt/homebrew/Cellar/avr-gcc@9/9.3.0_3/lib/avr-gcc/9/gcc/avr/9.3.0/avr5/libgcc.a(_udivmodsi4.o)
 .text.libgcc.fixed
                0x0000000000005926        0x0 /opt/homebrew/Cellar/avr-gcc@9/9.3.0_3/lib/avr-gcc/9/gcc/avr/9.3.0/avr5/libgcc.a(_udivmodsi4.o)
 .text.libgcc.mul
                0x0000000000005926        0x0 /opt/homebrew/Cellar/avr-gcc@9/9.3.0_3/lib/avr-gcc/9/gcc/avr/9.3.0/avr5/libgcc.a(_exit.o)
 .text.libgcc.div
                0x0000000000005926        0x0 /opt/homebrew/Cellar/avr-gcc@9/9.3.0_3/lib/avr-gcc/9/gcc/avr/9.3.0/avr5/libgcc.a(_exit.o)
 .text.libgcc   0x0000000000005926        0x0 /opt/homebrew/Cellar/avr-gcc@9/9.3.0_3/lib/avr-gcc/9/gcc/avr/9.3.0/avr5/libgcc.a(_exit.o)
 .text.libgcc.prologue
                0x0000000000005926        0x0 /opt/homebrew/Cellar/avr-gcc@9/9.3.0_3/lib/avr-gcc/9/gcc/avr/9.3.0/avr5/libgcc.a(_exit.o)
 .text.libgcc.builtins
                0x0000000000005926        0x0 /opt/homebrew/Cellar/avr-gcc@9/9.3.0_3/lib/avr-gcc/9/gcc/avr/9.3.0/avr5/libgcc.a(_exit.o)
 .text.libgcc.fmul
                0x0000000000005926        0x0 /opt/homebrew/Cellar/avr-gcc@9/9.3.0_3/lib/avr-gcc/9/gcc/avr/9.3.0/avr5/libgcc.a(_exit.o)
 .text.libgcc.fixed
                0x0000000000005926        0x0 /opt/homebrew/Cellar/avr-gcc@9/9.3.0_3/lib/avr-gcc/9/gcc/avr/9.3.0/avr5/libgcc.a(_exit.o)
 .text.libgcc.mul
                0x0000000000005926        0x0 /opt/homebrew/Cellar/avr-gcc@9/9.3.0_3/lib/avr-gcc/9/gcc/avr/9.3.0/avr5/libgcc.a(_tablejump2.o)
 .text.libgcc.div
                0x0000000000005926        0x0 /opt/homebrew/Cellar/avr-gcc@9/9.3.0_3/lib/avr-gcc/9/gcc/avr/9.3.0/avr5/libgcc.a(_tablejump2.o)
 .text.libgcc   0x0000000000005926        0xc /opt/homebrew/Cellar/avr-gcc@9/9.3.0_3/lib/avr-gcc/9/gcc/avr/9.3.0/avr5/libgcc.a(_tablejump2.o)
                0x0000000000005926                __tablejump2__
 .text.libgcc.prologue
                0x0000000000005932        0x0 /opt/homebrew/Cellar/avr-gcc@9/9.3.0_3/lib/avr-gcc/9/gcc/avr/9.3.0/avr5/libgcc.a(_tablejump2.o)
 .text.libgcc.builtins
                0x0000000000005932        0x0 /opt/homebrew/Cellar/avr-gcc@9/9.3.0_3/lib/avr-gcc/9/gcc/avr/9.3.0/avr5/libgcc.a(_tablejump2.o)
 .text.libgcc.fmul
                0x0000000000005932        0x0 /opt/homebrew/Cellar/avr-gcc@9/9.3.0_3/lib/avr-gcc/9/gcc/avr/9.3.0/avr5/libgcc.a(_tablejump2.o)
 .text.libgcc.fixed
                0x0000000000005932        0x0 /opt/homebrew/Cellar/avr-gcc@9/9.3.0_3/lib/avr-gcc/9/gcc/avr/9.3.0/avr5/libgcc.a(_tablejump2.o)
 .text.libgcc.mul
                0x0000000000005932        0x0 /opt/homebrew/Cellar/avr-gcc@9/9.3.0_3/lib/avr-gcc/9/gcc/avr/9.3.0/avr5/libgcc.a(_copy_data.o)
 .text.libgcc.div
                0x0000000000005932        0x0 /opt/homebrew/Cellar/avr-gcc@9/9.3.0_3/lib/avr-gcc/9/gcc/avr/9.3.0/avr5/libgcc.a(_copy_data.o)
 .text.libgcc   0x0000000000005932        0x0 /opt/homebrew/Cellar/avr-gcc@9/9.3.0_3/lib/avr-gcc/9/gcc/avr/9.3.0/avr5/libgcc.a(_copy_data.o)
 .text.libgcc.prologue
                0x0000000000005932        0x0 /opt/homebrew/Cellar/avr-gcc@9/9.3.0_3/lib/avr-gcc/9/gcc/avr/9.3.0/avr5/libgcc.a(_copy_data.o)
 .text.libgcc.builtins
                0x0000000000005932        0x0 /opt/homebrew/Cellar/avr-gcc@9/9.3.0_3/lib/avr-gcc/9/gcc/avr/9.3.0/avr5/libgcc.a(_copy_data.o)
 .text.libgcc.fmul
                0x0000000000005932        0x0 /opt/homebrew/Cellar/avr-gcc@9/9.3.0_3/lib/avr-gcc/9/gcc/avr/9.3.0/avr5/libgcc.a(_copy_data.o)
 .text.libgcc.fixed
                0x0000000000005932        0x0 /opt/homebrew/Cellar/avr-gcc@9/9.3.0_3/lib/avr-gcc/9/gcc/avr/9.3.0/avr5/libgcc.a(_copy_data.o)
 .text.libgcc.mul
                0x0000000000005932        0x0 /opt/homebrew/Cellar/avr-gcc@9/9.3.0_3/lib/avr-gcc/9/gcc/avr/9.3.0/avr5/libgcc.a(_clear_bss.o)
 .text.libgcc.div
                0x0000000000005932        0x0 /opt/homebrew/Cellar/avr-gcc@9/9.3.0_3/lib/avr-gcc/9/gcc/avr/9.3.0/avr5/libgcc.a(_clear_bss.o)
 .text.libgcc   0x0000000000005932        0x0 /opt/homebrew/Cellar/avr-gcc@9/9.3.0_3/lib/avr-gcc/9/gcc/avr/9.3.0/avr5/libgcc.a(_clear_bss.o)
 .text.libgcc.prologue
                0x0000000000005932        0x0 /opt/homebrew/Cellar/avr-gcc@9/9.3.0_3/lib/avr-gcc/9/gcc/avr/9.3.0/avr5/libgcc.a(_clear_bss.o)
 .text.libgcc.builtins
                0x0000000000005932        0x0 /opt/homebrew/Cellar/avr-gcc@9/9.3.0_3/lib/avr-gcc/9/gcc/avr/9.3.0/avr5/libgcc.a(_clear_bss.o)
 .text.libgcc.fmul
                0x0000000000005932        0x0 /opt/homebrew/Cellar/avr-gcc@9/9.3.0_3/lib/avr-gcc/9/gcc/avr/9.3.0/avr5/libgcc.a(_clear_bss.o)
 .text.libgcc.fixed
                0x0000000000005932        0x0 /opt/homebrew/Cellar/avr-gcc@9/9.3.0_3/lib/avr-gcc/9/gcc/avr/9.3.0/avr5/libgcc.a(_clear_bss.o)
 .text.libgcc.mul
                0x0000000000005932        0x0 /opt/homebrew/Cellar/avr-gcc@9/9.3.0_3/lib/avr-gcc/9/gcc/avr/9.3.0/avr5/libgcc.a(_ctors.o)
 .text.libgcc.div
                0x0000000000005932        0x0 /opt/homebrew/Cellar/avr-gcc@9/9.3.0_3/lib/avr-gcc/9/gcc/avr/9.3.0/avr5/libgcc.a(_ctors.o)
 .text.libgcc   0x0000000000005932        0x0 /opt/homebrew/Cellar/avr-gcc@9/9.3.0_3/lib/avr-gcc/9/gcc/avr/9.3.0/avr5/libgcc.a(_ctors.o)
 .text.libgcc.prologue
                0x0000000000005932        0x0 /opt/homebrew/Cellar/avr-gcc@9/9.3.0_3/lib/avr-gcc/9/gcc/avr/9.3.0/avr5/libgcc.a(_ctors.o)
 .text.libgcc.builtins
                0x0000000000005932        0x0 /opt/homebrew/Cellar/avr-gcc@9/9.3.0_3/lib/avr-gcc/9/gcc/avr/9.3.0/avr5/libgcc.a(_ctors.o)
 .text.libgcc.fmul
                0x0000000000005932        0x0 /opt/homebrew/Cellar/avr-gcc@9/9.3.0_3/lib/avr-gcc/9/gcc/avr/9.3.0/avr5/libgcc.a(_ctors.o)
 .text.libgcc.fixed
                0x0000000000005932        0x0 /opt/homebrew/Cellar/avr-gcc@9/9.3.0_3/lib/avr-gcc/9/gcc/avr/9.3.0/avr5/libgcc.a(_ctors.o)
 .text.libgcc.mul
                0x0000000000005932       0x16 /opt/homebrew/Cellar/avr-gcc@9/9.3.0_3/lib/avr-gcc/9/gcc/avr/9.3.0/avr5/libgcc.a(_muluhisi3.o)
                0x0000000000005932                __muluhisi3
 .text.libgcc.div
                0x0000000000005948        0x0 /opt/homebrew/Cellar/avr-gcc@9/9.3.0_3/lib/avr-gcc/9/gcc/avr/9.3.0/avr5/libgcc.a(_muluhisi3.o)
 .text.libgcc   0x0000000000005948        0x0 /opt/homebrew/Cellar/avr-gcc@9/9.3.0_3/lib/avr-gcc/9/gcc/avr/9.3.0/avr5/libgcc.a(_muluhisi3.o)
 .text.libgcc.prologue
                0x0000000000005948        0x0 /opt/homebrew/Cellar/avr-gcc@9/9.3.0_3/lib/avr-gcc/9/gcc/avr/9.3.0/avr5/libgcc.a(_muluhisi3.o)
 .text.libgcc.builtins
                0x0000000000005948        0x0 /opt/homebrew/Cellar/avr-gcc@9/9.3.0_3/lib/avr-gcc/9/gcc/avr/9.3.0/avr5/libgcc.a(_muluhisi3.o)
 .text.libgcc.fmul
                0x0000000000005948        0x0 /opt/homebrew/Cellar/avr-gcc@9/9.3.0_3/lib/avr-gcc/9/gcc/avr/9.3.0/avr5/libgcc.a(_muluhisi3.o)
 .text.libgcc.fixed
                0x0000000000005948        0x0 /opt/homebrew/Cellar/avr-gcc@9/9.3.0_3/lib/avr-gcc/9/gcc/avr/9.3.0/avr5/libgcc.a(_muluhisi3.o)
 .text.libgcc.mul
                0x0000000000005948       0x10 /opt/homebrew/Cellar/avr-gcc@9/9.3.0_3/lib/avr-gcc/9/gcc/avr/9.3.0/avr5/libgcc.a(_mulshisi3.o)
                0x0000000000005948                __mulshisi3
                0x000000000000594e                __mulohisi3
 .text.libgcc.div
                0x0000000000005958        0x0 /opt/homebrew/Cellar/avr-gcc@9/9.3.0_3/lib/avr-gcc/9/gcc/avr/9.3.0/avr5/libgcc.a(_mulshisi3.o)
 .text.libgcc   0x0000000000005958        0x0 /opt/homebrew/Cellar/avr-gcc@9/9.3.0_3/lib/avr-gcc/9/gcc/avr/9.3.0/avr5/libgcc.a(_mulshisi3.o)
 .text.libgcc.prologue
                0x0000000000005958        0x0 /opt/homebrew/Cellar/avr-gcc@9/9.3.0_3/lib/avr-gcc/9/gcc/avr/9.3.0/avr5/libgcc.a(_mulshisi3.o)
 .text.libgcc.builtins
                0x0000000000005958        0x0 /opt/homebrew/Cellar/avr-gcc@9/9.3.0_3/lib/avr-gcc/9/gcc/avr/9.3.0/avr5/libgcc.a(_mulshisi3.o)
 .text.libgcc.fmul
                0x0000000000005958        0x0 /opt/homebrew/Cellar/avr-gcc@9/9.3.0_3/lib/avr-gcc/9/gcc/avr/9.3.0/avr5/libgcc.a(_mulshisi3.o)
 .text.libgcc.fixed
                0x0000000000005958        0x0 /opt/homebrew/Cellar/avr-gcc@9/9.3.0_3/lib/avr-gcc/9/gcc/avr/9.3.0/avr5/libgcc.a(_mulshisi3.o)
 .text.libgcc.mul
                0x0000000000005958        0x0 /opt/homebrew/Cellar/avr-gcc@9/9.3.0_3/lib/avr-gcc/9/gcc/avr/9.3.0/avr5/libgcc.a(_divdi3.o)
 .text.libgcc.div
                0x0000000000005958       0x62 /opt/homebrew/Cellar/avr-gcc@9/9.3.0_3/lib/avr-gcc/9/gcc/avr/9.3.0/avr5/libgcc.a(_divdi3.o)
                0x0000000000005958                __moddi3
                0x000000000000595c                __divdi3
                0x000000000000595e                __divdi3_moddi3
 .text.libgcc   0x00000000000059ba        0x0 /opt/homebrew/Cellar/avr-gcc@9/9.3.0_3/lib/avr-gcc/9/gcc/avr/9.3.0/avr5/libgcc.a(_divdi3.o)
 .text.libgcc.prologue
                0x00000000000059ba        0x0 /opt/homebrew/Cellar/avr-gcc@9/9.3.0_3/lib/avr-gcc/9/gcc/avr/9.3.0/avr5/libgcc.a(_divdi3.o)
 .text.libgcc.builtins
                0x00000000000059ba        0x0 /opt/homebrew/Cellar/avr-gcc@9/9.3.0_3/lib/avr-gcc/9/gcc/avr/9.3.0/avr5/libgcc.a(_divdi3.o)
 .text.libgcc.fmul
                0x00000000000059ba        0x0 /opt/homebrew/Cellar/avr-gcc@9/9.3.0_3/lib/avr-gcc/9/gcc/avr/9.3.0/avr5/libgcc.a(_divdi3.o)
 .text.libgcc.fixed
                0x00000000000059ba        0x0 /opt/homebrew/Cellar/avr-gcc@9/9.3.0_3/lib/avr-gcc/9/gcc/avr/9.3.0/avr5/libgcc.a(_divdi3.o)
 .text.libgcc.mul
                0x00000000000059ba        0x0 /opt/homebrew/Cellar/avr-gcc@9/9.3.0_3/lib/avr-gcc/9/gcc/avr/9.3.0/avr5/libgcc.a(_udivdi3.o)
 .text.libgcc.div
                0x00000000000059ba       0x1c /opt/homebrew/Cellar/avr-gcc@9/9.3.0_3/lib/avr-gcc/9/gcc/avr/9.3.0/avr5/libgcc.a(_udivdi3.o)
                0x00000000000059ba                __umoddi3
                0x00000000000059be                __udivdi3
                0x00000000000059c0                __udivdi3_umoddi3
 .text.libgcc   0x00000000000059d6        0x0 /opt/homebrew/Cellar/avr-gcc@9/9.3.0_3/lib/avr-gcc/9/gcc/avr/9.3.0/avr5/libgcc.a(_udivdi3.o)
 .text.libgcc.prologue
                0x00000000000059d6        0x0 /opt/homebrew/Cellar/avr-gcc@9/9.3.0_3/lib/avr-gcc/9/gcc/avr/9.3.0/avr5/libgcc.a(_udivdi3.o)
 .text.libgcc.builtins
                0x00000000000059d6        0x0 /opt/homebrew/Cellar/avr-gcc@9/9.3.0_3/lib/avr-gcc/9/gcc/avr/9.3.0/avr5/libgcc.a(_udivdi3.o)
 .text.libgcc.fmul
                0x00000000000059d6        0x0 /opt/homebrew/Cellar/avr-gcc@9/9.3.0_3/lib/avr-gcc/9/gcc/avr/9.3.0/avr5/libgcc.a(_udivdi3.o)
 .text.libgcc.fixed
                0x00000000000059d6        0x0 /opt/homebrew/Cellar/avr-gcc@9/9.3.0_3/lib/avr-gcc/9/gcc/avr/9.3.0/avr5/libgcc.a(_udivdi3.o)
 .text.libgcc.mul
                0x00000000000059d6        0x0 /opt/homebrew/Cellar/avr-gcc@9/9.3.0_3/lib/avr-gcc/9/gcc/avr/9.3.0/avr5/libgcc.a(_udivmod64.o)
 .text.libgcc.div
                0x00000000000059d6       0xa2 /opt/homebrew/Cellar/avr-gcc@9/9.3.0_3/lib/avr-gcc/9/gcc/avr/9.3.0/avr5/libgcc.a(_udivmod64.o)
                0x00000000000059d6                __udivmod64
 .text.libgcc   0x0000000000005a78        0x0 /opt/homebrew/Cellar/avr-gcc@9/9.3.0_3/lib/avr-gcc/9/gcc/avr/9.3.0/avr5/libgcc.a(_udivmod64.o)
 .text.libgcc.prologue
                0x0000000000005a78        0x0 /opt/homebrew/Cellar/avr-gcc@9/9.3.0_3/lib/avr-gcc/9/gcc/avr/9.3.0/avr5/libgcc.a(_udivmod64.o)
 .text.libgcc.builtins
                0x0000000000005a78        0x0 /opt/homebrew/Cellar/avr-gcc@9/9.3.0_3/lib/avr-gcc/9/gcc/avr/9.3.0/avr5/libgcc.a(_udivmod64.o)
 .text.libgcc.fmul
                0x0000000000005a78        0x0 /opt/homebrew/Cellar/avr-gcc@9/9.3.0_3/lib/avr-gcc/9/gcc/avr/9.3.0/avr5/libgcc.a(_udivmod64.o)
 .text.libgcc.fixed
                0x0000000000005a78        0x0 /opt/homebrew/Cellar/avr-gcc@9/9.3.0_3/lib/avr-gcc/9/gcc/avr/9.3.0/avr5/libgcc.a(_udivmod64.o)
 .text.libgcc.mul
                0x0000000000005a78        0x0 /opt/homebrew/Cellar/avr-gcc@9/9.3.0_3/lib/avr-gcc/9/gcc/avr/9.3.0/avr5/libgcc.a(_negdi2.o)
 .text.libgcc.div
                0x0000000000005a78        0x0 /opt/homebrew/Cellar/avr-gcc@9/9.3.0_3/lib/avr-gcc/9/gcc/avr/9.3.0/avr5/libgcc.a(_negdi2.o)
 .text.libgcc   0x0000000000005a78       0x20 /opt/homebrew/Cellar/avr-gcc@9/9.3.0_3/lib/avr-gcc/9/gcc/avr/9.3.0/avr5/libgcc.a(_negdi2.o)
                0x0000000000005a78                __negdi2
 .text.libgcc.prologue
                0x0000000000005a98        0x0 /opt/homebrew/Cellar/avr-gcc@9/9.3.0_3/lib/avr-gcc/9/gcc/avr/9.3.0/avr5/libgcc.a(_negdi2.o)
 .text.libgcc.builtins
                0x0000000000005a98        0x0 /opt/homebrew/Cellar/avr-gcc@9/9.3.0_3/lib/avr-gcc/9/gcc/avr/9.3.0/avr5/libgcc.a(_negdi2.o)
 .text.libgcc.fmul
                0x0000000000005a98        0x0 /opt/homebrew/Cellar/avr-gcc@9/9.3.0_3/lib/avr-gcc/9/gcc/avr/9.3.0/avr5/libgcc.a(_negdi2.o)
 .text.libgcc.fixed
                0x0000000000005a98        0x0 /opt/homebrew/Cellar/avr-gcc@9/9.3.0_3/lib/avr-gcc/9/gcc/avr/9.3.0/avr5/libgcc.a(_negdi2.o)
 .text.libgcc.mul
                0x0000000000005a98        0x0 /opt/homebrew/Cellar/avr-gcc@9/9.3.0_3/lib/avr-gcc/9/gcc/avr/9.3.0/avr5/libgcc.a(_prologue.o)
 .text.libgcc.div
                0x0000000000005a98        0x0 /opt/homebrew/Cellar/avr-gcc@9/9.3.0_3/lib/avr-gcc/9/gcc/avr/9.3.0/avr5/libgcc.a(_prologue.o)
 .text.libgcc   0x0000000000005a98        0x0 /opt/homebrew/Cellar/avr-gcc@9/9.3.0_3/lib/avr-gcc/9/gcc/avr/9.3.0/avr5/libgcc.a(_prologue.o)
 .text.libgcc.prologue
                0x0000000000005a98       0x38 /opt/homebrew/Cellar/avr-gcc@9/9.3.0_3/lib/avr-gcc/9/gcc/avr/9.3.0/avr5/libgcc.a(_prologue.o)
                0x0000000000005a98                __prologue_saves__
 .text.libgcc.builtins
                0x0000000000005ad0        0x0 /opt/homebrew/Cellar/avr-gcc@9/9.3.0_3/lib/avr-gcc/9/gcc/avr/9.3.0/avr5/libgcc.a(_prologue.o)
 .text.libgcc.fmul
                0x0000000000005ad0        0x0 /opt/homebrew/Cellar/avr-gcc@9/9.3.0_3/lib/avr-gcc/9/gcc/avr/9.3.0/avr5/libgcc.a(_prologue.o)
 .text.libgcc.fixed
                0x0000000000005ad0        0x0 /opt/homebrew/Cellar/avr-gcc@9/9.3.0_3/lib/avr-gcc/9/gcc/avr/9.3.0/avr5/libgcc.a(_prologue.o)
 .text.libgcc.mul
                0x0000000000005ad0        0x0 /opt/homebrew/Cellar/avr-gcc@9/9.3.0_3/lib/avr-gcc/9/gcc/avr/9.3.0/avr5/libgcc.a(_epilogue.o)
 .text.libgcc.div
                0x0000000000005ad0        0x0 /opt/homebrew/Cellar/avr-gcc@9/9.3.0_3/lib/avr-gcc/9/gcc/avr/9.3.0/avr5/libgcc.a(_epilogue.o)
 .text.libgcc   0x0000000000005ad0        0x0 /opt/homebrew/Cellar/avr-gcc@9/9.3.0_3/lib/avr-gcc/9/gcc/avr/9.3.0/avr5/libgcc.a(_epilogue.o)
 .text.libgcc.prologue
                0x0000000000005ad0       0x36 /opt/homebrew/Cellar/avr-gcc@9/9.3.0_3/lib/avr-gcc/9/gcc/avr/9.3.0/avr5/libgcc.a(_epilogue.o)
                0x0000000000005ad0                __epilogue_restores__
 .text.libgcc.builtins
                0x0000000000005b06        0x0 /opt/homebrew/Cellar/avr-gcc@9/9.3.0_3/lib/avr-gcc/9/gcc/avr/9.3.0/avr5/libgcc.a(_epilogue.o)
 .text.libgcc.fmul
                0x0000000000005b06        0x0 /opt/homebrew/Cellar/avr-gcc@9/9.3.0_3/lib/avr-gcc/9/gcc/avr/9.3.0/avr5/libgcc.a(_epilogue.o)
 .text.libgcc.fixed
                0x0000000000005b06        0x0 /opt/homebrew/Cellar/avr-gcc@9/9.3.0_3/lib/avr-gcc/9/gcc/avr/9.3.0/avr5/libgcc.a(_epilogue.o)
 .text.libgcc.mul
                0x0000000000005b06        0x0 /opt/homebrew/Cellar/avr-gcc@9/9.3.0_3/lib/avr-gcc/9/gcc/avr/9.3.0/avr5/libgcc.a(_ashldi3.o)
 .text.libgcc.div
                0x0000000000005b06        0x0 /opt/homebrew/Cellar/avr-gcc@9/9.3.0_3/lib/avr-gcc/9/gcc/avr/9.3.0/avr5/libgcc.a(_ashldi3.o)
 .text.libgcc   0x0000000000005b06        0x0 /opt/homebrew/Cellar/avr-gcc@9/9.3.0_3/lib/avr-gcc/9/gcc/avr/9.3.0/avr5/libgcc.a(_ashldi3.o)
 .text.libgcc.prologue
                0x0000000000005b06        0x0 /opt/homebrew/Cellar/avr-gcc@9/9.3.0_3/lib/avr-gcc/9/gcc/avr/9.3.0/avr5/libgcc.a(_ashldi3.o)
 .text.libgcc.builtins
                0x0000000000005b06       0x32 /opt/homebrew/Cellar/avr-gcc@9/9.3.0_3/lib/avr-gcc/9/gcc/avr/9.3.0/avr5/libgcc.a(_ashldi3.o)
                0x0000000000005b06                __ashldi3
 .text.libgcc.fmul
                0x0000000000005b38        0x0 /opt/homebrew/Cellar/avr-gcc@9/9.3.0_3/lib/avr-gcc/9/gcc/avr/9.3.0/avr5/libgcc.a(_ashldi3.o)
 .text.libgcc.fixed
                0x0000000000005b38        0x0 /opt/homebrew/Cellar/avr-gcc@9/9.3.0_3/lib/avr-gcc/9/gcc/avr/9.3.0/avr5/libgcc.a(_ashldi3.o)
 .text.libgcc.mul
                0x0000000000005b38        0x0 /opt/homebrew/Cellar/avr-gcc@9/9.3.0_3/lib/avr-gcc/9/gcc/avr/9.3.0/avr5/libgcc.a(_ashrdi3.o)
 .text.libgcc.div
                0x0000000000005b38        0x0 /opt/homebrew/Cellar/avr-gcc@9/9.3.0_3/lib/avr-gcc/9/gcc/avr/9.3.0/avr5/libgcc.a(_ashrdi3.o)
 .text.libgcc   0x0000000000005b38        0x0 /opt/homebrew/Cellar/avr-gcc@9/9.3.0_3/lib/avr-gcc/9/gcc/avr/9.3.0/avr5/libgcc.a(_ashrdi3.o)
 .text.libgcc.prologue
                0x0000000000005b38        0x0 /opt/homebrew/Cellar/avr-gcc@9/9.3.0_3/lib/avr-gcc/9/gcc/avr/9.3.0/avr5/libgcc.a(_ashrdi3.o)
 .text.libgcc.builtins
                0x0000000000005b38       0x3a /opt/homebrew/Cellar/avr-gcc@9/9.3.0_3/lib/avr-gcc/9/gcc/avr/9.3.0/avr5/libgcc.a(_ashrdi3.o)
                0x0000000000005b38                __ashrdi3
                0x0000000000005b3c                __lshrdi3
 .text.libgcc.fmul
                0x0000000000005b72        0x0 /opt/homebrew/Cellar/avr-gcc@9/9.3.0_3/lib/avr-gcc/9/gcc/avr/9.3.0/avr5/libgcc.a(_ashrdi3.o)
 .text.libgcc.fixed
                0x0000000000005b72        0x0 /opt/homebrew/Cellar/avr-gcc@9/9.3.0_3/lib/avr-gcc/9/gcc/avr/9.3.0/avr5/libgcc.a(_ashrdi3.o)
 .text.libgcc.mul
                0x0000000000005b72       0x1e /opt/homebrew/Cellar/avr-gcc@9/9.3.0_3/lib/avr-gcc/9/gcc/avr/9.3.0/avr5/libgcc.a(_umulhisi3.o)
                0x0000000000005b72                __umulhisi3
 .text.libgcc.div
                0x0000000000005b90        0x0 /opt/homebrew/Cellar/avr-gcc@9/9.3.0_3/lib/avr-gcc/9/gcc/avr/9.3.0/avr5/libgcc.a(_umulhisi3.o)
 .text.libgcc   0x0000000000005b90        0x0 /opt/homebrew/Cellar/avr-gcc@9/9.3.0_3/lib/avr-gcc/9/gcc/avr/9.3.0/avr5/libgcc.a(_umulhisi3.o)
 .text.libgcc.prologue
                0x0000000000005b90        0x0 /opt/homebrew/Cellar/avr-gcc@9/9.3.0_3/lib/avr-gcc/9/gcc/avr/9.3.0/avr5/libgcc.a(_umulhisi3.o)
 .text.libgcc.builtins
                0x0000000000005b90        0x0 /opt/homebrew/Cellar/avr-gcc@9/9.3.0_3/lib/avr-gcc/9/gcc/avr/9.3.0/avr5/libgcc.a(_umulhisi3.o)
 .text.libgcc.fmul
                0x0000000000005b90        0x0 /opt/homebrew/Cellar/avr-gcc@9/9.3.0_3/lib/avr-gcc/9/gcc/avr/9.3.0/avr5/libgcc.a(_umulhisi3.o)
 .text.libgcc.fixed
                0x0000000000005b90        0x0 /opt/homebrew/Cellar/avr-gcc@9/9.3.0_3/lib/avr-gcc/9/gcc/avr/9.3.0/avr5/libgcc.a(_umulhisi3.o)
 .text.avr-libc.fplib
                0x0000000000005b90        0xe /opt/homebrew/Cellar/avr-gcc@9/9.3.0_3/lib/avr-gcc/9/gcc/avr/9.3.0/../../../../../../avr/lib/avr5/libm.a(addsf3.o)
                0x0000000000005b90                __subsf3
                0x0000000000005b92                __addsf3
 .text.avr-libc.fplib
                0x0000000000005b9e       0xcc /opt/homebrew/Cellar/avr-gcc@9/9.3.0_3/lib/avr-gcc/9/gcc/avr/9.3.0/../../../../../../avr/lib/avr5/libm.a(addsf3x.o)
                0x0000000000005bc0                __addsf3x
 .text.avr-libc.fplib
                0x0000000000005c6a        0x8 /opt/homebrew/Cellar/avr-gcc@9/9.3.0_3/lib/avr-gcc/9/gcc/avr/9.3.0/../../../../../../avr/lib/avr5/libm.a(divsf3.o)
                0x0000000000005c6a                __divsf3
 .text.avr-libc.fplib
                0x0000000000005c72       0xdc /opt/homebrew/Cellar/avr-gcc@9/9.3.0_3/lib/avr-gcc/9/gcc/avr/9.3.0/../../../../../../avr/lib/avr5/libm.a(divsf3x.o)
                0x0000000000005c92                __divsf3x
                0x0000000000005c98                __divsf3_pse
 .text.avr-libc.fplib
                0x0000000000005d4e        0xe /opt/homebrew/Cellar/avr-gcc@9/9.3.0_3/lib/avr-gcc/9/gcc/avr/9.3.0/../../../../../../avr/lib/avr5/libm.a(fixsfsi.o)
                0x0000000000005d4e                __fixsfsi
 .text.avr-libc.fplib
                0x0000000000005d5c       0x5e /opt/homebrew/Cellar/avr-gcc@9/9.3.0_3/lib/avr-gcc/9/gcc/avr/9.3.0/../../../../../../avr/lib/avr5/libm.a(fixunssfsi.o)
                0x0000000000005d5c                __fixunssfsi
 .text.avr-libc.fplib
                0x0000000000005dba       0x7a /opt/homebrew/Cellar/avr-gcc@9/9.3.0_3/lib/avr-gcc/9/gcc/avr/9.3.0/../../../../../../avr/lib/avr5/libm.a(floatsisf.o)
                0x0000000000005dba                __floatunsisf
                0x0000000000005dbe                __floatsisf
 .text.avr-libc.fplib
                0x0000000000005e34        0xc /opt/homebrew/Cellar/avr-gcc@9/9.3.0_3/lib/avr-gcc/9/gcc/avr/9.3.0/../../../../../../avr/lib/avr5/libm.a(fp_inf.o)
                0x0000000000005e34                __fp_inf
 .text.avr-libc.fplib
                0x0000000000005e40        0x6 /opt/homebrew/Cellar/avr-gcc@9/9.3.0_3/lib/avr-gcc/9/gcc/avr/9.3.0/../../../../../../avr/lib/avr5/libm.a(fp_nan.o)
                0x0000000000005e40                __fp_nan
 .text.avr-libc.fplib
                0x0000000000005e46        0xe /opt/homebrew/Cellar/avr-gcc@9/9.3.0_3/lib/avr-gcc/9/gcc/avr/9.3.0/../../../../../../avr/lib/avr5/libm.a(fp_pscA.o)
                0x0000000000005e46                __fp_pscA
 .text.avr-libc.fplib
                0x0000000000005e54        0xe /opt/homebrew/Cellar/avr-gcc@9/9.3.0_3/lib/avr-gcc/9/gcc/avr/9.3.0/../../../../../../avr/lib/avr5/libm.a(fp_pscB.o)
                0x0000000000005e54                __fp_pscB
 .text.avr-libc.fplib
                0x0000000000005e62       0x22 /opt/homebrew/Cellar/avr-gcc@9/9.3.0_3/lib/avr-gcc/9/gcc/avr/9.3.0/../../../../../../avr/lib/avr5/libm.a(fp_round.o)
                0x0000000000005e62                __fp_round
 .text.avr-libc.fplib
                0x0000000000005e84       0x44 /opt/homebrew/Cellar/avr-gcc@9/9.3.0_3/lib/avr-gcc/9/gcc/avr/9.3.0/../../../../../../avr/lib/avr5/libm.a(fp_split3.o)
                0x0000000000005e84                __fp_split3
                0x0000000000005e94                __fp_splitA
 .text.avr-libc.fplib
                0x0000000000005ec8        0xe /opt/homebrew/Cellar/avr-gcc@9/9.3.0_3/lib/avr-gcc/9/gcc/avr/9.3.0/../../../../../../avr/lib/avr5/libm.a(fp_zero.o)
                0x0000000000005ec8                __fp_zero
                0x0000000000005eca                __fp_szero
 .text.avr-libc.fplib
                0x0000000000005ed6        0x8 /opt/homebrew/Cellar/avr-gcc@9/9.3.0_3/lib/avr-gcc/9/gcc/avr/9.3.0/../../../../../../avr/lib/avr5/libm.a(mulsf3.o)
                0x0000000000005ed6                __mulsf3
 .text.avr-libc.fplib
                0x0000000000005ede       0xd2 /opt/homebrew/Cellar/avr-gcc@9/9.3.0_3/lib/avr-gcc/9/gcc/avr/9.3.0/../../../../../../avr/lib/avr5/libm.a(mulsf3x.o)
                0x0000000000005efc                __mulsf3x
                0x0000000000005f02                __mulsf3_pse
 .text.avr-libc
                0x0000000000005fb0       0x4e /opt/homebrew/Cellar/avr-gcc@9/9.3.0_3/lib/avr-gcc/9/gcc/avr/9.3.0/../../../../../../avr/lib/avr5/libc.a(atol.o)
                0x0000000000005fb0                atol
 .text.avr-libc
                0x0000000000005ffe      0x1b0 /opt/homebrew/Cellar/avr-gcc@9/9.3.0_3/lib/avr-gcc/9/gcc/avr/9.3.0/../../../../../../avr/lib/avr5/libc.a(ftoa_engine.o)
                0x0000000000005ffe                __ftoa_engine
 .text.avr-libc
                0x00000000000061ae       0x16 /opt/homebrew/Cellar/avr-gcc@9/9.3.0_3/lib/avr-gcc/9/gcc/avr/9.3.0/../../../../../../avr/lib/avr5/libc.a(strnlen_P.o)
                0x00000000000061ae                strnlen_P
 .text.avr-libc
                0x00000000000061c4       0x12 /opt/homebrew/Cellar/avr-gcc@9/9.3.0_3/lib/avr-gcc/9/gcc/avr/9.3.0/../../../../../../avr/lib/avr5/libc.a(strcmp.o)
                0x00000000000061c4                strcmp
 .text.avr-libc
                0x00000000000061d6        0xe /opt/homebrew/Cellar/avr-gcc@9/9.3.0_3/lib/avr-gcc/9/gcc/avr/9.3.0/../../../../../../avr/lib/avr5/libc.a(strcpy.o)
                0x00000000000061d6                strcpy
 .text.avr-libc
                0x00000000000061e4       0x1e /opt/homebrew/Cellar/avr-gcc@9/9.3.0_3/lib/avr-gcc/9/gcc/avr/9.3.0/../../../../../../avr/lib/avr5/libc.a(strncpy.o)
                0x00000000000061e4                strncpy
 .text.avr-libc
                0x0000000000006202       0x16 /opt/homebrew/Cellar/avr-gcc@9/9.3.0_3/lib/avr-gcc/9/gcc/avr/9.3.0/../../../../../../avr/lib/avr5/libc.a(strnlen.o)
                0x0000000000006202                strnlen
 .text.avr-libc
                0x0000000000006218       0x2a /opt/homebrew/Cellar/avr-gcc@9/9.3.0_3/lib/avr-gcc/9/gcc/avr/9.3.0/../../../../../../avr/lib/avr5/libc.a(mulsi10.o)
                0x0000000000006218                __mulsi_const_10
 .text.avr-libc
                0x0000000000006242       0x94 /opt/homebrew/Cellar/avr-gcc@9/9.3.0_3/lib/avr-gcc/9/gcc/avr/9.3.0/../../../../../../avr/lib/avr5/libc.a(fdevopen.o)
                0x0000000000006242                fdevopen
 .text.avr-libc
                0x00000000000062d6       0x60 /opt/homebrew/Cellar/avr-gcc@9/9.3.0_3/lib/avr-gcc/9/gcc/avr/9.3.0/../../../../../../avr/lib/avr5/libc.a(fputc.o)
                0x00000000000062d6                fputc
 .text.avr-libc
                0x0000000000006336       0x28 /opt/homebrew/Cellar/avr-gcc@9/9.3.0_3/lib/avr-gcc/9/gcc/avr/9.3.0/../../../../../../avr/lib/avr5/libc.a(printf.o)
                0x0000000000006336                printf
 .text.avr-libc
                0x000000000000635e        0xe /opt/homebrew/Cellar/avr-gcc@9/9.3.0_3/lib/avr-gcc/9/gcc/avr/9.3.0/../../../../../../avr/lib/avr5/libc.a(putchar.o)
                0x000000000000635e                putchar
 .text.avr-libc
                0x000000000000636c       0x58 /opt/homebrew/Cellar/avr-gcc@9/9.3.0_3/lib/avr-gcc/9/gcc/avr/9.3.0/../../../../../../avr/lib/avr5/libc.a(puts.o)
                0x000000000000636c                puts
 .text.avr-libc
                0x00000000000063c4       0x46 /opt/homebrew/Cellar/avr-gcc@9/9.3.0_3/lib/avr-gcc/9/gcc/avr/9.3.0/../../../../../../avr/lib/avr5/libc.a(sprintf.o)
                0x00000000000063c4                sprintf
 .text.avr-libc
                0x000000000000640a       0xbc /opt/homebrew/Cellar/avr-gcc@9/9.3.0_3/lib/avr-gcc/9/gcc/avr/9.3.0/../../../../../../avr/lib/avr5/libc.a(ultoa_invert.o)
                0x000000000000640a                __ultoa_invert
 .text.avr-libc
                0x00000000000064c6       0x38 /opt/homebrew/Cellar/avr-gcc@9/9.3.0_3/lib/avr-gcc/9/gcc/avr/9.3.0/../../../../../../avr/lib/avr5/libc.a(calloc.o)
                0x00000000000064c6                calloc
 .text.avr-libc
                0x00000000000064fe      0x250 /opt/homebrew/Cellar/avr-gcc@9/9.3.0_3/lib/avr-gcc/9/gcc/avr/9.3.0/../../../../../../avr/lib/avr5/libc.a(malloc.o)
                0x00000000000064fe                malloc
                0x000000000000662a                free
 .text.avr-libc
                0x000000000000674e        0xe /opt/homebrew/Cellar/avr-gcc@9/9.3.0_3/lib/avr-gcc/9/gcc/avr/9.3.0/../../../../../../avr/lib/avr5/libc.a(memset.o)
                0x000000000000674e                memset
                0x000000000000675c                . = ALIGN (0x2)
 *(.fini9)
 .fini9         0x000000000000675c        0x0 /opt/homebrew/Cellar/avr-gcc@9/9.3.0_3/lib/avr-gcc/9/gcc/avr/9.3.0/avr5/libgcc.a(_exit.o)
                0x000000000000675c                exit
                0x000000000000675c                _exit
 *(.fini9)
 *(.fini8)
 *(.fini8)
 *(.fini7)
 *(.fini7)
 *(.fini6)
 *(.fini6)
 *(.fini5)
 *(.fini5)
 *(.fini4)
 *(.fini4)
 *(.fini3)
 *(.fini3)
 *(.fini2)
 *(.fini2)
 *(.fini1)
 *(.fini1)
 *(.fini0)
 .fini0         0x000000000000675c        0x4 /opt/homebrew/Cellar/avr-gcc@9/9.3.0_3/lib/avr-gcc/9/gcc/avr/9.3.0/avr5/libgcc.a(_exit.o)
 *(.fini0)
 *(.hightext)
 *(.hightext*)
 *(.progmemx.*)
                0x0000000000006760                . = ALIGN (0x2)
 *(.jumptables)
 *(.jumptables*)
 .jumptables.gcc._ZN11TinyGPSPlus16endOfTermHandlerEv
                0x0000000000006760       0x52 Build_mc/TinyGPS++.o
                0x00000000000067b2                _etext = .

.data           0x0000000000800100      0x3b4 load address 0x00000000000067b2
                0x0000000000800100                PROVIDE (__data_start = .)
 *(.data)
 .data          0x0000000000800100        0x0 /opt/homebrew/Cellar/avr-gcc@9/9.3.0_3/lib/avr-gcc/9/gcc/avr/9.3.0/../../../../../../avr/lib/avr5/crtatmega328p.o
 .data          0x0000000000800100        0x0 /opt/homebrew/Cellar/avr-gcc@9/9.3.0_3/lib/avr-gcc/9/gcc/avr/9.3.0/../../../../../../avr/lib/avr5/libprintf_flt.a(vfprintf_flt.o)
 .data          0x0000000000800100        0x0 Build_mc/softuart_avr.o
 .data          0x0000000000800100        0x0 Build_mc/LoRa.o
 .data          0x0000000000800100        0x0 Build_mc/spi.o
 .data          0x0000000000800100        0x0 Build_mc/main.o
 .data          0x0000000000800100        0x1 Build_mc/mcu_call_functions.o
                0x0000000000800100                printf_en
 .data          0x0000000000800101        0x0 Build_mc/timer_us.o
 .data          0x0000000000800101        0x0 Build_mc/TinyGPS++.o
 .data          0x0000000000800101        0x0 Build_mc/rtc.o
 .data          0x0000000000800101        0x0 Build_mc/scheduling.o
 .data          0x0000000000800101        0x0 Build_mc/twi-lowlevel.o
 .data          0x0000000000800101        0x0 Build_mc/twi.o
 .data          0x0000000000800101        0x0 Build_mc/command_layer.o
 .data          0x0000000000800101        0x0 Build_mc/battery.o
 .data          0x0000000000800101        0x0 Build_mc/medium_collar.o
 .data          0x0000000000800101        0x0 Build_mc/eeprom_hal.o
 .data          0x0000000000800101        0x0 Build_mc/ext_mem_eeprom.o
 .data          0x0000000000800101        0x0 Build_mc/24c64.o
 .data          0x0000000000800101        0x0 /opt/homebrew/Cellar/avr-gcc@9/9.3.0_3/lib/avr-gcc/9/gcc/avr/9.3.0/avr5/libgcc.a(_mulsi3.o)
 .data          0x0000000000800101        0x0 /opt/homebrew/Cellar/avr-gcc@9/9.3.0_3/lib/avr-gcc/9/gcc/avr/9.3.0/avr5/libgcc.a(_udivmodqi4.o)
 .data          0x0000000000800101        0x0 /opt/homebrew/Cellar/avr-gcc@9/9.3.0_3/lib/avr-gcc/9/gcc/avr/9.3.0/avr5/libgcc.a(_udivmodhi4.o)
 .data          0x0000000000800101        0x0 /opt/homebrew/Cellar/avr-gcc@9/9.3.0_3/lib/avr-gcc/9/gcc/avr/9.3.0/avr5/libgcc.a(_divmodhi4.o)
 .data          0x0000000000800101        0x0 /opt/homebrew/Cellar/avr-gcc@9/9.3.0_3/lib/avr-gcc/9/gcc/avr/9.3.0/avr5/libgcc.a(_udivmodsi4.o)
 .data          0x0000000000800101        0x0 /opt/homebrew/Cellar/avr-gcc@9/9.3.0_3/lib/avr-gcc/9/gcc/avr/9.3.0/avr5/libgcc.a(_exit.o)
 .data          0x0000000000800101        0x0 /opt/homebrew/Cellar/avr-gcc@9/9.3.0_3/lib/avr-gcc/9/gcc/avr/9.3.0/avr5/libgcc.a(_tablejump2.o)
 .data          0x0000000000800101        0x0 /opt/homebrew/Cellar/avr-gcc@9/9.3.0_3/lib/avr-gcc/9/gcc/avr/9.3.0/avr5/libgcc.a(_copy_data.o)
 .data          0x0000000000800101        0x0 /opt/homebrew/Cellar/avr-gcc@9/9.3.0_3/lib/avr-gcc/9/gcc/avr/9.3.0/avr5/libgcc.a(_clear_bss.o)
 .data          0x0000000000800101        0x0 /opt/homebrew/Cellar/avr-gcc@9/9.3.0_3/lib/avr-gcc/9/gcc/avr/9.3.0/avr5/libgcc.a(_ctors.o)
 .data          0x0000000000800101        0x0 /opt/homebrew/Cellar/avr-gcc@9/9.3.0_3/lib/avr-gcc/9/gcc/avr/9.3.0/avr5/libgcc.a(_muluhisi3.o)
 .data          0x0000000000800101        0x0 /opt/homebrew/Cellar/avr-gcc@9/9.3.0_3/lib/avr-gcc/9/gcc/avr/9.3.0/avr5/libgcc.a(_mulshisi3.o)
 .data          0x0000000000800101        0x0 /opt/homebrew/Cellar/avr-gcc@9/9.3.0_3/lib/avr-gcc/9/gcc/avr/9.3.0/avr5/libgcc.a(_divdi3.o)
 .data          0x0000000000800101        0x0 /opt/homebrew/Cellar/avr-gcc@9/9.3.0_3/lib/avr-gcc/9/gcc/avr/9.3.0/avr5/libgcc.a(_udivdi3.o)
 .data          0x0000000000800101        0x0 /opt/homebrew/Cellar/avr-gcc@9/9.3.0_3/lib/avr-gcc/9/gcc/avr/9.3.0/avr5/libgcc.a(_udivmod64.o)
 .data          0x0000000000800101        0x0 /opt/homebrew/Cellar/avr-gcc@9/9.3.0_3/lib/avr-gcc/9/gcc/avr/9.3.0/avr5/libgcc.a(_negdi2.o)
 .data          0x0000000000800101        0x0 /opt/homebrew/Cellar/avr-gcc@9/9.3.0_3/lib/avr-gcc/9/gcc/avr/9.3.0/avr5/libgcc.a(_prologue.o)
 .data          0x0000000000800101        0x0 /opt/homebrew/Cellar/avr-gcc@9/9.3.0_3/lib/avr-gcc/9/gcc/avr/9.3.0/avr5/libgcc.a(_epilogue.o)
 .data          0x0000000000800101        0x0 /opt/homebrew/Cellar/avr-gcc@9/9.3.0_3/lib/avr-gcc/9/gcc/avr/9.3.0/avr5/libgcc.a(_ashldi3.o)
 .data          0x0000000000800101        0x0 /opt/homebrew/Cellar/avr-gcc@9/9.3.0_3/lib/avr-gcc/9/gcc/avr/9.3.0/avr5/libgcc.a(_ashrdi3.o)
 .data          0x0000000000800101        0x0 /opt/homebrew/Cellar/avr-gcc@9/9.3.0_3/lib/avr-gcc/9/gcc/avr/9.3.0/avr5/libgcc.a(_umulhisi3.o)
 .data          0x0000000000800101        0x0 /opt/homebrew/Cellar/avr-gcc@9/9.3.0_3/lib/avr-gcc/9/gcc/avr/9.3.0/../../../../../../avr/lib/avr5/libm.a(addsf3.o)
 .data          0x0000000000800101        0x0 /opt/homebrew/Cellar/avr-gcc@9/9.3.0_3/lib/avr-gcc/9/gcc/avr/9.3.0/../../../../../../avr/lib/avr5/libm.a(addsf3x.o)
 .data          0x0000000000800101        0x0 /opt/homebrew/Cellar/avr-gcc@9/9.3.0_3/lib/avr-gcc/9/gcc/avr/9.3.0/../../../../../../avr/lib/avr5/libm.a(divsf3.o)
 .data          0x0000000000800101        0x0 /opt/homebrew/Cellar/avr-gcc@9/9.3.0_3/lib/avr-gcc/9/gcc/avr/9.3.0/../../../../../../avr/lib/avr5/libm.a(divsf3x.o)
 .data          0x0000000000800101        0x0 /opt/homebrew/Cellar/avr-gcc@9/9.3.0_3/lib/avr-gcc/9/gcc/avr/9.3.0/../../../../../../avr/lib/avr5/libm.a(fixsfsi.o)
 .data          0x0000000000800101        0x0 /opt/homebrew/Cellar/avr-gcc@9/9.3.0_3/lib/avr-gcc/9/gcc/avr/9.3.0/../../../../../../avr/lib/avr5/libm.a(fixunssfsi.o)
 .data          0x0000000000800101        0x0 /opt/homebrew/Cellar/avr-gcc@9/9.3.0_3/lib/avr-gcc/9/gcc/avr/9.3.0/../../../../../../avr/lib/avr5/libm.a(floatsisf.o)
 .data          0x0000000000800101        0x0 /opt/homebrew/Cellar/avr-gcc@9/9.3.0_3/lib/avr-gcc/9/gcc/avr/9.3.0/../../../../../../avr/lib/avr5/libm.a(fp_inf.o)
 .data          0x0000000000800101        0x0 /opt/homebrew/Cellar/avr-gcc@9/9.3.0_3/lib/avr-gcc/9/gcc/avr/9.3.0/../../../../../../avr/lib/avr5/libm.a(fp_nan.o)
 .data          0x0000000000800101        0x0 /opt/homebrew/Cellar/avr-gcc@9/9.3.0_3/lib/avr-gcc/9/gcc/avr/9.3.0/../../../../../../avr/lib/avr5/libm.a(fp_pscA.o)
 .data          0x0000000000800101        0x0 /opt/homebrew/Cellar/avr-gcc@9/9.3.0_3/lib/avr-gcc/9/gcc/avr/9.3.0/../../../../../../avr/lib/avr5/libm.a(fp_pscB.o)
 .data          0x0000000000800101        0x0 /opt/homebrew/Cellar/avr-gcc@9/9.3.0_3/lib/avr-gcc/9/gcc/avr/9.3.0/../../../../../../avr/lib/avr5/libm.a(fp_round.o)
 .data          0x0000000000800101        0x0 /opt/homebrew/Cellar/avr-gcc@9/9.3.0_3/lib/avr-gcc/9/gcc/avr/9.3.0/../../../../../../avr/lib/avr5/libm.a(fp_split3.o)
 .data          0x0000000000800101        0x0 /opt/homebrew/Cellar/avr-gcc@9/9.3.0_3/lib/avr-gcc/9/gcc/avr/9.3.0/../../../../../../avr/lib/avr5/libm.a(fp_zero.o)
 .data          0x0000000000800101        0x0 /opt/homebrew/Cellar/avr-gcc@9/9.3.0_3/lib/avr-gcc/9/gcc/avr/9.3.0/../../../../../../avr/lib/avr5/libm.a(mulsf3.o)
 .data          0x0000000000800101        0x0 /opt/homebrew/Cellar/avr-gcc@9/9.3.0_3/lib/avr-gcc/9/gcc/avr/9.3.0/../../../../../../avr/lib/avr5/libm.a(mulsf3x.o)
 .data          0x0000000000800101        0x0 /opt/homebrew/Cellar/avr-gcc@9/9.3.0_3/lib/avr-gcc/9/gcc/avr/9.3.0/../../../../../../avr/lib/avr5/libc.a(atol.o)
 .data          0x0000000000800101        0x0 /opt/homebrew/Cellar/avr-gcc@9/9.3.0_3/lib/avr-gcc/9/gcc/avr/9.3.0/../../../../../../avr/lib/avr5/libc.a(ftoa_engine.o)
 .data          0x0000000000800101        0x0 /opt/homebrew/Cellar/avr-gcc@9/9.3.0_3/lib/avr-gcc/9/gcc/avr/9.3.0/../../../../../../avr/lib/avr5/libc.a(strnlen_P.o)
 .data          0x0000000000800101        0x0 /opt/homebrew/Cellar/avr-gcc@9/9.3.0_3/lib/avr-gcc/9/gcc/avr/9.3.0/../../../../../../avr/lib/avr5/libc.a(strcmp.o)
 .data          0x0000000000800101        0x0 /opt/homebrew/Cellar/avr-gcc@9/9.3.0_3/lib/avr-gcc/9/gcc/avr/9.3.0/../../../../../../avr/lib/avr5/libc.a(strcpy.o)
 .data          0x0000000000800101        0x0 /opt/homebrew/Cellar/avr-gcc@9/9.3.0_3/lib/avr-gcc/9/gcc/avr/9.3.0/../../../../../../avr/lib/avr5/libc.a(strncpy.o)
 .data          0x0000000000800101        0x0 /opt/homebrew/Cellar/avr-gcc@9/9.3.0_3/lib/avr-gcc/9/gcc/avr/9.3.0/../../../../../../avr/lib/avr5/libc.a(strnlen.o)
 .data          0x0000000000800101        0x0 /opt/homebrew/Cellar/avr-gcc@9/9.3.0_3/lib/avr-gcc/9/gcc/avr/9.3.0/../../../../../../avr/lib/avr5/libc.a(mulsi10.o)
 .data          0x0000000000800101        0x0 /opt/homebrew/Cellar/avr-gcc@9/9.3.0_3/lib/avr-gcc/9/gcc/avr/9.3.0/../../../../../../avr/lib/avr5/libc.a(fdevopen.o)
 .data          0x0000000000800101        0x0 /opt/homebrew/Cellar/avr-gcc@9/9.3.0_3/lib/avr-gcc/9/gcc/avr/9.3.0/../../../../../../avr/lib/avr5/libc.a(fputc.o)
 .data          0x0000000000800101        0x0 /opt/homebrew/Cellar/avr-gcc@9/9.3.0_3/lib/avr-gcc/9/gcc/avr/9.3.0/../../../../../../avr/lib/avr5/libc.a(iob.o)
 .data          0x0000000000800101        0x0 /opt/homebrew/Cellar/avr-gcc@9/9.3.0_3/lib/avr-gcc/9/gcc/avr/9.3.0/../../../../../../avr/lib/avr5/libc.a(printf.o)
 .data          0x0000000000800101        0x0 /opt/homebrew/Cellar/avr-gcc@9/9.3.0_3/lib/avr-gcc/9/gcc/avr/9.3.0/../../../../../../avr/lib/avr5/libc.a(putchar.o)
 .data          0x0000000000800101        0x0 /opt/homebrew/Cellar/avr-gcc@9/9.3.0_3/lib/avr-gcc/9/gcc/avr/9.3.0/../../../../../../avr/lib/avr5/libc.a(puts.o)
 .data          0x0000000000800101        0x0 /opt/homebrew/Cellar/avr-gcc@9/9.3.0_3/lib/avr-gcc/9/gcc/avr/9.3.0/../../../../../../avr/lib/avr5/libc.a(sprintf.o)
 .data          0x0000000000800101        0x0 /opt/homebrew/Cellar/avr-gcc@9/9.3.0_3/lib/avr-gcc/9/gcc/avr/9.3.0/../../../../../../avr/lib/avr5/libc.a(ultoa_invert.o)
 .data          0x0000000000800101        0x0 /opt/homebrew/Cellar/avr-gcc@9/9.3.0_3/lib/avr-gcc/9/gcc/avr/9.3.0/../../../../../../avr/lib/avr5/libc.a(calloc.o)
 .data          0x0000000000800101        0x6 /opt/homebrew/Cellar/avr-gcc@9/9.3.0_3/lib/avr-gcc/9/gcc/avr/9.3.0/../../../../../../avr/lib/avr5/libc.a(malloc.o)
                0x0000000000800101                __malloc_heap_end
                0x0000000000800103                __malloc_heap_start
                0x0000000000800105                __malloc_margin
 .data          0x0000000000800107        0x0 /opt/homebrew/Cellar/avr-gcc@9/9.3.0_3/lib/avr-gcc/9/gcc/avr/9.3.0/../../../../../../avr/lib/avr5/libc.a(memset.o)
 *(.data*)
 *(.gnu.linkonce.d*)
 *(.rodata)
 .rodata        0x0000000000800107       0x1e Build_mc/LoRa.o
 .rodata        0x0000000000800125       0x20 Build_mc/TinyGPS++.o
 *(.rodata*)
 .rodata.str1.1
                0x0000000000800145       0x63 Build_mc/main.o
                                         0x75 (size before relaxing)
 .rodata.str1.1
                0x00000000008001a8       0xa7 Build_mc/TinyGPS++.o
                                         0xc1 (size before relaxing)
 .rodata.str1.1
                0x000000000080024f       0x7f Build_mc/scheduling.o
 .rodata.str1.1
                0x00000000008002ce       0xea Build_mc/command_layer.o
 .rodata.str1.1
                0x00000000008003b8        0xd Build_mc/battery.o
 .rodata.str1.1
                0x00000000008003c5       0x72 Build_mc/medium_collar.o
                                         0x76 (size before relaxing)
 .rodata.str1.1
                0x0000000000800437       0x7d Build_mc/ext_mem_eeprom.o
                                         0x89 (size before relaxing)
 *(.gnu.linkonce.r*)
                0x00000000008004b4                . = ALIGN (0x2)
                0x00000000008004b4                _edata = .
                0x00000000008004b4                PROVIDE (__data_end = .)

.bss            0x00000000008004b4      0x2f7
                0x00000000008004b4                PROVIDE (__bss_start = .)
 *(.bss)
 .bss           0x00000000008004b4        0x0 /opt/homebrew/Cellar/avr-gcc@9/9.3.0_3/lib/avr-gcc/9/gcc/avr/9.3.0/../../../../../../avr/lib/avr5/crtatmega328p.o
 .bss           0x00000000008004b4        0x0 /opt/homebrew/Cellar/avr-gcc@9/9.3.0_3/lib/avr-gcc/9/gcc/avr/9.3.0/../../../../../../avr/lib/avr5/libprintf_flt.a(vfprintf_flt.o)
 .bss           0x00000000008004b4       0x2e Build_mc/softuart_avr.o
 .bss           0x00000000008004e2        0x6 Build_mc/LoRa.o
                0x00000000008004e2                implicitHeaderMode
                0x00000000008004e3                packetIndex
                0x00000000008004e4                frequency
 .bss           0x00000000008004e8        0x0 Build_mc/spi.o
 .bss           0x00000000008004e8      0x1d7 Build_mc/main.o
                0x00000000008004e8                dev_id
                0x00000000008004e9                ack_flag
                0x00000000008004ea                rtc_time_set_flag
                0x00000000008004eb                schedule
 .bss           0x00000000008006bf        0x7 Build_mc/mcu_call_functions.o
                0x00000000008006bf                rcv_char
                0x00000000008006c0                timer1_millis
 .bss           0x00000000008006c6        0x0 Build_mc/timer_us.o
 .bss           0x00000000008006c6        0x0 Build_mc/TinyGPS++.o
 .bss           0x00000000008006c6       0x13 Build_mc/rtc.o
                0x00000000008006c6                _tm
 .bss           0x00000000008006d9        0x0 Build_mc/scheduling.o
 .bss           0x00000000008006d9       0x6c Build_mc/twi-lowlevel.o
 .bss           0x0000000000800745       0x4a Build_mc/twi.o
                0x0000000000800745                user_onReceive
                0x0000000000800747                user_onRequest
                0x0000000000800749                transmitting
                0x000000000080074a                txBufferLength
                0x000000000080074b                txBufferIndex
                0x000000000080074c                txBuffer
                0x000000000080076c                txAddress
                0x000000000080076d                rxBufferLength
                0x000000000080076e                rxBufferIndex
                0x000000000080076f                rxBuffer
 .bss           0x000000000080078f        0x0 Build_mc/command_layer.o
 .bss           0x000000000080078f        0x0 Build_mc/battery.o
 .bss           0x000000000080078f       0x12 Build_mc/medium_collar.o
                0x000000000080078f                release_done_flag
 .bss           0x00000000008007a1        0x0 Build_mc/eeprom_hal.o
 .bss           0x00000000008007a1        0x0 Build_mc/ext_mem_eeprom.o
 .bss           0x00000000008007a1        0x0 Build_mc/24c64.o
 .bss           0x00000000008007a1        0x0 /opt/homebrew/Cellar/avr-gcc@9/9.3.0_3/lib/avr-gcc/9/gcc/avr/9.3.0/avr5/libgcc.a(_mulsi3.o)
 .bss           0x00000000008007a1        0x0 /opt/homebrew/Cellar/avr-gcc@9/9.3.0_3/lib/avr-gcc/9/gcc/avr/9.3.0/avr5/libgcc.a(_udivmodqi4.o)
 .bss           0x00000000008007a1        0x0 /opt/homebrew/Cellar/avr-gcc@9/9.3.0_3/lib/avr-gcc/9/gcc/avr/9.3.0/avr5/libgcc.a(_udivmodhi4.o)
 .bss           0x00000000008007a1        0x0 /opt/homebrew/Cellar/avr-gcc@9/9.3.0_3/lib/avr-gcc/9/gcc/avr/9.3.0/avr5/libgcc.a(_divmodhi4.o)
 .bss           0x00000000008007a1        0x0 /opt/homebrew/Cellar/avr-gcc@9/9.3.0_3/lib/avr-gcc/9/gcc/avr/9.3.0/avr5/libgcc.a(_udivmodsi4.o)
 .bss           0x00000000008007a1        0x0 /opt/homebrew/Cellar/avr-gcc@9/9.3.0_3/lib/avr-gcc/9/gcc/avr/9.3.0/avr5/libgcc.a(_exit.o)
 .bss           0x00000000008007a1        0x0 /opt/homebrew/Cellar/avr-gcc@9/9.3.0_3/lib/avr-gcc/9/gcc/avr/9.3.0/avr5/libgcc.a(_tablejump2.o)
 .bss           0x00000000008007a1        0x0 /opt/homebrew/Cellar/avr-gcc@9/9.3.0_3/lib/avr-gcc/9/gcc/avr/9.3.0/avr5/libgcc.a(_copy_data.o)
 .bss           0x00000000008007a1        0x0 /opt/homebrew/Cellar/avr-gcc@9/9.3.0_3/lib/avr-gcc/9/gcc/avr/9.3.0/avr5/libgcc.a(_clear_bss.o)
 .bss           0x00000000008007a1        0x0 /opt/homebrew/Cellar/avr-gcc@9/9.3.0_3/lib/avr-gcc/9/gcc/avr/9.3.0/avr5/libgcc.a(_ctors.o)
 .bss           0x00000000008007a1        0x0 /opt/homebrew/Cellar/avr-gcc@9/9.3.0_3/lib/avr-gcc/9/gcc/avr/9.3.0/avr5/libgcc.a(_muluhisi3.o)
 .bss           0x00000000008007a1        0x0 /opt/homebrew/Cellar/avr-gcc@9/9.3.0_3/lib/avr-gcc/9/gcc/avr/9.3.0/avr5/libgcc.a(_mulshisi3.o)
 .bss           0x00000000008007a1        0x0 /opt/homebrew/Cellar/avr-gcc@9/9.3.0_3/lib/avr-gcc/9/gcc/avr/9.3.0/avr5/libgcc.a(_divdi3.o)
 .bss           0x00000000008007a1        0x0 /opt/homebrew/Cellar/avr-gcc@9/9.3.0_3/lib/avr-gcc/9/gcc/avr/9.3.0/avr5/libgcc.a(_udivdi3.o)
 .bss           0x00000000008007a1        0x0 /opt/homebrew/Cellar/avr-gcc@9/9.3.0_3/lib/avr-gcc/9/gcc/avr/9.3.0/avr5/libgcc.a(_udivmod64.o)
 .bss           0x00000000008007a1        0x0 /opt/homebrew/Cellar/avr-gcc@9/9.3.0_3/lib/avr-gcc/9/gcc/avr/9.3.0/avr5/libgcc.a(_negdi2.o)
 .bss           0x00000000008007a1        0x0 /opt/homebrew/Cellar/avr-gcc@9/9.3.0_3/lib/avr-gcc/9/gcc/avr/9.3.0/avr5/libgcc.a(_prologue.o)
 .bss           0x00000000008007a1        0x0 /opt/homebrew/Cellar/avr-gcc@9/9.3.0_3/lib/avr-gcc/9/gcc/avr/9.3.0/avr5/libgcc.a(_epilogue.o)
 .bss           0x00000000008007a1        0x0 /opt/homebrew/Cellar/avr-gcc@9/9.3.0_3/lib/avr-gcc/9/gcc/avr/9.3.0/avr5/libgcc.a(_ashldi3.o)
 .bss           0x00000000008007a1        0x0 /opt/homebrew/Cellar/avr-gcc@9/9.3.0_3/lib/avr-gcc/9/gcc/avr/9.3.0/avr5/libgcc.a(_ashrdi3.o)
 .bss           0x00000000008007a1        0x0 /opt/homebrew/Cellar/avr-gcc@9/9.3.0_3/lib/avr-gcc/9/gcc/avr/9.3.0/avr5/libgcc.a(_umulhisi3.o)
 .bss           0x00000000008007a1        0x0 /opt/homebrew/Cellar/avr-gcc@9/9.3.0_3/lib/avr-gcc/9/gcc/avr/9.3.0/../../../../../../avr/lib/avr5/libm.a(addsf3.o)
 .bss           0x00000000008007a1        0x0 /opt/homebrew/Cellar/avr-gcc@9/9.3.0_3/lib/avr-gcc/9/gcc/avr/9.3.0/../../../../../../avr/lib/avr5/libm.a(addsf3x.o)
 .bss           0x00000000008007a1        0x0 /opt/homebrew/Cellar/avr-gcc@9/9.3.0_3/lib/avr-gcc/9/gcc/avr/9.3.0/../../../../../../avr/lib/avr5/libm.a(divsf3.o)
 .bss           0x00000000008007a1        0x0 /opt/homebrew/Cellar/avr-gcc@9/9.3.0_3/lib/avr-gcc/9/gcc/avr/9.3.0/../../../../../../avr/lib/avr5/libm.a(divsf3x.o)
 .bss           0x00000000008007a1        0x0 /opt/homebrew/Cellar/avr-gcc@9/9.3.0_3/lib/avr-gcc/9/gcc/avr/9.3.0/../../../../../../avr/lib/avr5/libm.a(fixsfsi.o)
 .bss           0x00000000008007a1        0x0 /opt/homebrew/Cellar/avr-gcc@9/9.3.0_3/lib/avr-gcc/9/gcc/avr/9.3.0/../../../../../../avr/lib/avr5/libm.a(fixunssfsi.o)
 .bss           0x00000000008007a1        0x0 /opt/homebrew/Cellar/avr-gcc@9/9.3.0_3/lib/avr-gcc/9/gcc/avr/9.3.0/../../../../../../avr/lib/avr5/libm.a(floatsisf.o)
 .bss           0x00000000008007a1        0x0 /opt/homebrew/Cellar/avr-gcc@9/9.3.0_3/lib/avr-gcc/9/gcc/avr/9.3.0/../../../../../../avr/lib/avr5/libm.a(fp_inf.o)
 .bss           0x00000000008007a1        0x0 /opt/homebrew/Cellar/avr-gcc@9/9.3.0_3/lib/avr-gcc/9/gcc/avr/9.3.0/../../../../../../avr/lib/avr5/libm.a(fp_nan.o)
 .bss           0x00000000008007a1        0x0 /opt/homebrew/Cellar/avr-gcc@9/9.3.0_3/lib/avr-gcc/9/gcc/avr/9.3.0/../../../../../../avr/lib/avr5/libm.a(fp_pscA.o)
 .bss           0x00000000008007a1        0x0 /opt/homebrew/Cellar/avr-gcc@9/9.3.0_3/lib/avr-gcc/9/gcc/avr/9.3.0/../../../../../../avr/lib/avr5/libm.a(fp_pscB.o)
 .bss           0x00000000008007a1        0x0 /opt/homebrew/Cellar/avr-gcc@9/9.3.0_3/lib/avr-gcc/9/gcc/avr/9.3.0/../../../../../../avr/lib/avr5/libm.a(fp_round.o)
 .bss           0x00000000008007a1        0x0 /opt/homebrew/Cellar/avr-gcc@9/9.3.0_3/lib/avr-gcc/9/gcc/avr/9.3.0/../../../../../../avr/lib/avr5/libm.a(fp_split3.o)
 .bss           0x00000000008007a1        0x0 /opt/homebrew/Cellar/avr-gcc@9/9.3.0_3/lib/avr-gcc/9/gcc/avr/9.3.0/../../../../../../avr/lib/avr5/libm.a(fp_zero.o)
 .bss           0x00000000008007a1        0x0 /opt/homebrew/Cellar/avr-gcc@9/9.3.0_3/lib/avr-gcc/9/gcc/avr/9.3.0/../../../../../../avr/lib/avr5/libm.a(mulsf3.o)
 .bss           0x00000000008007a1        0x0 /opt/homebrew/Cellar/avr-gcc@9/9.3.0_3/lib/avr-gcc/9/gcc/avr/9.3.0/../../../../../../avr/lib/avr5/libm.a(mulsf3x.o)
 .bss           0x00000000008007a1        0x0 /opt/homebrew/Cellar/avr-gcc@9/9.3.0_3/lib/avr-gcc/9/gcc/avr/9.3.0/../../../../../../avr/lib/avr5/libc.a(atol.o)
 .bss           0x00000000008007a1        0x0 /opt/homebrew/Cellar/avr-gcc@9/9.3.0_3/lib/avr-gcc/9/gcc/avr/9.3.0/../../../../../../avr/lib/avr5/libc.a(ftoa_engine.o)
 .bss           0x00000000008007a1        0x0 /opt/homebrew/Cellar/avr-gcc@9/9.3.0_3/lib/avr-gcc/9/gcc/avr/9.3.0/../../../../../../avr/lib/avr5/libc.a(strnlen_P.o)
 .bss           0x00000000008007a1        0x0 /opt/homebrew/Cellar/avr-gcc@9/9.3.0_3/lib/avr-gcc/9/gcc/avr/9.3.0/../../../../../../avr/lib/avr5/libc.a(strcmp.o)
 .bss           0x00000000008007a1        0x0 /opt/homebrew/Cellar/avr-gcc@9/9.3.0_3/lib/avr-gcc/9/gcc/avr/9.3.0/../../../../../../avr/lib/avr5/libc.a(strcpy.o)
 .bss           0x00000000008007a1        0x0 /opt/homebrew/Cellar/avr-gcc@9/9.3.0_3/lib/avr-gcc/9/gcc/avr/9.3.0/../../../../../../avr/lib/avr5/libc.a(strncpy.o)
 .bss           0x00000000008007a1        0x0 /opt/homebrew/Cellar/avr-gcc@9/9.3.0_3/lib/avr-gcc/9/gcc/avr/9.3.0/../../../../../../avr/lib/avr5/libc.a(strnlen.o)
 .bss           0x00000000008007a1        0x0 /opt/homebrew/Cellar/avr-gcc@9/9.3.0_3/lib/avr-gcc/9/gcc/avr/9.3.0/../../../../../../avr/lib/avr5/libc.a(mulsi10.o)
 .bss           0x00000000008007a1        0x0 /opt/homebrew/Cellar/avr-gcc@9/9.3.0_3/lib/avr-gcc/9/gcc/avr/9.3.0/../../../../../../avr/lib/avr5/libc.a(fdevopen.o)
 .bss           0x00000000008007a1        0x0 /opt/homebrew/Cellar/avr-gcc@9/9.3.0_3/lib/avr-gcc/9/gcc/avr/9.3.0/../../../../../../avr/lib/avr5/libc.a(fputc.o)
 .bss           0x00000000008007a1        0x0 /opt/homebrew/Cellar/avr-gcc@9/9.3.0_3/lib/avr-gcc/9/gcc/avr/9.3.0/../../../../../../avr/lib/avr5/libc.a(iob.o)
 .bss           0x00000000008007a1        0x0 /opt/homebrew/Cellar/avr-gcc@9/9.3.0_3/lib/avr-gcc/9/gcc/avr/9.3.0/../../../../../../avr/lib/avr5/libc.a(printf.o)
 .bss           0x00000000008007a1        0x0 /opt/homebrew/Cellar/avr-gcc@9/9.3.0_3/lib/avr-gcc/9/gcc/avr/9.3.0/../../../../../../avr/lib/avr5/libc.a(putchar.o)
 .bss           0x00000000008007a1        0x0 /opt/homebrew/Cellar/avr-gcc@9/9.3.0_3/lib/avr-gcc/9/gcc/avr/9.3.0/../../../../../../avr/lib/avr5/libc.a(puts.o)
 .bss           0x00000000008007a1        0x0 /opt/homebrew/Cellar/avr-gcc@9/9.3.0_3/lib/avr-gcc/9/gcc/avr/9.3.0/../../../../../../avr/lib/avr5/libc.a(sprintf.o)
 .bss           0x00000000008007a1        0x0 /opt/homebrew/Cellar/avr-gcc@9/9.3.0_3/lib/avr-gcc/9/gcc/avr/9.3.0/../../../../../../avr/lib/avr5/libc.a(ultoa_invert.o)
 .bss           0x00000000008007a1        0x0 /opt/homebrew/Cellar/avr-gcc@9/9.3.0_3/lib/avr-gcc/9/gcc/avr/9.3.0/../../../../../../avr/lib/avr5/libc.a(calloc.o)
 .bss           0x00000000008007a1        0x0 /opt/homebrew/Cellar/avr-gcc@9/9.3.0_3/lib/avr-gcc/9/gcc/avr/9.3.0/../../../../../../avr/lib/avr5/libc.a(malloc.o)
 .bss           0x00000000008007a1        0x0 /opt/homebrew/Cellar/avr-gcc@9/9.3.0_3/lib/avr-gcc/9/gcc/avr/9.3.0/../../../../../../avr/lib/avr5/libc.a(memset.o)
 *(.bss*)
 *(COMMON)
 COMMON         0x00000000008007a1        0x6 /opt/homebrew/Cellar/avr-gcc@9/9.3.0_3/lib/avr-gcc/9/gcc/avr/9.3.0/../../../../../../avr/lib/avr5/libc.a(iob.o)
                0x00000000008007a1                __iob
 COMMON         0x00000000008007a7        0x4 /opt/homebrew/Cellar/avr-gcc@9/9.3.0_3/lib/avr-gcc/9/gcc/avr/9.3.0/../../../../../../avr/lib/avr5/libc.a(malloc.o)
                0x00000000008007a7                __brkval
                0x00000000008007a9                __flp
                0x00000000008007ab                PROVIDE (__bss_end = .)
                0x00000000000067b2                __data_load_start = LOADADDR (.data)
                0x0000000000006b66                __data_load_end = (__data_load_start + SIZEOF (.data))

.noinit         0x00000000008007ab        0x0
                [!provide]                        PROVIDE (__noinit_start = .)
 *(.noinit .noinit.* .gnu.linkonce.n.*)
                [!provide]                        PROVIDE (__noinit_end = .)
                0x00000000008007ab                _end = .
                0x00000000008007ab                PROVIDE (__heap_start = .)

.eeprom         0x0000000000810000        0x0
 *(.eeprom*)
                0x0000000000810000                __eeprom_end = .

.fuse
 *(.fuse)
 *(.lfuse)
 *(.hfuse)
 *(.efuse)

.lock
 *(.lock*)

.signature
 *(.signature*)

.stab
 *(.stab)

.stabstr
 *(.stabstr)

.stab.excl
 *(.stab.excl)

.stab.exclstr
 *(.stab.exclstr)

.stab.index
 *(.stab.index)

.stab.indexstr
 *(.stab.indexstr)

.comment        0x0000000000000000       0x26
 *(.comment)
 .comment       0x0000000000000000       0x26 /opt/homebrew/Cellar/avr-gcc@9/9.3.0_3/lib/avr-gcc/9/gcc/avr/9.3.0/../../../../../../avr/lib/avr5/libprintf_flt.a(vfprintf_flt.o)
                                         0x27 (size before relaxing)