Archive member included to satisfy reference by file (symbol)

/opt/homebrew/Cellar/avr-gcc@9/9.3.0_3/lib/avr-gcc/9/gcc/avr/9.3.0/../../../../../../avr/lib/avr5/libprintf_flt.a(vfprintf_flt.o)
                              (vfprintf)
/opt/homebrew/Cellar/avr-gcc@9/9.3.0_3/lib/avr-gcc/9/gcc/avr/9.3.0/avr5/libgcc.a(_mulsi3.o)
                              Build_mc/TinyGPS++.o (__mulsi3)
/opt/homebrew/Cellar/avr-gcc@9/9.3.0_3/lib/avr-gcc/9/gcc/avr/9.3.0/avr5/libgcc.a(_udivmodqi4.o)
                              Build_mc/rtc.o (__udivmodqi4)
/opt/homebrew/Cellar/avr-gcc@9/9.3.0_3/lib/avr-gcc/9/gcc/avr/9.3.0/avr5/libgcc.a(_udivmodhi4.o)
                              Build_mc/battery.o (__udivmodhi4)
/opt/homebrew/Cellar/avr-gcc@9/9.3.0_3/lib/avr-gcc/9/gcc/avr/9.3.0/avr5/libgcc.a(_divmodhi4.o)
                              Build_mc/main.o (__divmodhi4)
/opt/homebrew/Cellar/avr-gcc@9/9.3.0_3/lib/avr-gcc/9/gcc/avr/9.3.0/avr5/libgcc.a(_udivmodsi4.o)
                              Build_mc/LoRa.o (__udivmodsi4)
/opt/homebrew/Cellar/avr-gcc@9/9.3.0_3/lib/avr-gcc/9/gcc/avr/9.3.0/avr5/libgcc.a(_exit.o)
                              /opt/homebrew/Cellar/avr-gcc@9/9.3.0_3/lib/avr-gcc/9/gcc/avr/9.3.0/../../../../../../avr/lib/avr5/crtatmega328p.o (exit)
/opt/homebrew/Cellar/avr-gcc@9/9.3.0_3/lib/avr-gcc/9/gcc/avr/9.3.0/avr5/libgcc.a(_tablejump2.o)
                              Build_mc/TinyGPS++.o (__tablejump2__)
/opt/homebrew/Cellar/avr-gcc@9/9.3.0_3/lib/avr-gcc/9/gcc/avr/9.3.0/avr5/libgcc.a(_copy_data.o)
                              Build_mc/LoRa.o (__do_copy_data)
/opt/homebrew/Cellar/avr-gcc@9/9.3.0_3/lib/avr-gcc/9/gcc/avr/9.3.0/avr5/libgcc.a(_clear_bss.o)
                              Build_mc/softuart_avr.o (__do_clear_bss)
/opt/homebrew/Cellar/avr-gcc@9/9.3.0_3/lib/avr-gcc/9/gcc/avr/9.3.0/avr5/libgcc.a(_ctors.o)
                              Build_mc/main.o (__do_global_ctors)
/opt/homebrew/Cellar/avr-gcc@9/9.3.0_3/lib/avr-gcc/9/gcc/avr/9.3.0/avr5/libgcc.a(_muluhisi3.o)
                              Build_mc/TinyGPS++.o (__muluhisi3)
/opt/homebrew/Cellar/avr-gcc@9/9.3.0_3/lib/avr-gcc/9/gcc/avr/9.3.0/avr5/libgcc.a(_mulshisi3.o)
                              Build_mc/TinyGPS++.o (__mulshisi3)
/opt/homebrew/Cellar/avr-gcc@9/9.3.0_3/lib/avr-gcc/9/gcc/avr/9.3.0/avr5/libgcc.a(_divdi3.o)
                              Build_mc/LoRa.o (__divdi3)
/opt/homebrew/Cellar/avr-gcc@9/9.3.0_3/lib/avr-gcc/9/gcc/avr/9.3.0/avr5/libgcc.a(_udivdi3.o)
                              /opt/homebrew/Cellar/avr-gcc@9/9.3.0_3/lib/avr-gcc/9/gcc/avr/9.3.0/avr5/libgcc.a(_divdi3.o) (__udivdi3_umoddi3)
/opt/homebrew/Cellar/avr-gcc@9/9.3.0_3/lib/avr-gcc/9/gcc/avr/9.3.0/avr5/libgcc.a(_udivmod64.o)
                              /opt/homebrew/Cellar/avr-gcc@9/9.3.0_3/lib/avr-gcc/9/gcc/avr/9.3.0/avr5/libgcc.a(_divdi3.o) (__udivmod64)
/opt/homebrew/Cellar/avr-gcc@9/9.3.0_3/lib/avr-gcc/9/gcc/avr/9.3.0/avr5/libgcc.a(_negdi2.o)
                              /opt/homebrew/Cellar/avr-gcc@9/9.3.0_3/lib/avr-gcc/9/gcc/avr/9.3.0/avr5/libgcc.a(_divdi3.o) (__negdi2)
/opt/homebrew/Cellar/avr-gcc@9/9.3.0_3/lib/avr-gcc/9/gcc/avr/9.3.0/avr5/libgcc.a(_prologue.o)
                              /opt/homebrew/Cellar/avr-gcc@9/9.3.0_3/lib/avr-gcc/9/gcc/avr/9.3.0/../../../../../../avr/lib/avr5/libprintf_flt.a(vfprintf_flt.o) (__prologue_saves__)
/opt/homebrew/Cellar/avr-gcc@9/9.3.0_3/lib/avr-gcc/9/gcc/avr/9.3.0/avr5/libgcc.a(_epilogue.o)
                              /opt/homebrew/Cellar/avr-gcc@9/9.3.0_3/lib/avr-gcc/9/gcc/avr/9.3.0/../../../../../../avr/lib/avr5/libprintf_flt.a(vfprintf_flt.o) (__epilogue_restores__)
/opt/homebrew/Cellar/avr-gcc@9/9.3.0_3/lib/avr-gcc/9/gcc/avr/9.3.0/avr5/libgcc.a(_ashldi3.o)
                              Build_mc/LoRa.o (__ashldi3)
/opt/homebrew/Cellar/avr-gcc@9/9.3.0_3/lib/avr-gcc/9/gcc/avr/9.3.0/avr5/libgcc.a(_ashrdi3.o)
                              Build_mc/LoRa.o (__lshrdi3)
/opt/homebrew/Cellar/avr-gcc@9/9.3.0_3/lib/avr-gcc/9/gcc/avr/9.3.0/avr5/libgcc.a(_umulhisi3.o)
                              /opt/homebrew/Cellar/avr-gcc@9/9.3.0_3/lib/avr-gcc/9/gcc/avr/9.3.0/avr5/libgcc.a(_muluhisi3.o) (__umulhisi3)
/opt/homebrew/Cellar/avr-gcc@9/9.3.0_3/lib/avr-gcc/9/gcc/avr/9.3.0/../../../../../../avr/lib/avr5/libm.a(addsf3.o)
                              Build_mc/TinyGPS++.o (__addsf3)
/opt/homebrew/Cellar/avr-gcc@9/9.3.0_3/lib/avr-gcc/9/gcc/avr/9.3.0/../../../../../../avr/lib/avr5/libm.a(addsf3x.o)
                              /opt/homebrew/Cellar/avr-gcc@9/9.3.0_3/lib/avr-gcc/9/gcc/avr/9.3.0/../../../../../../avr/lib/avr5/libm.a(addsf3.o) (__addsf3x)
/opt/homebrew/Cellar/avr-gcc@9/9.3.0_3/lib/avr-gcc/9/gcc/avr/9.3.0/../../../../../../avr/lib/avr5/libm.a(divsf3.o)
                              Build_mc/LoRa.o (__divsf3)
/opt/homebrew/Cellar/avr-gcc@9/9.3.0_3/lib/avr-gcc/9/gcc/avr/9.3.0/../../../../../../avr/lib/avr5/libm.a(divsf3x.o)
[...]
Memory Configuration

Name             Origin             Length             Attributes
text             0x0000000000000000 0x0000000000020000 xr
data             0x0000000000800060 0x000000000000ffa0 rw !x
eeprom           0x0000000000810000 0x0000000000010000 rw !x
fuse             0x0000000000820000 0x0000000000000400 rw !x
lock             0x0000000000830000 0x0000000000000400 rw !x
signature        0x0000000000840000 0x0000000000000400 rw !x
user_signatures  0x0000000000850000 0x0000000000000400 rw !x
*default*        0x0000000000000000 0xffffffffffffffff

Linker script and memory map

Address of section .data set to 0x800100
LOAD /opt/homebrew/Cellar/avr-gcc@9/9.3.0_3/lib/avr-gcc/9/gcc/avr/9.3.0/../../../../../../avr/lib/avr5/crtatmega328p.o
LOAD /opt/homebrew/Cellar/avr-gcc@9/9.3.0_3/lib/avr-gcc/9/gcc/avr/9.3.0/../../../../../../avr/lib/avr5/libprintf_flt.a
LOAD Build_mc/softuart_avr.o
LOAD Build_mc/LoRa.o
LOAD Build_mc/spi.o
LOAD Build_mc/main.o
LOAD Build_mc/mcu_call_functions.o
LOAD Build_mc/timer_us.o
LOAD Build_mc/TinyGPS++.o
LOAD Build_mc/rtc.o
LOAD Build_mc/scheduling.o
LOAD Build_mc/twi-lowlevel.o
LOAD Build_mc/twi.o
LOAD Build_mc/command_layer.o
LOAD Build_mc/battery.o
LOAD Build_mc/medium_collar.o
LOAD Build_mc/eeprom_hal.o
LOAD Build_mc/ext_mem_eeprom.o
LOAD Build_mc/24c64.o
START GROUP
LOAD /opt/homebrew/Cellar/avr-gcc@9/9.3.0_3/lib/avr-gcc/9/gcc/avr/9.3.0/avr5/libgcc.a
LOAD /opt/homebrew/Cellar/avr-gcc@9/9.3.0_3/lib/avr-gcc/9/gcc/avr/9.3.0/../../../../../../avr/lib/avr5/libm.a
LOAD /opt/homebrew/Cellar/avr-gcc@9/9.3.0_3/lib/avr-gcc/9/gcc/avr/9.3.0/../../../../../../avr/lib/avr5/libc.a
LOAD /opt/homebrew/Cellar/avr-gcc@9/9.3.0_3/lib/avr-gcc/9/gcc/avr/9.3.0/../../../../../../avr/lib/avr5/libatmega328p.a
END GROUP
                0x0000000000020000                __TEXT_REGION_LENGTH__ = DEFINED (__TEXT_REGION_LENGTH__)?__TEXT_REGION_LENGTH__:0x20000
                0x000000000000ffa0                __DATA_REGION_LENGTH__ = DEFINED (__DATA_REGION_LENGTH__)?__DATA_REGION_LENGTH__:0xffa0
                0x0000000000010000                __EEPROM_REGION_LENGTH__ = DEFINED (__EEPROM_REGION_LENGTH__)?__EEPROM_REGION_LENGTH__:0x10000
                0x0000000000000400                __FUSE_REGION_LENGTH__ = DEFINED (__FUSE_REGION_LENGTH__)?__FUSE_REGION_LENGTH__:0x400
                0x0000000000000400                __LOCK_REGION_LENGTH__ = DEFINED (__LOCK_REGION_LENGTH__)?__LOCK_REGION_LENGTH__:0x400
                0x0000000000000400                __SIGNATURE_REGION_LENGTH__ = DEFINED (__SIGNATURE_REGION_LENGTH__)?__SIGNATURE_REGION_LENGTH__:0x400
                0x0000000000000400                __USER_SIGNATURE_REGION_LENGTH__ = DEFINED (__USER_SIGNATURE_REGION_LENGTH__)?__USER_SIGNATURE_REGION_LENGTH__:0x400

.hash
 *(.hash)

.dynsym
 *(.dynsym)

.dynstr
 *(.dynstr)

.gnu.version
 *(.gnu.version)

.gnu.version_d
 *(.gnu.version_d)

.gnu.version_r
 *(.gnu.version_r)

.rel.init
 *(.rel.init)

.rela.init
 *(.rela.init)

.rel.text
 *(.rel.text)
 *(.rel.text.*)
 *(.rel.gnu.linkonce.t*)

.rela.text
 *(.rela.text)
 *(.rela.text.*)
 *(.rela.gnu.linkonce.t*)

.rel.fini
 *(.rel.fini)

.rela.fini
 *(.rela.fini)

.rel.rodata
 *(.rel.rodata)
 *(.rel.rodata.*)
 *(.rel.gnu.linkonce.r*)

.rela.rodata
 *(.rela.rodata)
 *(.rela.rodata.*)
 *(.rela.gnu.linkonce.r*)

.rel.data
 *(.rel.data)
 *(.rel.data.*)
 *(.rel.gnu.linkonce.d*)

.rela.data
 *(.rela.data)
 *(.rela.data.*)
 *(.rela.gnu.linkonce.d*)

.rel.ctors
 *(.rel.ctors)

.rela.ctors
 *(.rela.ctors)

.rel.dtors
 *(.rel.dtors)

.rela.dtors
 *(.rela.dtors)

.rel.got
 *(.rel.got)

.rela.got
 *(.rela.got)

.rel.bss
 *(.rel.bss)

.rela.bss
 *(.rela.bss)

.rel.plt
 *(.rel.plt)

.rela.plt
 *(.rela.plt)

.text           0x0000000000000000     0x6522
 *(.vectors)
 .vectors       0x0000000000000000       0x68 /opt/homebrew/Cellar/avr-gcc@9/9.3.0_3/lib/avr-gcc/9/gcc/avr/9.3.0/../../../../../../avr/lib/avr5/crtatmega328p.o
                0x0000000000000000                __vectors
                0x0000000000000000                __vector_default
 *(.vectors)
 *(.progmem.gcc*)
                0x0000000000000068                . = ALIGN (0x2)
                0x0000000000000068                __trampolines_start = .
 *(.trampolines)
 .trampolines   0x0000000000000068        0x0 linker stubs
 *(.trampolines*)
                0x0000000000000068                __trampolines_end = .
 *libprintf_flt.a:*(.progmem.data)
 .progmem.data  0x0000000000000068        0x8 /opt/homebrew/Cellar/avr-gcc@9/9.3.0_3/lib/avr-gcc/9/gcc/avr/9.3.0/../../../../../../avr/lib/avr5/libprintf_flt.a(vfprintf_flt.o)
 *libc.a:*(.progmem.data)
 .progmem.data  0x0000000000000070       0xfa /opt/homebrew/Cellar/avr-gcc@9/9.3.0_3/lib/avr-gcc/9/gcc/avr/9.3.0/../../../../../../avr/lib/avr5/libc.a(ftoa_engine.o)
 *(.progmem.*)
                0x000000000000016a                . = ALIGN (0x2)
 *(.lowtext)
 *(.lowtext*)
                0x000000000000016a                __ctors_start = .
 *(.ctors)
 .ctors         0x000000000000016a        0x2 Build_mc/main.o
 .ctors         0x000000000000016c        0x2 Build_mc/mcu_call_functions.o
                0x000000000000016e                __ctors_end = .
                0x000000000000016e                __dtors_start = .
 *(.dtors)
                0x000000000000016e                __dtors_end = .
 SORT_BY_NAME(*)(.ctors)
 SORT_BY_NAME(*)(.dtors)
 *(.init0)
 .init0         0x000000000000016e        0x0 /opt/homebrew/Cellar/avr-gcc@9/9.3.0_3/lib/avr-gcc/9/gcc/avr/9.3.0/../../../../../../avr/lib/avr5/crtatmega328p.o
                0x000000000000016e                __init
 *(.init0)
 *(.init1)
 *(.init1)
 *(.init2)
 .init2         0x000000000000016e        0xc /opt/homebrew/Cellar/avr-gcc@9/9.3.0_3/lib/avr-gcc/9/gcc/avr/9.3.0/../../../../../../avr/lib/avr5/crtatmega328p.o
 *(.init2)
 *(.init3)
 *(.init3)
 *(.init4)
 .init4         0x000000000000017a       0x16 /opt/homebrew/Cellar/avr-gcc@9/9.3.0_3/lib/avr-gcc/9/gcc/avr/9.3.0/avr5/libgcc.a(_copy_data.o)
                0x000000000000017a                __do_copy_data
 .init4         0x0000000000000190       0x10 /opt/homebrew/Cellar/avr-gcc@9/9.3.0_3/lib/avr-gcc/9/gcc/avr/9.3.0/avr5/libgcc.a(_clear_bss.o)
                0x0000000000000190                __do_clear_bss
 *(.init4)
 *(.init5)
 *(.init5)
 *(.init6)
 .init6         0x00000000000001a0       0x16 /opt/homebrew/Cellar/avr-gcc@9/9.3.0_3/lib/avr-gcc/9/gcc/avr/9.3.0/avr5/libgcc.a(_ctors.o)
                0x00000000000001a0                __do_global_ctors
 *(.init6)
 *(.init7)
 *(.init7)
 *(.init8)
 *(.init8)
 *(.init9)
 .init9         0x00000000000001b6        0x8 /opt/homebrew/Cellar/avr-gcc@9/9.3.0_3/lib/avr-gcc/9/gcc/avr/9.3.0/../../../../../../avr/lib/avr5/crtatmega328p.o
 *(.init9)
 *(.text)
 .text          0x00000000000001be        0x4 /opt/homebrew/Cellar/avr-gcc@9/9.3.0_3/lib/avr-gcc/9/gcc/avr/9.3.0/../../../../../../avr/lib/avr5/crtatmega328p.o
                0x00000000000001be                __vector_20
                0x00000000000001be                __vector_12
                0x00000000000001be                __bad_interrupt
                0x00000000000001be                __vector_6
                0x00000000000001be                __vector_3
                0x00000000000001be                __vector_23
                0x00000000000001be                __vector_25
                0x00000000000001be                __vector_11
                0x00000000000001be                __vector_13
                0x00000000000001be                __vector_17
                0x00000000000001be                __vector_19
                0x00000000000001be                __vector_5
                0x00000000000001be                __vector_4
                0x00000000000001be                __vector_9
                0x00000000000001be                __vector_2
                0x00000000000001be                __vector_21
                0x00000000000001be                __vector_15
                0x00000000000001be                __vector_8
                0x00000000000001be                __vector_10
                0x00000000000001be                __vector_16
                0x00000000000001be                __vector_22
 .text          0x00000000000001c2        0x0 /opt/homebrew/Cellar/avr-gcc@9/9.3.0_3/lib/avr-gcc/9/gcc/avr/9.3.0/../../../../../../avr/lib/avr5/libprintf_flt.a(vfprintf_flt.o)
 .text          0x00000000000001c2      0x210 Build_mc/softuart_avr.o
                0x00000000000001c2                __vector_14
                0x00000000000002e4                softuart_init()
                0x0000000000000314                softuart_turn_rx_on()
                0x000000000000031a                softuart_turn_rx_off()
                0x0000000000000322                softuart_getchar()
                0x000000000000034a                softuart_kbhit()
                0x000000000000035c                softuart_flush_input_buffer()
                0x0000000000000366                softuart_transmit_busy()
                0x0000000000000374                softuart_putchar(char)
                0x000000000000039e                softuart_puts(char const*)
                0x00000000000003b6                softuart_puts_p(char const*)
 .text          0x00000000000003d2      0x7be Build_mc/LoRa.o
                0x00000000000003d2                _singleTransfer(unsigned char, unsigned char)
                0x0000000000000400                _readRegister(unsigned char)
                0x0000000000000408                packetRssi()
                0x0000000000000432                packetSnr()
                0x000000000000043e                available()
                0x000000000000044c                read()
                0x0000000000000468                _getSpreadingFactor()
                0x0000000000000474                _getSignalBandwidth()
                0x00000000000004e4                packetFrequencyError()
                0x0000000000000606                _writeRegister(unsigned char, unsigned char)
                0x000000000000060c                endPacket()
                0x0000000000000638                write(char const*, unsigned char)
                0x00000000000006a0                peek()
                0x00000000000006d0                idle()
                0x00000000000006d8                sleep()
                0x00000000000006e0                LoRaend()
                0x00000000000006e4                setTxPower(unsigned char)
                0x00000000000006fc                setFrequency(unsigned long)
                0x00000000000007a6                begin(unsigned long)
                0x000000000000084e                setCodingRate4(unsigned char)
                0x000000000000087a                setPreambleLength(unsigned int)
                0x0000000000000890                setSyncWord(unsigned char)
                0x0000000000000898                enableCrc()
                0x00000000000008a8                disableCrc()
                0x00000000000008b8                _explicitHeaderMode()
                0x00000000000008cc                _implicitHeaderMode()
                0x00000000000008e2                beginPacket(unsigned char)
                0x000000000000090e                parsePacket(unsigned char)
                0x0000000000000992                receive(int)
                0x00000000000009bc                _setLdoFlag()
                0x0000000000000a20                setSpreadingFactor(unsigned char)
                0x0000000000000a74                setSignalBandwidth(unsigned long)
                0x0000000000000b1a                LoRaInit()
                0x0000000000000b62                LoRaSendSleep(char const*, unsigned char)
 .text          0x0000000000000b90       0x4a Build_mc/spi.o
                0x0000000000000b90                spi_init(unsigned char, unsigned char, unsigned char, unsigned char, unsigned char)
                0x0000000000000bce                spi_send(unsigned char)
 .text          0x0000000000000bda      0x488 Build_mc/main.o
                0x0000000000000bda                CmdUARTInterface::packetDetect()
                0x0000000000000c9a                CmdUARTInterface::timerHandler()
                0x0000000000000cc2                generateLoRaPkt(char*, char)
                0x0000000000000e9c                setDefaultTime()
                0x0000000000000f04                setTempScheduleConfig()
                0x0000000000000f46                loadPrintWakeTime()
                0x0000000000000f90                appMilliSecCallback()
                0x0000000000000fce                appRS485RcvCallback(char)
                0x0000000000001000                LoRaRcvPkts()
 .text          0x0000000000001062      0x36e Build_mc/mcu_call_functions.o
                0x0000000000001062                setPinModeInput(char, char)
                0x00000000000010b0                setPinModeOutput(char, char)
                0x00000000000010f8                setPinHigh(char, char)
                0x0000000000001140                setPinLow(char, char)
                0x000000000000118e                setPinState(char, char, char)
                0x00000000000011a0                readPin(char, char)
                0x00000000000011dc                avrHALInit()
                0x00000000000011de                startuSTimer()
                0x00000000000011ea                stopuSTimer()
                0x00000000000011f0                readuSTimer()
                0x00000000000011fe                startmSTimer()
                0x000000000000122a                stopmSTimer()
                0x0000000000001230                __vector_7
                0x00000000000012a0                millis()
                0x00000000000012ce                __vector_18
                0x0000000000001328                USART_Init()
                0x0000000000001350                ra485_send_char(char)
                0x000000000000135e                write_char(char, __file*)
                0x0000000000001376                printLen(char*, int)
                0x00000000000013b2                sleepMode()
                0x00000000000013cc                __vector_1
 .text          0x00000000000013d0       0x62 Build_mc/timer_us.o
                0x00000000000013d0                SoftTimeruS::start(unsigned int)
                0x00000000000013f2                SoftTimeruS::checkElapsed()
 .text          0x0000000000001432     0x1468 Build_mc/TinyGPS++.o
                0x0000000000001432                TinyGPSPlus::TinyGPSPlus()
                0x0000000000001432                TinyGPSPlus::TinyGPSPlus()
                0x0000000000001566                TinyGPSPlus::fromHex(char)
                0x000000000000158a                TinyGPSPlus::parseDecimal(char const*)
                0x000000000000166a                TinyGPSPlus::parseDegrees(char const*, RawDegrees&)
                0x00000000000017bc                TinyGPSPlus::cardinal(double)
                0x0000000000001844                TinyGPSLocation::commit()
                0x0000000000001886                TinyGPSLocation::setLatitude(char const*)
                0x0000000000001894                TinyGPSLocation::setLongitude(char const*)
                0x00000000000018a2                TinyGPSLocation::lat()
                0x0000000000001976                TinyGPSLocation::lng()
                0x0000000000001a4a                TinyGPSLocation::getLatStr(char*)
                0x0000000000001a88                TinyGPSLocation::getLonStr(char*)
                0x0000000000001ac6                TinyGPSDate::commit()
                0x0000000000001af4                TinyGPSTime::commit()
                0x0000000000001b22                TinyGPSTime::setTime(char const*)
                0x0000000000001b3c                TinyGPSDate::setDate(char const*)
                0x0000000000001b56                TinyGPSDate::year()
                0x0000000000001b9c                TinyGPSDate::month()
                0x0000000000001bf6                TinyGPSDate::day()
                0x0000000000001c2e                TinyGPSTime::hour()
                0x0000000000001c66                TinyGPSTime::minute()
                0x0000000000001cae                TinyGPSTime::second()
                0x0000000000001d08                TinyGPSTime::centisecond()
                0x0000000000001d40                TinyGPSDecimal::commit()
                0x0000000000001d6e                TinyGPSDecimal::set(char const*)
                0x0000000000001d88                TinyGPSInteger::commit()
                0x0000000000001db6                TinyGPSInteger::set(char const*)
                0x0000000000001dd0                TinyGPSCustom::commit()
                0x0000000000001df6                TinyGPSCustom::set(char const*)
                0x0000000000001dfe                TinyGPSPlus::endOfTermHandler()
                0x000000000000212c                TinyGPSPlus::encode(char)
                0x0000000000002224                TinyGPSPlus::insertCustom(TinyGPSCustom*, char const*, int)
                0x000000000000229e                TinyGPSCustom::begin(TinyGPSPlus&, char const*, int)
                0x00000000000022e0                TinyGPSCustom::TinyGPSCustom(TinyGPSPlus&, char const*, int)
                0x00000000000022e0                TinyGPSCustom::TinyGPSCustom(TinyGPSPlus&, char const*, int)
                0x00000000000022e4                TinyGPSPlus::_givePulse()
                0x000000000000234c                TinyGPSPlus::_checkSerialStreamIn()
                0x00000000000023b6                TinyGPSPlus::gpsPulseWake()
                0x00000000000023f2                TinyGPSPlus::gpsPulseSleep()
                0x000000000000242e                TinyGPSPlus::_enablePwr()
                0x0000000000002438                TinyGPSPlus::_disablePwr()
                0x0000000000002442                TinyGPSPlus::_UARTInit()
                0x000000000000244e                TinyGPSPlus::init(unsigned char)
                0x000000000000247a                TinyGPSPlus::printData()
                0x000000000000270c                TinyGPSPlus::handler()
                0x000000000000281e                TinyGPSPlus::mSTimerCallback()
                0x000000000000284c                TinyGPSPlus::getHDOPStr(char*)
 .text          0x000000000000289a      0x91c Build_mc/rtc.o
                0x000000000000289a                dec2bcd(unsigned char)
                0x00000000000028a8                bcd2dec(unsigned char)
                0x00000000000028ba                rtc_read_byte(unsigned char)
                0x00000000000028dc                rtc_write_byte(unsigned char, unsigned char)
                0x00000000000028fe                rtc_init()
                0x000000000000295c                rtc_setup_ext_init()
                0x000000000000297c                rtc_is_ds1307()
                0x0000000000002982                rtc_is_ds3231()
                0x0000000000002988                rtc_set_ds1307()
                0x0000000000002994                rtc_set_ds3231()
                0x00000000000029a0                rtc_get_time()
                0x0000000000002ad0                rtc_get_time_s(unsigned char*, unsigned char*, unsigned char*)
                0x0000000000002b8e                rtc_set_time(tm*)
                0x0000000000002c16                rtc_set_time_s(unsigned char, unsigned char, unsigned char)
                0x0000000000002c56                rtc_run_clock(bool)
                0x0000000000002c7c                rtc_is_clock_running()
                0x0000000000002c92                ds3231_get_temp_int(signed char*, unsigned char*)
                0x0000000000002cfa                rtc_force_temp_conversion(unsigned char)
                0x0000000000002d68                rtc_get_sram_byte(unsigned char)
                0x0000000000002d8c                rtc_get_sram(unsigned char*)
                0x0000000000002db0                rtc_set_sram_byte(unsigned char, unsigned char)
                0x0000000000002dd4                rtc_set_sram(unsigned char*)
                0x0000000000002df8                rtc_SQW_enable(bool)
                0x0000000000002e7c                rtc_SQW_set_freq(RTC_SQW_FREQ)
                0x0000000000002ef8                rtc_osc32kHz_enable(bool)
                0x0000000000002f4e                rtc_reset_alarm()
                0x0000000000002f8e                rtc_set_alarm_s(unsigned char, unsigned char, unsigned char)
                0x0000000000003050                rtc_set_alarm(tm*)
                0x0000000000003062                rtc_get_alarm_s(unsigned char*, unsigned char*, unsigned char*)
                0x00000000000030e6                rtc_get_alarm()
                0x0000000000003130                rtc_check_alarm()
 .text          0x00000000000031b6      0x18a Build_mc/scheduling.o
                0x00000000000031b6                SchedulingManage::checkIfInSendTime(tm*)
                0x000000000000322a                SchedulingManage::_calcNextAlarm(tm*)
                0x00000000000032a6                SchedulingManage::alarmHandler()
 .text          0x0000000000003340      0x3b2 Build_mc/twi-lowlevel.o
                0x0000000000003340                twi_init()
                0x0000000000003368                twi_setAddress(unsigned char)
                0x0000000000003370                twi_readFrom(unsigned char, unsigned char*, unsigned char)
                0x00000000000033d2                twi_writeTo(unsigned char, unsigned char*, unsigned char, unsigned char)
                0x0000000000003450                twi_transmit(unsigned char*, unsigned char)
                0x0000000000003482                twi_attachSlaveRxEvent(void (*)(unsigned char*, int))
                0x000000000000348c                twi_attachSlaveTxEvent(void (*)())
                0x0000000000003496                twi_reply(unsigned char)
                0x00000000000034a6                twi_stop()
                0x00000000000034ba                twi_releaseBus()
                0x00000000000034c6                __vector_24
 .text          0x00000000000036f2      0x1c6 Build_mc/twi.o
                0x00000000000036f2                onReceiveService(unsigned char*, int)
                0x0000000000003746                onRequestService()
                0x000000000000375e                twi_init_master()
                0x0000000000003772                twi_init_slave(unsigned char)
                0x000000000000378a                twi_request_from(unsigned char, unsigned char)
                0x00000000000037a4                twi_begin_transmission(unsigned char)
                0x00000000000037b8                twi_end_transmission()
                0x00000000000037d8                twi_send_byte(unsigned char)
                0x0000000000003822                twi_send(unsigned char*, unsigned char)
                0x0000000000003862                twi_send_char(char*)
                0x0000000000003876                twi_available()
                0x0000000000003882                twi_receive()
                0x00000000000038a4                twi_set_on_receive(void (*)(int))
                0x00000000000038ae                twi_set_on_request(void (*)())
 .text          0x00000000000038b8      0x932 Build_mc/command_layer.o
                0x00000000000038b8                CmdProcess::init()
                0x00000000000038ba                CmdProcess::detect()
                0x000000000000419a                CmdProcess::incrBuffCount()
                0x00000000000041b4                CmdProcess::store(char)
                0x00000000000041c4                CmdProcess::start_storing(char)
                0x00000000000041ce                CmdProcess::_readCountManage(int)
 .text          0x00000000000041ea      0x130 Build_mc/battery.o
                0x00000000000041ea                readVccVoltage()
                0x00000000000042ce                readVccVoltageFloat()
 .text          0x000000000000431a      0x3c8 Build_mc/medium_collar.o
                0x000000000000431a                generateReleasePkt(char*, float, tm*)
                0x0000000000004406                firstTimeMOtorRoutine()
                0x00000000000044c4                runMotor()
                0x0000000000004506                setReleaseTime()
                0x0000000000004534                checkIfReleaseTime(tm*)
                0x00000000000045ba                releaseHandler(unsigned char)
 .text          0x00000000000046e2      0x214 Build_mc/eeprom_hal.o
                0x00000000000046e2                EEPROM_read(unsigned int, unsigned char*)
                0x0000000000004708                EEPROM_write(unsigned int, unsigned char)
                0x000000000000472c                EEPROM_update(unsigned int, unsigned char)
                0x0000000000004798                EEPROM_update_batch(unsigned int, void*, unsigned int)
                0x00000000000047d6                EEPROM_read_batch(unsigned int, void*, unsigned int)
                0x0000000000004822                storeTimeInEEPROM(tm*, unsigned int)
                0x0000000000004888                redTimeFromEEPROM(tm*, unsigned int)
 .text          0x00000000000048f6      0x16e Build_mc/ext_mem_eeprom.o
                0x00000000000048f6                getNextAddress()
                0x000000000000491a                updateNextAddress(unsigned int)
                0x0000000000004934                sotreData(char*)
                0x00000000000049a2                generateStorePacket(TinyGPSPlus&, tm*, char*)
                0x0000000000004a2c                storeDataPointInEEPROM(TinyGPSPlus&, tm*)
 .text          0x0000000000004a64      0x1d4 Build_mc/24c64.o
                0x0000000000004a64                EEOpen()
                0x0000000000004a76                EEWriteByte(unsigned int, unsigned char)
                0x0000000000004b22                EEReadByte(unsigned int)
                0x0000000000004bfa                EEWriteString(unsigned int, char*, unsigned char)
 .text          0x0000000000004c38        0x0 /opt/homebrew/Cellar/avr-gcc@9/9.3.0_3/lib/avr-gcc/9/gcc/avr/9.3.0/avr5/libgcc.a(_mulsi3.o)
 .text          0x0000000000004c38        0x0 /opt/homebrew/Cellar/avr-gcc@9/9.3.0_3/lib/avr-gcc/9/gcc/avr/9.3.0/avr5/libgcc.a(_udivmodqi4.o)
 .text          0x0000000000004c38        0x0 /opt/homebrew/Cellar/avr-gcc@9/9.3.0_3/lib/avr-gcc/9/gcc/avr/9.3.0/avr5/libgcc.a(_udivmodhi4.o)
 .text          0x0000000000004c38        0x0 /opt/homebrew/Cellar/avr-gcc@9/9.3.0_3/lib/avr-gcc/9/gcc/avr/9.3.0/avr5/libgcc.a(_divmodhi4.o)
 .text          0x0000000000004c38        0x0 /opt/homebrew/Cellar/avr-gcc@9/9.3.0_3/lib/avr-gcc/9/gcc/avr/9.3.0/avr5/libgcc.a(_udivmodsi4.o)
 .text          0x0000000000004c38        0x0 /opt/homebrew/Cellar/avr-gcc@9/9.3.0_3/lib/avr-gcc/9/gcc/avr/9.3.0/avr5/libgcc.a(_exit.o)
 .text          0x0000000000004c38        0x0 /opt/homebrew/Cellar/avr-gcc@9/9.3.0_3/lib/avr-gcc/9/gcc/avr/9.3.0/avr5/libgcc.a(_tablejump2.o)
 .text          0x0000000000004c38        0x0 /opt/homebrew/Cellar/avr-gcc@9/9.3.0_3/lib/avr-gcc/9/gcc/avr/9.3.0/avr5/libgcc.a(_copy_data.o)
 .text          0x0000000000004c38        0x0 /opt/homebrew/Cellar/avr-gcc@9/9.3.0_3/lib/avr-gcc/9/gcc/avr/9.3.0/avr5/libgcc.a(_clear_bss.o)
 .text          0x0000000000004c38        0x0 /opt/homebrew/Cellar/avr-gcc@9/9.3.0_3/lib/avr-gcc/9/gcc/avr/9.3.0/avr5/libgcc.a(_ctors.o)
 .text          0x0000000000004c38        0x0 /opt/homebrew/Cellar/avr-gcc@9/9.3.0_3/lib/avr-gcc/9/gcc/avr/9.3.0/avr5/libgcc.a(_muluhisi3.o)
 .text          0x0000000000004c38        0x0 /opt/homebrew/Cellar/avr-gcc@9/9.3.0_3/lib/avr-gcc/9/gcc/avr/9.3.0/avr5/libgcc.a(_mulshisi3.o)
 .text          0x0000000000004c38        0x0 /opt/homebrew/Cellar/avr-gcc@9/9.3.0_3/lib/avr-gcc/9/gcc/avr/9.3.0/avr5/libgcc.a(_divdi3.o)
 .text          0x0000000000004c38        0x0 /opt/homebrew/Cellar/avr-gcc@9/9.3.0_3/lib/avr-gcc/9/gcc/avr/9.3.0/avr5/libgcc.a(_udivdi3.o)
 .text          0x0000000000004c38        0x0 /opt/homebrew/Cellar/avr-gcc@9/9.3.0_3/lib/avr-gcc/9/gcc/avr/9.3.0/avr5/libgcc.a(_udivmod64.o)
 .text          0x0000000000004c38        0x0 /opt/homebrew/Cellar/avr-gcc@9/9.3.0_3/lib/avr-gcc/9/gcc/avr/9.3.0/avr5/libgcc.a(_negdi2.o)
 .text          0x0000000000004c38        0x0 /opt/homebrew/Cellar/avr-gcc@9/9.3.0_3/lib/avr-gcc/9/gcc/avr/9.3.0/avr5/libgcc.a(_prologue.o)
 .text          0x0000000000004c38        0x0 /opt/homebrew/Cellar/avr-gcc@9/9.3.0_3/lib/avr-gcc/9/gcc/avr/9.3.0/avr5/libgcc.a(_epilogue.o)
 .text          0x0000000000004c38        0x0 /opt/homebrew/Cellar/avr-gcc@9/9.3.0_3/lib/avr-gcc/9/gcc/avr/9.3.0/avr5/libgcc.a(_ashldi3.o)
 .text          0x0000000000004c38        0x0 /opt/homebrew/Cellar/avr-gcc@9/9.3.0_3/lib/avr-gcc/9/gcc/avr/9.3.0/avr5/libgcc.a(_ashrdi3.o)
 .text          0x0000000000004c38        0x0 /opt/homebrew/Cellar/avr-gcc@9/9.3.0_3/lib/avr-gcc/9/gcc/avr/9.3.0/avr5/libgcc.a(_umulhisi3.o)
 .text          0x0000000000004c38        0x0 /opt/homebrew/Cellar/avr-gcc@9/9.3.0_3/lib/avr-gcc/9/gcc/avr/9.3.0/../../../../../../avr/lib/avr5/libm.a(addsf3.o)
 .text          0x0000000000004c38        0x0 /opt/homebrew/Cellar/avr-gcc@9/9.3.0_3/lib/avr-gcc/9/gcc/avr/9.3.0/../../../../../../avr/lib/avr5/libm.a(addsf3x.o)
 .text          0x0000000000004c38        0x0 /opt/homebrew/Cellar/avr-gcc@9/9.3.0_3/lib/avr-gcc/9/gcc/avr/9.3.0/../../../../../../avr/lib/avr5/libm.a(divsf3.o)
 .text          0x0000000000004c38        0x0 /opt/homebrew/Cellar/avr-gcc@9/9.3.0_3/lib/avr-gcc/9/gcc/avr/9.3.0/../../../../../../avr/lib/avr5/libm.a(divsf3x.o)
 .text          0x0000000000004c38        0x0 /opt/homebrew/Cellar/avr-gcc@9/9.3.0_3/lib/avr-gcc/9/gcc/avr/9.3.0/../../../../../../avr/lib/avr5/libm.a(fixsfsi.o)
 .text          0x0000000000004c38        0x0 /opt/homebrew/Cellar/avr-gcc@9/9.3.0_3/lib/avr-gcc/9/gcc/avr/9.3.0/../../../../../../avr/lib/avr5/libm.a(fixunssfsi.o)
 .text          0x0000000000004c38        0x0 /opt/homebrew/Cellar/avr-gcc@9/9.3.0_3/lib/avr-gcc/9/gcc/avr/9.3.0/../../../../../../avr/lib/avr5/libm.a(floatsisf.o)
 .text          0x0000000000004c38        0x0 /opt/homebrew/Cellar/avr-gcc@9/9.3.0_3/lib/avr-gcc/9/gcc/avr/9.3.0/../../../../../../avr/lib/avr5/libm.a(fp_inf.o)
 .text          0x0000000000004c38        0x0 /opt/homebrew/Cellar/avr-gcc@9/9.3.0_3/lib/avr-gcc/9/gcc/avr/9.3.0/../../../../../../avr/lib/avr5/libm.a(fp_nan.o)
 .text          0x0000000000004c38        0x0 /opt/homebrew/Cellar/avr-gcc@9/9.3.0_3/lib/avr-gcc/9/gcc/avr/9.3.0/../../../../../../avr/lib/avr5/libm.a(fp_pscA.o)
 .text          0x0000000000004c38        0x0 /opt/homebrew/Cellar/avr-gcc@9/9.3.0_3/lib/avr-gcc/9/gcc/avr/9.3.0/../../../../../../avr/lib/avr5/libm.a(fp_pscB.o)
 .text          0x0000000000004c38        0x0 /opt/homebrew/Cellar/avr-gcc@9/9.3.0_3/lib/avr-gcc/9/gcc/avr/9.3.0/../../../../../../avr/lib/avr5/libm.a(fp_round.o)
 .text          0x0000000000004c38        0x0 /opt/homebrew/Cellar/avr-gcc@9/9.3.0_3/lib/avr-gcc/9/gcc/avr/9.3.0/../../../../../../avr/lib/avr5/libm.a(fp_split3.o)
 .text          0x0000000000004c38        0x0 /opt/homebrew/Cellar/avr-gcc@9/9.3.0_3/lib/avr-gcc/9/gcc/avr/9.3.0/../../../../../../avr/lib/avr5/libm.a(fp_zero.o)
 .text          0x0000000000004c38        0x0 /opt/homebrew/Cellar/avr-gcc@9/9.3.0_3/lib/avr-gcc/9/gcc/avr/9.3.0/../../../../../../avr/lib/avr5/libm.a(mulsf3.o)
 .text          0x0000000000004c38        0x0 /opt/homebrew/Cellar/avr-gcc@9/9.3.0_3/lib/avr-gcc/9/gcc/avr/9.3.0/../../../../../../avr/lib/avr5/libm.a(mulsf3x.o)
 .text          0x0000000000004c38        0x0 /opt/homebrew/Cellar/avr-gcc@9/9.3.0_3/lib/avr-gcc/9/gcc/avr/9.3.0/../../../../../../avr/lib/avr5/libc.a(atol.o)
 .text          0x0000000000004c38        0x0 /opt/homebrew/Cellar/avr-gcc@9/9.3.0_3/lib/avr-gcc/9/gcc/avr/9.3.0/../../../../../../avr/lib/avr5/libc.a(ftoa_engine.o)
 .text          0x0000000000004c38        0x0 /opt/homebrew/Cellar/avr-gcc@9/9.3.0_3/lib/avr-gcc/9/gcc/avr/9.3.0/../../../../../../avr/lib/avr5/libc.a(strnlen_P.o)
 .text          0x0000000000004c38        0x0 /opt/homebrew/Cellar/avr-gcc@9/9.3.0_3/lib/avr-gcc/9/gcc/avr/9.3.0/../../../../../../avr/lib/avr5/libc.a(strcmp.o)
 .text          0x0000000000004c38        0x0 /opt/homebrew/Cellar/avr-gcc@9/9.3.0_3/lib/avr-gcc/9/gcc/avr/9.3.0/../../../../../../avr/lib/avr5/libc.a(strcpy.o)
 .text          0x0000000000004c38        0x0 /opt/homebrew/Cellar/avr-gcc@9/9.3.0_3/lib/avr-gcc/9/gcc/avr/9.3.0/../../../../../../avr/lib/avr5/libc.a(strncpy.o)
 .text          0x0000000000004c38        0x0 /opt/homebrew/Cellar/avr-gcc@9/9.3.0_3/lib/avr-gcc/9/gcc/avr/9.3.0/../../../../../../avr/lib/avr5/libc.a(strnlen.o)
 .text          0x0000000000004c38        0x0 /opt/homebrew/Cellar/avr-gcc@9/9.3.0_3/lib/avr-gcc/9/gcc/avr/9.3.0/../../../../../../avr/lib/avr5/libc.a(mulsi10.o)
 .text          0x0000000000004c38        0x0 /opt/homebrew/Cellar/avr-gcc@9/9.3.0_3/lib/avr-gcc/9/gcc/avr/9.3.0/../../../../../../avr/lib/avr5/libc.a(fdevopen.o)
 .text          0x0000000000004c38        0x0 /opt/homebrew/Cellar/avr-gcc@9/9.3.0_3/lib/avr-gcc/9/gcc/avr/9.3.0/../../../../../../avr/lib/avr5/libc.a(fputc.o)
 .text          0x0000000000004c38        0x0 /opt/homebrew/Cellar/avr-gcc@9/9.3.0_3/lib/avr-gcc/9/gcc/avr/9.3.0/../../../../../../avr/lib/avr5/libc.a(iob.o)
 .text          0x0000000000004c38        0x0 /opt/homebrew/Cellar/avr-gcc@9/9.3.0_3/lib/avr-gcc/9/gcc/avr/9.3.0/../../../../../../avr/lib/avr5/libc.a(printf.o)
 .text          0x0000000000004c38        0x0 /opt/homebrew/Cellar/avr-gcc@9/9.3.0_3/lib/avr-gcc/9/gcc/avr/9.3.0/../../../../../../avr/lib/avr5/libc.a(putchar.o)
 .text          0x0000000000004c38        0x0 /opt/homebrew/Cellar/avr-gcc@9/9.3.0_3/lib/avr-gcc/9/gcc/avr/9.3.0/../../../../../../avr/lib/avr5/libc.a(puts.o)
 .text          0x0000000000004c38        0x0 /opt/homebrew/Cellar/avr-gcc@9/9.3.0_3/lib/avr-gcc/9/gcc/avr/9.3.0/../../../../../../avr/lib/avr5/libc.a(sprintf.o)
 .text          0x0000000000004c38        0x0 /opt/homebrew/Cellar/avr-gcc@9/9.3.0_3/lib/avr-gcc/9/gcc/avr/9.3.0/../../../../../../avr/lib/avr5/libc.a(ultoa_invert.o)
 .text          0x0000000000004c38        0x0 /opt/homebrew/Cellar/avr-gcc@9/9.3.0_3/lib/avr-gcc/9/gcc/avr/9.3.0/../../../../../../avr/lib/avr5/libc.a(calloc.o)
 .text          0x0000000000004c38        0x0 /opt/homebrew/Cellar/avr-gcc@9/9.3.0_3/lib/avr-gcc/9/gcc/avr/9.3.0/../../../../../../avr/lib/avr5/libc.a(malloc.o)
 .text          0x0000000000004c38        0x0 /opt/homebrew/Cellar/avr-gcc@9/9.3.0_3/lib/avr-gcc/9/gcc/avr/9.3.0/../../../../../../avr/lib/avr5/libc.a(memset.o)
                0x0000000000004c38                . = ALIGN (0x2)
 *(.text.*)
 .text.avr-libc
                0x0000000000004c38      0x708 /opt/homebrew/Cellar/avr-gcc@9/9.3.0_3/lib/avr-gcc/9/gcc/avr/9.3.0/../../../../../../avr/lib/avr5/libprintf_flt.a(vfprintf_flt.o)
                0x0000000000004c38                vfprintf
 .text.startup  0x0000000000005340      0x274 Build_mc/main.o
                0x0000000000005340                main
 .text.startup  0x00000000000055b4       0x16 Build_mc/mcu_call_functions.o
 .text.libgcc.mul
                0x00000000000055ca       0x20 /opt/homebrew/Cellar/avr-gcc@9/9.3.0_3/lib/avr-gcc/9/gcc/avr/9.3.0/avr5/libgcc.a(_mulsi3.o)
                0x00000000000055ca                __mulsi3
 .text.libgcc.div
                0x00000000000055ea        0x0 /opt/homebrew/Cellar/avr-gcc@9/9.3.0_3/lib/avr-gcc/9/gcc/avr/9.3.0/avr5/libgcc.a(_mulsi3.o)
 .text.libgcc   0x00000000000055ea        0x0 /opt/homebrew/Cellar/avr-gcc@9/9.3.0_3/lib/avr-gcc/9/gcc/avr/9.3.0/avr5/libgcc.a(_mulsi3.o)
 .text.libgcc.prologue
                0x00000000000055ea        0x0 /opt/homebrew/Cellar/avr-gcc@9/9.3.0_3/lib/avr-gcc/9/gcc/avr/9.3.0/avr5/libgcc.a(_mulsi3.o)
 .text.libgcc.builtins
                0x00000000000055ea        0x0 /opt/homebrew/Cellar/avr-gcc@9/9.3.0_3/lib/avr-gcc/9/gcc/avr/9.3.0/avr5/libgcc.a(_mulsi3.o)
 .text.libgcc.fmul
                0x00000000000055ea        0x0 /opt/homebrew/Cellar/avr-gcc@9/9.3.0_3/lib/avr-gcc/9/gcc/avr/9.3.0/avr5/libgcc.a(_mulsi3.o)
 .text.libgcc.fixed
                0x00000000000055ea        0x0 /opt/homebrew/Cellar/avr-gcc@9/9.3.0_3/lib/avr-gcc/9/gcc/avr/9.3.0/avr5/libgcc.a(_mulsi3.o)
 .text.libgcc.mul
                0x00000000000055ea        0x0 /opt/homebrew/Cellar/avr-gcc@9/9.3.0_3/lib/avr-gcc/9/gcc/avr/9.3.0/avr5/libgcc.a(_udivmodqi4.o)
 .text.libgcc.div
                0x00000000000055ea       0x18 /opt/homebrew/Cellar/avr-gcc@9/9.3.0_3/lib/avr-gcc/9/gcc/avr/9.3.0/avr5/libgcc.a(_udivmodqi4.o)
                0x00000000000055ea                __udivmodqi4
 .text.libgcc   0x0000000000005602        0x0 /opt/homebrew/Cellar/avr-gcc@9/9.3.0_3/lib/avr-gcc/9/gcc/avr/9.3.0/avr5/libgcc.a(_udivmodqi4.o)
 .text.libgcc.prologue
                0x0000000000005602        0x0 /opt/homebrew/Cellar/avr-gcc@9/9.3.0_3/lib/avr-gcc/9/gcc/avr/9.3.0/avr5/libgcc.a(_udivmodqi4.o)
 .text.libgcc.builtins
                0x0000000000005602        0x0 /opt/homebrew/Cellar/avr-gcc@9/9.3.0_3/lib/avr-gcc/9/gcc/avr/9.3.0/avr5/libgcc.a(_udivmodqi4.o)
 .text.libgcc.fmul
                0x0000000000005602        0x0 /opt/homebrew/Cellar/avr-gcc@9/9.3.0_3/lib/avr-gcc/9/gcc/avr/9.3.0/avr5/libgcc.a(_udivmodqi4.o)
 .text.libgcc.fixed
                0x0000000000005602        0x0 /opt/homebrew/Cellar/avr-gcc@9/9.3.0_3/lib/avr-gcc/9/gcc/avr/9.3.0/avr5/libgcc.a(_udivmodqi4.o)
 .text.libgcc.mul
                0x0000000000005602        0x0 /opt/homebrew/Cellar/avr-gcc@9/9.3.0_3/lib/avr-gcc/9/gcc/avr/9.3.0/avr5/libgcc.a(_udivmodhi4.o)
 .text.libgcc.div
                0x0000000000005602       0x28 /opt/homebrew/Cellar/avr-gcc@9/9.3.0_3/lib/avr-gcc/9/gcc/avr/9.3.0/avr5/libgcc.a(_udivmodhi4.o)
                0x0000000000005602                __udivmodhi4
 .text.libgcc   0x000000000000562a        0x0 /opt/homebrew/Cellar/avr-gcc@9/9.3.0_3/lib/avr-gcc/9/gcc/avr/9.3.0/avr5/libgcc.a(_udivmodhi4.o)
 .text.libgcc.prologue
                0x000000000000562a        0x0 /opt/homebrew/Cellar/avr-gcc@9/9.3.0_3/lib/avr-gcc/9/gcc/avr/9.3.0/avr5/libgcc.a(_udivmodhi4.o)
 .text.libgcc.builtins
                0x000000000000562a        0x0 /opt/homebrew/Cellar/avr-gcc@9/9.3.0_3/lib/avr-gcc/9/gcc/avr/9.3.0/avr5/libgcc.a(_udivmodhi4.o)
 .text.libgcc.fmul
                0x000000000000562a        0x0 /opt/homebrew/Cellar/avr-gcc@9/9.3.0_3/lib/avr-gcc/9/gcc/avr/9.3.0/avr5/libgcc.a(_udivmodhi4.o)
 .text.libgcc.fixed
                0x000000000000562a        0x0 /opt/homebrew/Cellar/avr-gcc@9/9.3.0_3/lib/avr-gcc/9/gcc/avr/9.3.0/avr5/libgcc.a(_udivmodhi4.o)
 .text.libgcc.mul
                0x000000000000562a        0x0 /opt/homebrew/Cellar/avr-gcc@9/9.3.0_3/lib/avr-gcc/9/gcc/avr/9.3.0/avr5/libgcc.a(_divmodhi4.o)
 .text.libgcc.div
                0x000000000000562a       0x28 /opt/homebrew/Cellar/avr-gcc@9/9.3.0_3/lib/avr-gcc/9/gcc/avr/9.3.0/avr5/libgcc.a(_divmodhi4.o)
                0x000000000000562a                __divmodhi4
                0x000000000000562a                _div
 .text.libgcc   0x0000000000005652        0x0 /opt/homebrew/Cellar/avr-gcc@9/9.3.0_3/lib/avr-gcc/9/gcc/avr/9.3.0/avr5/libgcc.a(_divmodhi4.o)
 .text.libgcc.prologue
                0x0000000000005652        0x0 /opt/homebrew/Cellar/avr-gcc@9/9.3.0_3/lib/avr-gcc/9/gcc/avr/9.3.0/avr5/libgcc.a(_divmodhi4.o)
 .text.libgcc.builtins
                0x0000000000005652        0x0 /opt/homebrew/Cellar/avr-gcc@9/9.3.0_3/lib/avr-gcc/9/gcc/avr/9.3.0/avr5/libgcc.a(_divmodhi4.o)
 .text.libgcc.fmul
                0x0000000000005652        0x0 /opt/homebrew/Cellar/avr-gcc@9/9.3.0_3/lib/avr-gcc/9/gcc/avr/9.3.0/avr5/libgcc.a(_divmodhi4.o)
 .text.libgcc.fixed
                0x0000000000005652        0x0 /opt/homebrew/Cellar/avr-gcc@9/9.3.0_3/lib/avr-gcc/9/gcc/avr/9.3.0/avr5/libgcc.a(_divmodhi4.o)
 .text.libgcc.mul
                0x0000000000005652        0x0 /opt/homebrew/Cellar/avr-gcc@9/9.3.0_3/lib/avr-gcc/9/gcc/avr/9.3.0/avr5/libgcc.a(_udivmodsi4.o)
 .text.libgcc.div
                0x0000000000005652       0x44 /opt/homebrew/Cellar/avr-gcc@9/9.3.0_3/lib/avr-gcc/9/gcc/avr/9.3.0/avr5/libgcc.a(_udivmodsi4.o)
                0x0000000000005652                __udivmodsi4
 .text.libgcc   0x0000000000005696        0x0 /opt/homebrew/Cellar/avr-gcc@9/9.3.0_3/lib/avr-gcc/9/gcc/avr/9.3.0/avr5/libgcc.a(_udivmodsi4.o)
 .text.libgcc.prologue
                0x0000000000005696        0x0 /opt/homebrew/Cellar/avr-gcc@9/9.3.0_3/lib/avr-gcc/9/gcc/avr/9.3.0/avr5/libgcc.a(_udivmodsi4.o)
 .text.libgcc.builtins
                0x0000000000005696        0x0 /opt/homebrew/Cellar/avr-gcc@9/9.3.0_3/lib/avr-gcc/9/gcc/avr/9.3.0/avr5/libgcc.a(_udivmodsi4.o)
 .text.libgcc.fmul
                0x0000000000005696        0x0 /opt/homebrew/Cellar/avr-gcc@9/9.3.0_3/lib/avr-gcc/9/gcc/avr/9.3.0/avr5/libgcc.a(_udivmodsi4.o)
 .text.libgcc.fixed
                0x0000000000005696        0x0 /opt/homebrew/Cellar/avr-gcc@9/9.3.0_3/lib/avr-gcc/9/gcc/avr/9.3.0/avr5/libgcc.a(_udivmodsi4.o)
 .text.libgcc.mul
                0x0000000000005696        0x0 /opt/homebrew/Cellar/avr-gcc@9/9.3.0_3/lib/avr-gcc/9/gcc/avr/9.3.0/avr5/libgcc.a(_exit.o)
 .text.libgcc.div
                0x0000000000005696        0x0 /opt/homebrew/Cellar/avr-gcc@9/9.3.0_3/lib/avr-gcc/9/gcc/avr/9.3.0/avr5/libgcc.a(_exit.o)
 .text.libgcc   0x0000000000005696        0x0 /opt/homebrew/Cellar/avr-gcc@9/9.3.0_3/lib/avr-gcc/9/gcc/avr/9.3.0/avr5/libgcc.a(_exit.o)
 .text.libgcc.prologue
                0x0000000000005696        0x0 /opt/homebrew/Cellar/avr-gcc@9/9.3.0_3/lib/avr-gcc/9/gcc/avr/9.3.0/avr5/libgcc.a(_exit.o)
 .text.libgcc.builtins
                0x0000000000005696        0x0 /opt/homebrew/Cellar/avr-gcc@9/9.3.0_3/lib/avr-gcc/9/gcc/avr/9.3.0/avr5/libgcc.a(_exit.o)
 .text.libgcc.fmul
                0x0000000000005696        0x0 /opt/homebrew/Cellar/avr-gcc@9/9.3.0_3/lib/avr-gcc/9/gcc/avr/9.3.0/avr5/libgcc.a(_exit.o)
 .text.libgcc.fixed
                0x0000000000005696        0x0 /opt/homebrew/Cellar/avr-gcc@9/9.3.0_3/lib/avr-gcc/9/gcc/avr/9.3.0/avr5/libgcc.a(_exit.o)
 .text.libgcc.mul
                0x0000000000005696        0x0 /opt/homebrew/Cellar/avr-gcc@9/9.3.0_3/lib/avr-gcc/9/gcc/avr/9.3.0/avr5/libgcc.a(_tablejump2.o)
 .text.libgcc.div
                0x0000000000005696        0x0 /opt/homebrew/Cellar/avr-gcc@9/9.3.0_3/lib/avr-gcc/9/gcc/avr/9.3.0/avr5/libgcc.a(_tablejump2.o)
 .text.libgcc   0x0000000000005696        0xc /opt/homebrew/Cellar/avr-gcc@9/9.3.0_3/lib/avr-gcc/9/gcc/avr/9.3.0/avr5/libgcc.a(_tablejump2.o)
                0x0000000000005696                __tablejump2__
 .text.libgcc.prologue
                0x00000000000056a2        0x0 /opt/homebrew/Cellar/avr-gcc@9/9.3.0_3/lib/avr-gcc/9/gcc/avr/9.3.0/avr5/libgcc.a(_tablejump2.o)
 .text.libgcc.builtins
                0x00000000000056a2        0x0 /opt/homebrew/Cellar/avr-gcc@9/9.3.0_3/lib/avr-gcc/9/gcc/avr/9.3.0/avr5/libgcc.a(_tablejump2.o)
 .text.libgcc.fmul
                0x00000000000056a2        0x0 /opt/homebrew/Cellar/avr-gcc@9/9.3.0_3/lib/avr-gcc/9/gcc/avr/9.3.0/avr5/libgcc.a(_tablejump2.o)
 .text.libgcc.fixed
                0x00000000000056a2        0x0 /opt/homebrew/Cellar/avr-gcc@9/9.3.0_3/lib/avr-gcc/9/gcc/avr/9.3.0/avr5/libgcc.a(_tablejump2.o)
 .text.libgcc.mul
                0x00000000000056a2        0x0 /opt/homebrew/Cellar/avr-gcc@9/9.3.0_3/lib/avr-gcc/9/gcc/avr/9.3.0/avr5/libgcc.a(_copy_data.o)
 .text.libgcc.div
                0x00000000000056a2        0x0 /opt/homebrew/Cellar/avr-gcc@9/9.3.0_3/lib/avr-gcc/9/gcc/avr/9.3.0/avr5/libgcc.a(_copy_data.o)
 .text.libgcc   0x00000000000056a2        0x0 /opt/homebrew/Cellar/avr-gcc@9/9.3.0_3/lib/avr-gcc/9/gcc/avr/9.3.0/avr5/libgcc.a(_copy_data.o)
 .text.libgcc.prologue
                0x00000000000056a2        0x0 /opt/homebrew/Cellar/avr-gcc@9/9.3.0_3/lib/avr-gcc/9/gcc/avr/9.3.0/avr5/libgcc.a(_copy_data.o)
 .text.libgcc.builtins
                0x00000000000056a2        0x0 /opt/homebrew/Cellar/avr-gcc@9/9.3.0_3/lib/avr-gcc/9/gcc/avr/9.3.0/avr5/libgcc.a(_copy_data.o)
 .text.libgcc.fmul
                0x00000000000056a2        0x0 /opt/homebrew/Cellar/avr-gcc@9/9.3.0_3/lib/avr-gcc/9/gcc/avr/9.3.0/avr5/libgcc.a(_copy_data.o)
 .text.libgcc.fixed
                0x00000000000056a2        0x0 /opt/homebrew/Cellar/avr-gcc@9/9.3.0_3/lib/avr-gcc/9/gcc/avr/9.3.0/avr5/libgcc.a(_copy_data.o)
 .text.libgcc.mul
                0x00000000000056a2        0x0 /opt/homebrew/Cellar/avr-gcc@9/9.3.0_3/lib/avr-gcc/9/gcc/avr/9.3.0/avr5/libgcc.a(_clear_bss.o)
 .text.libgcc.div
                0x00000000000056a2        0x0 /opt/homebrew/Cellar/avr-gcc@9/9.3.0_3/lib/avr-gcc/9/gcc/avr/9.3.0/avr5/libgcc.a(_clear_bss.o)
 .text.libgcc   0x00000000000056a2        0x0 /opt/homebrew/Cellar/avr-gcc@9/9.3.0_3/lib/avr-gcc/9/gcc/avr/9.3.0/avr5/libgcc.a(_clear_bss.o)
 .text.libgcc.prologue
                0x00000000000056a2        0x0 /opt/homebrew/Cellar/avr-gcc@9/9.3.0_3/lib/avr-gcc/9/gcc/avr/9.3.0/avr5/libgcc.a(_clear_bss.o)
 .text.libgcc.builtins
                0x00000000000056a2        0x0 /opt/homebrew/Cellar/avr-gcc@9/9.3.0_3/lib/avr-gcc/9/gcc/avr/9.3.0/avr5/libgcc.a(_clear_bss.o)
 .text.libgcc.fmul
                0x00000000000056a2        0x0 /opt/homebrew/Cellar/avr-gcc@9/9.3.0_3/lib/avr-gcc/9/gcc/avr/9.3.0/avr5/libgcc.a(_clear_bss.o)
 .text.libgcc.fixed
                0x00000000000056a2        0x0 /opt/homebrew/Cellar/avr-gcc@9/9.3.0_3/lib/avr-gcc/9/gcc/avr/9.3.0/avr5/libgcc.a(_clear_bss.o)
 .text.libgcc.mul
                0x00000000000056a2        0x0 /opt/homebrew/Cellar/avr-gcc@9/9.3.0_3/lib/avr-gcc/9/gcc/avr/9.3.0/avr5/libgcc.a(_ctors.o)
 .text.libgcc.div
                0x00000000000056a2        0x0 /opt/homebrew/Cellar/avr-gcc@9/9.3.0_3/lib/avr-gcc/9/gcc/avr/9.3.0/avr5/libgcc.a(_ctors.o)
 .text.libgcc   0x00000000000056a2        0x0 /opt/homebrew/Cellar/avr-gcc@9/9.3.0_3/lib/avr-gcc/9/gcc/avr/9.3.0/avr5/libgcc.a(_ctors.o)
 .text.libgcc.prologue
                0x00000000000056a2        0x0 /opt/homebrew/Cellar/avr-gcc@9/9.3.0_3/lib/avr-gcc/9/gcc/avr/9.3.0/avr5/libgcc.a(_ctors.o)
 .text.libgcc.builtins
                0x00000000000056a2        0x0 /opt/homebrew/Cellar/avr-gcc@9/9.3.0_3/lib/avr-gcc/9/gcc/avr/9.3.0/avr5/libgcc.a(_ctors.o)
 .text.libgcc.fmul
                0x00000000000056a2        0x0 /opt/homebrew/Cellar/avr-gcc@9/9.3.0_3/lib/avr-gcc/9/gcc/avr/9.3.0/avr5/libgcc.a(_ctors.o)
 .text.libgcc.fixed
                0x00000000000056a2        0x0 /opt/homebrew/Cellar/avr-gcc@9/9.3.0_3/lib/avr-gcc/9/gcc/avr/9.3.0/avr5/libgcc.a(_ctors.o)
 .text.libgcc.mul
                0x00000000000056a2       0x16 /opt/homebrew/Cellar/avr-gcc@9/9.3.0_3/lib/avr-gcc/9/gcc/avr/9.3.0/avr5/libgcc.a(_muluhisi3.o)
                0x00000000000056a2                __muluhisi3
 .text.libgcc.div
                0x00000000000056b8        0x0 /opt/homebrew/Cellar/avr-gcc@9/9.3.0_3/lib/avr-gcc/9/gcc/avr/9.3.0/avr5/libgcc.a(_muluhisi3.o)
 .text.libgcc   0x00000000000056b8        0x0 /opt/homebrew/Cellar/avr-gcc@9/9.3.0_3/lib/avr-gcc/9/gcc/avr/9.3.0/avr5/libgcc.a(_muluhisi3.o)
 .text.libgcc.prologue
                0x00000000000056b8        0x0 /opt/homebrew/Cellar/avr-gcc@9/9.3.0_3/lib/avr-gcc/9/gcc/avr/9.3.0/avr5/libgcc.a(_muluhisi3.o)
 .text.libgcc.builtins
                0x00000000000056b8        0x0 /opt/homebrew/Cellar/avr-gcc@9/9.3.0_3/lib/avr-gcc/9/gcc/avr/9.3.0/avr5/libgcc.a(_muluhisi3.o)
 .text.libgcc.fmul
                0x00000000000056b8        0x0 /opt/homebrew/Cellar/avr-gcc@9/9.3.0_3/lib/avr-gcc/9/gcc/avr/9.3.0/avr5/libgcc.a(_muluhisi3.o)
 .text.libgcc.fixed
                0x00000000000056b8        0x0 /opt/homebrew/Cellar/avr-gcc@9/9.3.0_3/lib/avr-gcc/9/gcc/avr/9.3.0/avr5/libgcc.a(_muluhisi3.o)
 .text.libgcc.mul
                0x00000000000056b8       0x10 /opt/homebrew/Cellar/avr-gcc@9/9.3.0_3/lib/avr-gcc/9/gcc/avr/9.3.0/avr5/libgcc.a(_mulshisi3.o)
                0x00000000000056b8                __mulshisi3
                0x00000000000056be                __mulohisi3
 .text.libgcc.div
                0x00000000000056c8        0x0 /opt/homebrew/Cellar/avr-gcc@9/9.3.0_3/lib/avr-gcc/9/gcc/avr/9.3.0/avr5/libgcc.a(_mulshisi3.o)
 .text.libgcc   0x00000000000056c8        0x0 /opt/homebrew/Cellar/avr-gcc@9/9.3.0_3/lib/avr-gcc/9/gcc/avr/9.3.0/avr5/libgcc.a(_mulshisi3.o)
 .text.libgcc.prologue
                0x00000000000056c8        0x0 /opt/homebrew/Cellar/avr-gcc@9/9.3.0_3/lib/avr-gcc/9/gcc/avr/9.3.0/avr5/libgcc.a(_mulshisi3.o)
 .text.libgcc.builtins
                0x00000000000056c8        0x0 /opt/homebrew/Cellar/avr-gcc@9/9.3.0_3/lib/avr-gcc/9/gcc/avr/9.3.0/avr5/libgcc.a(_mulshisi3.o)
 .text.libgcc.fmul
                0x00000000000056c8        0x0 /opt/homebrew/Cellar/avr-gcc@9/9.3.0_3/lib/avr-gcc/9/gcc/avr/9.3.0/avr5/libgcc.a(_mulshisi3.o)
 .text.libgcc.fixed
                0x00000000000056c8        0x0 /opt/homebrew/Cellar/avr-gcc@9/9.3.0_3/lib/avr-gcc/9/gcc/avr/9.3.0/avr5/libgcc.a(_mulshisi3.o)
 .text.libgcc.mul
                0x00000000000056c8        0x0 /opt/homebrew/Cellar/avr-gcc@9/9.3.0_3/lib/avr-gcc/9/gcc/avr/9.3.0/avr5/libgcc.a(_divdi3.o)
 .text.libgcc.div
                0x00000000000056c8       0x62 /opt/homebrew/Cellar/avr-gcc@9/9.3.0_3/lib/avr-gcc/9/gcc/avr/9.3.0/avr5/libgcc.a(_divdi3.o)
                0x00000000000056c8                __moddi3
                0x00000000000056cc                __divdi3
                0x00000000000056ce                __divdi3_moddi3
 .text.libgcc   0x000000000000572a        0x0 /opt/homebrew/Cellar/avr-gcc@9/9.3.0_3/lib/avr-gcc/9/gcc/avr/9.3.0/avr5/libgcc.a(_divdi3.o)
 .text.libgcc.prologue
                0x000000000000572a        0x0 /opt/homebrew/Cellar/avr-gcc@9/9.3.0_3/lib/avr-gcc/9/gcc/avr/9.3.0/avr5/libgcc.a(_divdi3.o)
 .text.libgcc.builtins
                0x000000000000572a        0x0 /opt/homebrew/Cellar/avr-gcc@9/9.3.0_3/lib/avr-gcc/9/gcc/avr/9.3.0/avr5/libgcc.a(_divdi3.o)
 .text.libgcc.fmul
                0x000000000000572a        0x0 /opt/homebrew/Cellar/avr-gcc@9/9.3.0_3/lib/avr-gcc/9/gcc/avr/9.3.0/avr5/libgcc.a(_divdi3.o)
 .text.libgcc.fixed
                0x000000000000572a        0x0 /opt/homebrew/Cellar/avr-gcc@9/9.3.0_3/lib/avr-gcc/9/gcc/avr/9.3.0/avr5/libgcc.a(_divdi3.o)
 .text.libgcc.mul
                0x000000000000572a        0x0 /opt/homebrew/Cellar/avr-gcc@9/9.3.0_3/lib/avr-gcc/9/gcc/avr/9.3.0/avr5/libgcc.a(_udivdi3.o)
 .text.libgcc.div
                0x000000000000572a       0x1c /opt/homebrew/Cellar/avr-gcc@9/9.3.0_3/lib/avr-gcc/9/gcc/avr/9.3.0/avr5/libgcc.a(_udivdi3.o)
                0x000000000000572a                __umoddi3
                0x000000000000572e                __udivdi3
                0x0000000000005730                __udivdi3_umoddi3
 .text.libgcc   0x0000000000005746        0x0 /opt/homebrew/Cellar/avr-gcc@9/9.3.0_3/lib/avr-gcc/9/gcc/avr/9.3.0/avr5/libgcc.a(_udivdi3.o)
 .text.libgcc.prologue
                0x0000000000005746        0x0 /opt/homebrew/Cellar/avr-gcc@9/9.3.0_3/lib/avr-gcc/9/gcc/avr/9.3.0/avr5/libgcc.a(_udivdi3.o)
 .text.libgcc.builtins
                0x0000000000005746        0x0 /opt/homebrew/Cellar/avr-gcc@9/9.3.0_3/lib/avr-gcc/9/gcc/avr/9.3.0/avr5/libgcc.a(_udivdi3.o)
 .text.libgcc.fmul
                0x0000000000005746        0x0 /opt/homebrew/Cellar/avr-gcc@9/9.3.0_3/lib/avr-gcc/9/gcc/avr/9.3.0/avr5/libgcc.a(_udivdi3.o)
 .text.libgcc.fixed
                0x0000000000005746        0x0 /opt/homebrew/Cellar/avr-gcc@9/9.3.0_3/lib/avr-gcc/9/gcc/avr/9.3.0/avr5/libgcc.a(_udivdi3.o)
 .text.libgcc.mul
                0x0000000000005746        0x0 /opt/homebrew/Cellar/avr-gcc@9/9.3.0_3/lib/avr-gcc/9/gcc/avr/9.3.0/avr5/libgcc.a(_udivmod64.o)
 .text.libgcc.div
                0x0000000000005746       0xa2 /opt/homebrew/Cellar/avr-gcc@9/9.3.0_3/lib/avr-gcc/9/gcc/avr/9.3.0/avr5/libgcc.a(_udivmod64.o)
                0x0000000000005746                __udivmod64
 .text.libgcc   0x00000000000057e8        0x0 /opt/homebrew/Cellar/avr-gcc@9/9.3.0_3/lib/avr-gcc/9/gcc/avr/9.3.0/avr5/libgcc.a(_udivmod64.o)
 .text.libgcc.prologue
                0x00000000000057e8        0x0 /opt/homebrew/Cellar/avr-gcc@9/9.3.0_3/lib/avr-gcc/9/gcc/avr/9.3.0/avr5/libgcc.a(_udivmod64.o)
 .text.libgcc.builtins
                0x00000000000057e8        0x0 /opt/homebrew/Cellar/avr-gcc@9/9.3.0_3/lib/avr-gcc/9/gcc/avr/9.3.0/avr5/libgcc.a(_udivmod64.o)
 .text.libgcc.fmul
                0x00000000000057e8        0x0 /opt/homebrew/Cellar/avr-gcc@9/9.3.0_3/lib/avr-gcc/9/gcc/avr/9.3.0/avr5/libgcc.a(_udivmod64.o)
 .text.libgcc.fixed
                0x00000000000057e8        0x0 /opt/homebrew/Cellar/avr-gcc@9/9.3.0_3/lib/avr-gcc/9/gcc/avr/9.3.0/avr5/libgcc.a(_udivmod64.o)
 .text.libgcc.mul
                0x00000000000057e8        0x0 /opt/homebrew/Cellar/avr-gcc@9/9.3.0_3/lib/avr-gcc/9/gcc/avr/9.3.0/avr5/libgcc.a(_negdi2.o)
 .text.libgcc.div
                0x00000000000057e8        0x0 /opt/homebrew/Cellar/avr-gcc@9/9.3.0_3/lib/avr-gcc/9/gcc/avr/9.3.0/avr5/libgcc.a(_negdi2.o)
 .text.libgcc   0x00000000000057e8       0x20 /opt/homebrew/Cellar/avr-gcc@9/9.3.0_3/lib/avr-gcc/9/gcc/avr/9.3.0/avr5/libgcc.a(_negdi2.o)
                0x00000000000057e8                __negdi2
 .text.libgcc.prologue
                0x0000000000005808        0x0 /opt/homebrew/Cellar/avr-gcc@9/9.3.0_3/lib/avr-gcc/9/gcc/avr/9.3.0/avr5/libgcc.a(_negdi2.o)
 .text.libgcc.builtins
                0x0000000000005808        0x0 /opt/homebrew/Cellar/avr-gcc@9/9.3.0_3/lib/avr-gcc/9/gcc/avr/9.3.0/avr5/libgcc.a(_negdi2.o)
 .text.libgcc.fmul
                0x0000000000005808        0x0 /opt/homebrew/Cellar/avr-gcc@9/9.3.0_3/lib/avr-gcc/9/gcc/avr/9.3.0/avr5/libgcc.a(_negdi2.o)
 .text.libgcc.fixed
                0x0000000000005808        0x0 /opt/homebrew/Cellar/avr-gcc@9/9.3.0_3/lib/avr-gcc/9/gcc/avr/9.3.0/avr5/libgcc.a(_negdi2.o)
 .text.libgcc.mul
                0x0000000000005808        0x0 /opt/homebrew/Cellar/avr-gcc@9/9.3.0_3/lib/avr-gcc/9/gcc/avr/9.3.0/avr5/libgcc.a(_prologue.o)
 .text.libgcc.div
                0x0000000000005808        0x0 /opt/homebrew/Cellar/avr-gcc@9/9.3.0_3/lib/avr-gcc/9/gcc/avr/9.3.0/avr5/libgcc.a(_prologue.o)
 .text.libgcc   0x0000000000005808        0x0 /opt/homebrew/Cellar/avr-gcc@9/9.3.0_3/lib/avr-gcc/9/gcc/avr/9.3.0/avr5/libgcc.a(_prologue.o)
 .text.libgcc.prologue
                0x0000000000005808       0x38 /opt/homebrew/Cellar/avr-gcc@9/9.3.0_3/lib/avr-gcc/9/gcc/avr/9.3.0/avr5/libgcc.a(_prologue.o)
                0x0000000000005808                __prologue_saves__
 .text.libgcc.builtins
                0x0000000000005840        0x0 /opt/homebrew/Cellar/avr-gcc@9/9.3.0_3/lib/avr-gcc/9/gcc/avr/9.3.0/avr5/libgcc.a(_prologue.o)
 .text.libgcc.fmul
                0x0000000000005840        0x0 /opt/homebrew/Cellar/avr-gcc@9/9.3.0_3/lib/avr-gcc/9/gcc/avr/9.3.0/avr5/libgcc.a(_prologue.o)
 .text.libgcc.fixed
                0x0000000000005840        0x0 /opt/homebrew/Cellar/avr-gcc@9/9.3.0_3/lib/avr-gcc/9/gcc/avr/9.3.0/avr5/libgcc.a(_prologue.o)
 .text.libgcc.mul
                0x0000000000005840        0x0 /opt/homebrew/Cellar/avr-gcc@9/9.3.0_3/lib/avr-gcc/9/gcc/avr/9.3.0/avr5/libgcc.a(_epilogue.o)
 .text.libgcc.div
                0x0000000000005840        0x0 /opt/homebrew/Cellar/avr-gcc@9/9.3.0_3/lib/avr-gcc/9/gcc/avr/9.3.0/avr5/libgcc.a(_epilogue.o)
 .text.libgcc   0x0000000000005840        0x0 /opt/homebrew/Cellar/avr-gcc@9/9.3.0_3/lib/avr-gcc/9/gcc/avr/9.3.0/avr5/libgcc.a(_epilogue.o)
 .text.libgcc.prologue
                0x0000000000005840       0x36 /opt/homebrew/Cellar/avr-gcc@9/9.3.0_3/lib/avr-gcc/9/gcc/avr/9.3.0/avr5/libgcc.a(_epilogue.o)
                0x0000000000005840                __epilogue_restores__
 .text.libgcc.builtins
                0x0000000000005876        0x0 /opt/homebrew/Cellar/avr-gcc@9/9.3.0_3/lib/avr-gcc/9/gcc/avr/9.3.0/avr5/libgcc.a(_epilogue.o)
 .text.libgcc.fmul
                0x0000000000005876        0x0 /opt/homebrew/Cellar/avr-gcc@9/9.3.0_3/lib/avr-gcc/9/gcc/avr/9.3.0/avr5/libgcc.a(_epilogue.o)
 .text.libgcc.fixed
                0x0000000000005876        0x0 /opt/homebrew/Cellar/avr-gcc@9/9.3.0_3/lib/avr-gcc/9/gcc/avr/9.3.0/avr5/libgcc.a(_epilogue.o)
 .text.libgcc.mul
                0x0000000000005876        0x0 /opt/homebrew/Cellar/avr-gcc@9/9.3.0_3/lib/avr-gcc/9/gcc/avr/9.3.0/avr5/libgcc.a(_ashldi3.o)
 .text.libgcc.div
                0x0000000000005876        0x0 /opt/homebrew/Cellar/avr-gcc@9/9.3.0_3/lib/avr-gcc/9/gcc/avr/9.3.0/avr5/libgcc.a(_ashldi3.o)
 .text.libgcc   0x0000000000005876        0x0 /opt/homebrew/Cellar/avr-gcc@9/9.3.0_3/lib/avr-gcc/9/gcc/avr/9.3.0/avr5/libgcc.a(_ashldi3.o)
 .text.libgcc.prologue
                0x0000000000005876        0x0 /opt/homebrew/Cellar/avr-gcc@9/9.3.0_3/lib/avr-gcc/9/gcc/avr/9.3.0/avr5/libgcc.a(_ashldi3.o)
 .text.libgcc.builtins
                0x0000000000005876       0x32 /opt/homebrew/Cellar/avr-gcc@9/9.3.0_3/lib/avr-gcc/9/gcc/avr/9.3.0/avr5/libgcc.a(_ashldi3.o)
                0x0000000000005876                __ashldi3
 .text.libgcc.fmul
                0x00000000000058a8        0x0 /opt/homebrew/Cellar/avr-gcc@9/9.3.0_3/lib/avr-gcc/9/gcc/avr/9.3.0/avr5/libgcc.a(_ashldi3.o)
 .text.libgcc.fixed
                0x00000000000058a8        0x0 /opt/homebrew/Cellar/avr-gcc@9/9.3.0_3/lib/avr-gcc/9/gcc/avr/9.3.0/avr5/libgcc.a(_ashldi3.o)
 .text.libgcc.mul
                0x00000000000058a8        0x0 /opt/homebrew/Cellar/avr-gcc@9/9.3.0_3/lib/avr-gcc/9/gcc/avr/9.3.0/avr5/libgcc.a(_ashrdi3.o)
 .text.libgcc.div
                0x00000000000058a8        0x0 /opt/homebrew/Cellar/avr-gcc@9/9.3.0_3/lib/avr-gcc/9/gcc/avr/9.3.0/avr5/libgcc.a(_ashrdi3.o)
 .text.libgcc   0x00000000000058a8        0x0 /opt/homebrew/Cellar/avr-gcc@9/9.3.0_3/lib/avr-gcc/9/gcc/avr/9.3.0/avr5/libgcc.a(_ashrdi3.o)
 .text.libgcc.prologue
                0x00000000000058a8        0x0 /opt/homebrew/Cellar/avr-gcc@9/9.3.0_3/lib/avr-gcc/9/gcc/avr/9.3.0/avr5/libgcc.a(_ashrdi3.o)
 .text.libgcc.builtins
                0x00000000000058a8       0x3a /opt/homebrew/Cellar/avr-gcc@9/9.3.0_3/lib/avr-gcc/9/gcc/avr/9.3.0/avr5/libgcc.a(_ashrdi3.o)
                0x00000000000058a8                __ashrdi3
                0x00000000000058ac                __lshrdi3
 .text.libgcc.fmul
                0x00000000000058e2        0x0 /opt/homebrew/Cellar/avr-gcc@9/9.3.0_3/lib/avr-gcc/9/gcc/avr/9.3.0/avr5/libgcc.a(_ashrdi3.o)
 .text.libgcc.fixed
                0x00000000000058e2        0x0 /opt/homebrew/Cellar/avr-gcc@9/9.3.0_3/lib/avr-gcc/9/gcc/avr/9.3.0/avr5/libgcc.a(_ashrdi3.o)
 .text.libgcc.mul
                0x00000000000058e2       0x1e /opt/homebrew/Cellar/avr-gcc@9/9.3.0_3/lib/avr-gcc/9/gcc/avr/9.3.0/avr5/libgcc.a(_umulhisi3.o)
                0x00000000000058e2                __umulhisi3
 .text.libgcc.div
                0x0000000000005900        0x0 /opt/homebrew/Cellar/avr-gcc@9/9.3.0_3/lib/avr-gcc/9/gcc/avr/9.3.0/avr5/libgcc.a(_umulhisi3.o)
 .text.libgcc   0x0000000000005900        0x0 /opt/homebrew/Cellar/avr-gcc@9/9.3.0_3/lib/avr-gcc/9/gcc/avr/9.3.0/avr5/libgcc.a(_umulhisi3.o)
 .text.libgcc.prologue
                0x0000000000005900        0x0 /opt/homebrew/Cellar/avr-gcc@9/9.3.0_3/lib/avr-gcc/9/gcc/avr/9.3.0/avr5/libgcc.a(_umulhisi3.o)
 .text.libgcc.builtins
                0x0000000000005900        0x0 /opt/homebrew/Cellar/avr-gcc@9/9.3.0_3/lib/avr-gcc/9/gcc/avr/9.3.0/avr5/libgcc.a(_umulhisi3.o)
 .text.libgcc.fmul
                0x0000000000005900        0x0 /opt/homebrew/Cellar/avr-gcc@9/9.3.0_3/lib/avr-gcc/9/gcc/avr/9.3.0/avr5/libgcc.a(_umulhisi3.o)
 .text.libgcc.fixed
                0x0000000000005900        0x0 /opt/homebrew/Cellar/avr-gcc@9/9.3.0_3/lib/avr-gcc/9/gcc/avr/9.3.0/avr5/libgcc.a(_umulhisi3.o)
 .text.avr-libc.fplib
                0x0000000000005900        0xe /opt/homebrew/Cellar/avr-gcc@9/9.3.0_3/lib/avr-gcc/9/gcc/avr/9.3.0/../../../../../../avr/lib/avr5/libm.a(addsf3.o)
                0x0000000000005900                __subsf3
                0x0000000000005902                __addsf3
 .text.avr-libc.fplib
                0x000000000000590e       0xcc /opt/homebrew/Cellar/avr-gcc@9/9.3.0_3/lib/avr-gcc/9/gcc/avr/9.3.0/../../../../../../avr/lib/avr5/libm.a(addsf3x.o)
                0x0000000000005930                __addsf3x
 .text.avr-libc.fplib
                0x00000000000059da        0x8 /opt/homebrew/Cellar/avr-gcc@9/9.3.0_3/lib/avr-gcc/9/gcc/avr/9.3.0/../../../../../../avr/lib/avr5/libm.a(divsf3.o)
                0x00000000000059da                __divsf3
 .text.avr-libc.fplib
                0x00000000000059e2       0xdc /opt/homebrew/Cellar/avr-gcc@9/9.3.0_3/lib/avr-gcc/9/gcc/avr/9.3.0/../../../../../../avr/lib/avr5/libm.a(divsf3x.o)
                0x0000000000005a02                __divsf3x
                0x0000000000005a08                __divsf3_pse
 .text.avr-libc.fplib
                0x0000000000005abe        0xe /opt/homebrew/Cellar/avr-gcc@9/9.3.0_3/lib/avr-gcc/9/gcc/avr/9.3.0/../../../../../../avr/lib/avr5/libm.a(fixsfsi.o)
                0x0000000000005abe                __fixsfsi
 .text.avr-libc.fplib
                0x0000000000005acc       0x5e /opt/homebrew/Cellar/avr-gcc@9/9.3.0_3/lib/avr-gcc/9/gcc/avr/9.3.0/../../../../../../avr/lib/avr5/libm.a(fixunssfsi.o)
                0x0000000000005acc                __fixunssfsi
 .text.avr-libc.fplib
                0x0000000000005b2a       0x7a /opt/homebrew/Cellar/avr-gcc@9/9.3.0_3/lib/avr-gcc/9/gcc/avr/9.3.0/../../../../../../avr/lib/avr5/libm.a(floatsisf.o)
                0x0000000000005b2a                __floatunsisf
                0x0000000000005b2e                __floatsisf
 .text.avr-libc.fplib
                0x0000000000005ba4        0xc /opt/homebrew/Cellar/avr-gcc@9/9.3.0_3/lib/avr-gcc/9/gcc/avr/9.3.0/../../../../../../avr/lib/avr5/libm.a(fp_inf.o)
                0x0000000000005ba4                __fp_inf
 .text.avr-libc.fplib
                0x0000000000005bb0        0x6 /opt/homebrew/Cellar/avr-gcc@9/9.3.0_3/lib/avr-gcc/9/gcc/avr/9.3.0/../../../../../../avr/lib/avr5/libm.a(fp_nan.o)
                0x0000000000005bb0                __fp_nan
 .text.avr-libc.fplib
                0x0000000000005bb6        0xe /opt/homebrew/Cellar/avr-gcc@9/9.3.0_3/lib/avr-gcc/9/gcc/avr/9.3.0/../../../../../../avr/lib/avr5/libm.a(fp_pscA.o)
                0x0000000000005bb6                __fp_pscA
 .text.avr-libc.fplib
                0x0000000000005bc4        0xe /opt/homebrew/Cellar/avr-gcc@9/9.3.0_3/lib/avr-gcc/9/gcc/avr/9.3.0/../../../../../../avr/lib/avr5/libm.a(fp_pscB.o)
                0x0000000000005bc4                __fp_pscB
 .text.avr-libc.fplib
                0x0000000000005bd2       0x22 /opt/homebrew/Cellar/avr-gcc@9/9.3.0_3/lib/avr-gcc/9/gcc/avr/9.3.0/../../../../../../avr/lib/avr5/libm.a(fp_round.o)
                0x0000000000005bd2                __fp_round
 .text.avr-libc.fplib
                0x0000000000005bf4       0x44 /opt/homebrew/Cellar/avr-gcc@9/9.3.0_3/lib/avr-gcc/9/gcc/avr/9.3.0/../../../../../../avr/lib/avr5/libm.a(fp_split3.o)
                0x0000000000005bf4                __fp_split3
                0x0000000000005c04                __fp_splitA
 .text.avr-libc.fplib
                0x0000000000005c38        0xe /opt/homebrew/Cellar/avr-gcc@9/9.3.0_3/lib/avr-gcc/9/gcc/avr/9.3.0/../../../../../../avr/lib/avr5/libm.a(fp_zero.o)
                0x0000000000005c38                __fp_zero
                0x0000000000005c3a                __fp_szero
 .text.avr-libc.fplib
                0x0000000000005c46        0x8 /opt/homebrew/Cellar/avr-gcc@9/9.3.0_3/lib/avr-gcc/9/gcc/avr/9.3.0/../../../../../../avr/lib/avr5/libm.a(mulsf3.o)
                0x0000000000005c46                __mulsf3
 .text.avr-libc.fplib
                0x0000000000005c4e       0xd2 /opt/homebrew/Cellar/avr-gcc@9/9.3.0_3/lib/avr-gcc/9/gcc/avr/9.3.0/../../../../../../avr/lib/avr5/libm.a(mulsf3x.o)
                0x0000000000005c6c                __mulsf3x
                0x0000000000005c72                __mulsf3_pse
 .text.avr-libc
                0x0000000000005d20       0x4e /opt/homebrew/Cellar/avr-gcc@9/9.3.0_3/lib/avr-gcc/9/gcc/avr/9.3.0/../../../../../../avr/lib/avr5/libc.a(atol.o)
                0x0000000000005d20                atol
 .text.avr-libc
                0x0000000000005d6e      0x1b0 /opt/homebrew/Cellar/avr-gcc@9/9.3.0_3/lib/avr-gcc/9/gcc/avr/9.3.0/../../../../../../avr/lib/avr5/libc.a(ftoa_engine.o)
                0x0000000000005d6e                __ftoa_engine
 .text.avr-libc
                0x0000000000005f1e       0x16 /opt/homebrew/Cellar/avr-gcc@9/9.3.0_3/lib/avr-gcc/9/gcc/avr/9.3.0/../../../../../../avr/lib/avr5/libc.a(strnlen_P.o)
                0x0000000000005f1e                strnlen_P
 .text.avr-libc
                0x0000000000005f34       0x12 /opt/homebrew/Cellar/avr-gcc@9/9.3.0_3/lib/avr-gcc/9/gcc/avr/9.3.0/../../../../../../avr/lib/avr5/libc.a(strcmp.o)
                0x0000000000005f34                strcmp
 .text.avr-libc
                0x0000000000005f46        0xe /opt/homebrew/Cellar/avr-gcc@9/9.3.0_3/lib/avr-gcc/9/gcc/avr/9.3.0/../../../../../../avr/lib/avr5/libc.a(strcpy.o)
                0x0000000000005f46                strcpy
 .text.avr-libc
                0x0000000000005f54       0x1e /opt/homebrew/Cellar/avr-gcc@9/9.3.0_3/lib/avr-gcc/9/gcc/avr/9.3.0/../../../../../../avr/lib/avr5/libc.a(strncpy.o)
                0x0000000000005f54                strncpy
 .text.avr-libc
                0x0000000000005f72       0x16 /opt/homebrew/Cellar/avr-gcc@9/9.3.0_3/lib/avr-gcc/9/gcc/avr/9.3.0/../../../../../../avr/lib/avr5/libc.a(strnlen.o)
                0x0000000000005f72                strnlen
 .text.avr-libc
                0x0000000000005f88       0x2a /opt/homebrew/Cellar/avr-gcc@9/9.3.0_3/lib/avr-gcc/9/gcc/avr/9.3.0/../../../../../../avr/lib/avr5/libc.a(mulsi10.o)
                0x0000000000005f88                __mulsi_const_10
 .text.avr-libc
                0x0000000000005fb2       0x94 /opt/homebrew/Cellar/avr-gcc@9/9.3.0_3/lib/avr-gcc/9/gcc/avr/9.3.0/../../../../../../avr/lib/avr5/libc.a(fdevopen.o)
                0x0000000000005fb2                fdevopen
 .text.avr-libc
                0x0000000000006046       0x60 /opt/homebrew/Cellar/avr-gcc@9/9.3.0_3/lib/avr-gcc/9/gcc/avr/9.3.0/../../../../../../avr/lib/avr5/libc.a(fputc.o)
                0x0000000000006046                fputc
 .text.avr-libc
                0x00000000000060a6       0x28 /opt/homebrew/Cellar/avr-gcc@9/9.3.0_3/lib/avr-gcc/9/gcc/avr/9.3.0/../../../../../../avr/lib/avr5/libc.a(printf.o)
                0x00000000000060a6                printf
 .text.avr-libc
                0x00000000000060ce        0xe /opt/homebrew/Cellar/avr-gcc@9/9.3.0_3/lib/avr-gcc/9/gcc/avr/9.3.0/../../../../../../avr/lib/avr5/libc.a(putchar.o)
                0x00000000000060ce                putchar
 .text.avr-libc
                0x00000000000060dc       0x58 /opt/homebrew/Cellar/avr-gcc@9/9.3.0_3/lib/avr-gcc/9/gcc/avr/9.3.0/../../../../../../avr/lib/avr5/libc.a(puts.o)
                0x00000000000060dc                puts
 .text.avr-libc
                0x0000000000006134       0x46 /opt/homebrew/Cellar/avr-gcc@9/9.3.0_3/lib/avr-gcc/9/gcc/avr/9.3.0/../../../../../../avr/lib/avr5/libc.a(sprintf.o)
                0x0000000000006134                sprintf
 .text.avr-libc
                0x000000000000617a       0xbc /opt/homebrew/Cellar/avr-gcc@9/9.3.0_3/lib/avr-gcc/9/gcc/avr/9.3.0/../../../../../../avr/lib/avr5/libc.a(ultoa_invert.o)
                0x000000000000617a                __ultoa_invert
 .text.avr-libc
                0x0000000000006236       0x38 /opt/homebrew/Cellar/avr-gcc@9/9.3.0_3/lib/avr-gcc/9/gcc/avr/9.3.0/../../../../../../avr/lib/avr5/libc.a(calloc.o)
                0x0000000000006236                calloc
 .text.avr-libc
                0x000000000000626e      0x250 /opt/homebrew/Cellar/avr-gcc@9/9.3.0_3/lib/avr-gcc/9/gcc/avr/9.3.0/../../../../../../avr/lib/avr5/libc.a(malloc.o)
                0x000000000000626e                malloc
                0x000000000000639a                free
 .text.avr-libc
                0x00000000000064be        0xe /opt/homebrew/Cellar/avr-gcc@9/9.3.0_3/lib/avr-gcc/9/gcc/avr/9.3.0/../../../../../../avr/lib/avr5/libc.a(memset.o)
                0x00000000000064be                memset
                0x00000000000064cc                . = ALIGN (0x2)
 *(.fini9)
 .fini9         0x00000000000064cc        0x0 /opt/homebrew/Cellar/avr-gcc@9/9.3.0_3/lib/avr-gcc/9/gcc/avr/9.3.0/avr5/libgcc.a(_exit.o)
                0x00000000000064cc                exit
                0x00000000000064cc                _exit
 *(.fini9)
 *(.fini8)
 *(.fini8)
 *(.fini7)
 *(.fini7)
 *(.fini6)
 *(.fini6)
 *(.fini5)
 *(.fini5)
 *(.fini4)
 *(.fini4)
 *(.fini3)
 *(.fini3)
 *(.fini2)
 *(.fini2)
 *(.fini1)
 *(.fini1)
 *(.fini0)
 .fini0         0x00000000000064cc        0x4 /opt/homebrew/Cellar/avr-gcc@9/9.3.0_3/lib/avr-gcc/9/gcc/avr/9.3.0/avr5/libgcc.a(_exit.o)
 *(.fini0)
 *(.hightext)
 *(.hightext*)
 *(.progmemx.*)
                0x00000000000064d0                . = ALIGN (0x2)
 *(.jumptables)
 *(.jumptables*)
 .jumptables.gcc._ZN11TinyGPSPlus16endOfTermHandlerEv
                0x00000000000064d0       0x52 Build_mc/TinyGPS++.o
                0x0000000000006522                _etext = .

.data           0x0000000000800100      0x47c load address 0x0000000000006522
                0x0000000000800100                PROVIDE (__data_start = .)
 *(.data)
 .data          0x0000000000800100        0x0 /opt/homebrew/Cellar/avr-gcc@9/9.3.0_3/lib/avr-gcc/9/gcc/avr/9.3.0/../../../../../../avr/lib/avr5/crtatmega328p.o
 .data          0x0000000000800100        0x0 /opt/homebrew/Cellar/avr-gcc@9/9.3.0_3/lib/avr-gcc/9/gcc/avr/9.3.0/../../../../../../avr/lib/avr5/libprintf_flt.a(vfprintf_flt.o)
 .data          0x0000000000800100        0x0 Build_mc/softuart_avr.o
 .data          0x0000000000800100        0x0 Build_mc/LoRa.o
 .data          0x0000000000800100        0x0 Build_mc/spi.o
 .data          0x0000000000800100        0x0 Build_mc/main.o
 .data          0x0000000000800100        0x1 Build_mc/mcu_call_functions.o
                0x0000000000800100                printf_en
 .data          0x0000000000800101        0x0 Build_mc/timer_us.o
 .data          0x0000000000800101        0x0 Build_mc/TinyGPS++.o
 .data          0x0000000000800101        0x0 Build_mc/rtc.o
 .data          0x0000000000800101        0x0 Build_mc/scheduling.o
 .data          0x0000000000800101        0x0 Build_mc/twi-lowlevel.o
 .data          0x0000000000800101        0x0 Build_mc/twi.o
 .data          0x0000000000800101        0x0 Build_mc/command_layer.o
 .data          0x0000000000800101        0x0 Build_mc/battery.o
 .data          0x0000000000800101        0x0 Build_mc/medium_collar.o
 .data          0x0000000000800101        0x0 Build_mc/eeprom_hal.o
 .data          0x0000000000800101        0x0 Build_mc/ext_mem_eeprom.o
 .data          0x0000000000800101        0x0 Build_mc/24c64.o
 .data          0x0000000000800101        0x0 /opt/homebrew/Cellar/avr-gcc@9/9.3.0_3/lib/avr-gcc/9/gcc/avr/9.3.0/avr5/libgcc.a(_mulsi3.o)
 .data          0x0000000000800101        0x0 /opt/homebrew/Cellar/avr-gcc@9/9.3.0_3/lib/avr-gcc/9/gcc/avr/9.3.0/avr5/libgcc.a(_udivmodqi4.o)
 .data          0x0000000000800101        0x0 /opt/homebrew/Cellar/avr-gcc@9/9.3.0_3/lib/avr-gcc/9/gcc/avr/9.3.0/avr5/libgcc.a(_udivmodhi4.o)
 .data          0x0000000000800101        0x0 /opt/homebrew/Cellar/avr-gcc@9/9.3.0_3/lib/avr-gcc/9/gcc/avr/9.3.0/avr5/libgcc.a(_divmodhi4.o)
 .data          0x0000000000800101        0x0 /opt/homebrew/Cellar/avr-gcc@9/9.3.0_3/lib/avr-gcc/9/gcc/avr/9.3.0/avr5/libgcc.a(_udivmodsi4.o)
 .data          0x0000000000800101        0x0 /opt/homebrew/Cellar/avr-gcc@9/9.3.0_3/lib/avr-gcc/9/gcc/avr/9.3.0/avr5/libgcc.a(_exit.o)
 .data          0x0000000000800101        0x0 /opt/homebrew/Cellar/avr-gcc@9/9.3.0_3/lib/avr-gcc/9/gcc/avr/9.3.0/avr5/libgcc.a(_tablejump2.o)
 .data          0x0000000000800101        0x0 /opt/homebrew/Cellar/avr-gcc@9/9.3.0_3/lib/avr-gcc/9/gcc/avr/9.3.0/avr5/libgcc.a(_copy_data.o)
 .data          0x0000000000800101        0x0 /opt/homebrew/Cellar/avr-gcc@9/9.3.0_3/lib/avr-gcc/9/gcc/avr/9.3.0/avr5/libgcc.a(_clear_bss.o)
 .data          0x0000000000800101        0x0 /opt/homebrew/Cellar/avr-gcc@9/9.3.0_3/lib/avr-gcc/9/gcc/avr/9.3.0/avr5/libgcc.a(_ctors.o)
 .data          0x0000000000800101        0x0 /opt/homebrew/Cellar/avr-gcc@9/9.3.0_3/lib/avr-gcc/9/gcc/avr/9.3.0/avr5/libgcc.a(_muluhisi3.o)
 .data          0x0000000000800101        0x0 /opt/homebrew/Cellar/avr-gcc@9/9.3.0_3/lib/avr-gcc/9/gcc/avr/9.3.0/avr5/libgcc.a(_mulshisi3.o)
 .data          0x0000000000800101        0x0 /opt/homebrew/Cellar/avr-gcc@9/9.3.0_3/lib/avr-gcc/9/gcc/avr/9.3.0/avr5/libgcc.a(_divdi3.o)
 .data          0x0000000000800101        0x0 /opt/homebrew/Cellar/avr-gcc@9/9.3.0_3/lib/avr-gcc/9/gcc/avr/9.3.0/avr5/libgcc.a(_udivdi3.o)
 .data          0x0000000000800101        0x0 /opt/homebrew/Cellar/avr-gcc@9/9.3.0_3/lib/avr-gcc/9/gcc/avr/9.3.0/avr5/libgcc.a(_udivmod64.o)
 .data          0x0000000000800101        0x0 /opt/homebrew/Cellar/avr-gcc@9/9.3.0_3/lib/avr-gcc/9/gcc/avr/9.3.0/avr5/libgcc.a(_negdi2.o)
 .data          0x0000000000800101        0x0 /opt/homebrew/Cellar/avr-gcc@9/9.3.0_3/lib/avr-gcc/9/gcc/avr/9.3.0/avr5/libgcc.a(_prologue.o)
 .data          0x0000000000800101        0x0 /opt/homebrew/Cellar/avr-gcc@9/9.3.0_3/lib/avr-gcc/9/gcc/avr/9.3.0/avr5/libgcc.a(_epilogue.o)
 .data          0x0000000000800101        0x0 /opt/homebrew/Cellar/avr-gcc@9/9.3.0_3/lib/avr-gcc/9/gcc/avr/9.3.0/avr5/libgcc.a(_ashldi3.o)
 .data          0x0000000000800101        0x0 /opt/homebrew/Cellar/avr-gcc@9/9.3.0_3/lib/avr-gcc/9/gcc/avr/9.3.0/avr5/libgcc.a(_ashrdi3.o)
 .data          0x0000000000800101        0x0 /opt/homebrew/Cellar/avr-gcc@9/9.3.0_3/lib/avr-gcc/9/gcc/avr/9.3.0/avr5/libgcc.a(_umulhisi3.o)
 .data          0x0000000000800101        0x0 /opt/homebrew/Cellar/avr-gcc@9/9.3.0_3/lib/avr-gcc/9/gcc/avr/9.3.0/../../../../../../avr/lib/avr5/libm.a(addsf3.o)
 .data          0x0000000000800101        0x0 /opt/homebrew/Cellar/avr-gcc@9/9.3.0_3/lib/avr-gcc/9/gcc/avr/9.3.0/../../../../../../avr/lib/avr5/libm.a(addsf3x.o)
 .data          0x0000000000800101        0x0 /opt/homebrew/Cellar/avr-gcc@9/9.3.0_3/lib/avr-gcc/9/gcc/avr/9.3.0/../../../../../../avr/lib/avr5/libm.a(divsf3.o)
 .data          0x0000000000800101        0x0 /opt/homebrew/Cellar/avr-gcc@9/9.3.0_3/lib/avr-gcc/9/gcc/avr/9.3.0/../../../../../../avr/lib/avr5/libm.a(divsf3x.o)
 .data          0x0000000000800101        0x0 /opt/homebrew/Cellar/avr-gcc@9/9.3.0_3/lib/avr-gcc/9/gcc/avr/9.3.0/../../../../../../avr/lib/avr5/libm.a(fixsfsi.o)
 .data          0x0000000000800101        0x0 /opt/homebrew/Cellar/avr-gcc@9/9.3.0_3/lib/avr-gcc/9/gcc/avr/9.3.0/../../../../../../avr/lib/avr5/libm.a(fixunssfsi.o)
 .data          0x0000000000800101        0x0 /opt/homebrew/Cellar/avr-gcc@9/9.3.0_3/lib/avr-gcc/9/gcc/avr/9.3.0/../../../../../../avr/lib/avr5/libm.a(floatsisf.o)
 .data          0x0000000000800101        0x0 /opt/homebrew/Cellar/avr-gcc@9/9.3.0_3/lib/avr-gcc/9/gcc/avr/9.3.0/../../../../../../avr/lib/avr5/libm.a(fp_inf.o)
 .data          0x0000000000800101        0x0 /opt/homebrew/Cellar/avr-gcc@9/9.3.0_3/lib/avr-gcc/9/gcc/avr/9.3.0/../../../../../../avr/lib/avr5/libm.a(fp_nan.o)
 .data          0x0000000000800101        0x0 /opt/homebrew/Cellar/avr-gcc@9/9.3.0_3/lib/avr-gcc/9/gcc/avr/9.3.0/../../../../../../avr/lib/avr5/libm.a(fp_pscA.o)
 .data          0x0000000000800101        0x0 /opt/homebrew/Cellar/avr-gcc@9/9.3.0_3/lib/avr-gcc/9/gcc/avr/9.3.0/../../../../../../avr/lib/avr5/libm.a(fp_pscB.o)
 .data          0x0000000000800101        0x0 /opt/homebrew/Cellar/avr-gcc@9/9.3.0_3/lib/avr-gcc/9/gcc/avr/9.3.0/../../../../../../avr/lib/avr5/libm.a(fp_round.o)
 .data          0x0000000000800101        0x0 /opt/homebrew/Cellar/avr-gcc@9/9.3.0_3/lib/avr-gcc/9/gcc/avr/9.3.0/../../../../../../avr/lib/avr5/libm.a(fp_split3.o)
 .data          0x0000000000800101        0x0 /opt/homebrew/Cellar/avr-gcc@9/9.3.0_3/lib/avr-gcc/9/gcc/avr/9.3.0/../../../../../../avr/lib/avr5/libm.a(fp_zero.o)
 .data          0x0000000000800101        0x0 /opt/homebrew/Cellar/avr-gcc@9/9.3.0_3/lib/avr-gcc/9/gcc/avr/9.3.0/../../../../../../avr/lib/avr5/libm.a(mulsf3.o)
 .data          0x0000000000800101        0x0 /opt/homebrew/Cellar/avr-gcc@9/9.3.0_3/lib/avr-gcc/9/gcc/avr/9.3.0/../../../../../../avr/lib/avr5/libm.a(mulsf3x.o)
 .data          0x0000000000800101        0x0 /opt/homebrew/Cellar/avr-gcc@9/9.3.0_3/lib/avr-gcc/9/gcc/avr/9.3.0/../../../../../../avr/lib/avr5/libc.a(atol.o)
 .data          0x0000000000800101        0x0 /opt/homebrew/Cellar/avr-gcc@9/9.3.0_3/lib/avr-gcc/9/gcc/avr/9.3.0/../../../../../../avr/lib/avr5/libc.a(ftoa_engine.o)
 .data          0x0000000000800101        0x0 /opt/homebrew/Cellar/avr-gcc@9/9.3.0_3/lib/avr-gcc/9/gcc/avr/9.3.0/../../../../../../avr/lib/avr5/libc.a(strnlen_P.o)
 .data          0x0000000000800101        0x0 /opt/homebrew/Cellar/avr-gcc@9/9.3.0_3/lib/avr-gcc/9/gcc/avr/9.3.0/../../../../../../avr/lib/avr5/libc.a(strcmp.o)
 .data          0x0000000000800101        0x0 /opt/homebrew/Cellar/avr-gcc@9/9.3.0_3/lib/avr-gcc/9/gcc/avr/9.3.0/../../../../../../avr/lib/avr5/libc.a(strcpy.o)
 .data          0x0000000000800101        0x0 /opt/homebrew/Cellar/avr-gcc@9/9.3.0_3/lib/avr-gcc/9/gcc/avr/9.3.0/../../../../../../avr/lib/avr5/libc.a(strncpy.o)
 .data          0x0000000000800101        0x0 /opt/homebrew/Cellar/avr-gcc@9/9.3.0_3/lib/avr-gcc/9/gcc/avr/9.3.0/../../../../../../avr/lib/avr5/libc.a(strnlen.o)
 .data          0x0000000000800101        0x0 /opt/homebrew/Cellar/avr-gcc@9/9.3.0_3/lib/avr-gcc/9/gcc/avr/9.3.0/../../../../../../avr/lib/avr5/libc.a(mulsi10.o)
 .data          0x0000000000800101        0x0 /opt/homebrew/Cellar/avr-gcc@9/9.3.0_3/lib/avr-gcc/9/gcc/avr/9.3.0/../../../../../../avr/lib/avr5/libc.a(fdevopen.o)
 .data          0x0000000000800101        0x0 /opt/homebrew/Cellar/avr-gcc@9/9.3.0_3/lib/avr-gcc/9/gcc/avr/9.3.0/../../../../../../avr/lib/avr5/libc.a(fputc.o)
 .data          0x0000000000800101        0x0 /opt/homebrew/Cellar/avr-gcc@9/9.3.0_3/lib/avr-gcc/9/gcc/avr/9.3.0/../../../../../../avr/lib/avr5/libc.a(iob.o)
 .data          0x0000000000800101        0x0 /opt/homebrew/Cellar/avr-gcc@9/9.3.0_3/lib/avr-gcc/9/gcc/avr/9.3.0/../../../../../../avr/lib/avr5/libc.a(printf.o)
 .data          0x0000000000800101        0x0 /opt/homebrew/Cellar/avr-gcc@9/9.3.0_3/lib/avr-gcc/9/gcc/avr/9.3.0/../../../../../../avr/lib/avr5/libc.a(putchar.o)
 .data          0x0000000000800101        0x0 /opt/homebrew/Cellar/avr-gcc@9/9.3.0_3/lib/avr-gcc/9/gcc/avr/9.3.0/../../../../../../avr/lib/avr5/libc.a(puts.o)
 .data          0x0000000000800101        0x0 /opt/homebrew/Cellar/avr-gcc@9/9.3.0_3/lib/avr-gcc/9/gcc/avr/9.3.0/../../../../../../avr/lib/avr5/libc.a(sprintf.o)
 .data          0x0000000000800101        0x0 /opt/homebrew/Cellar/avr-gcc@9/9.3.0_3/lib/avr-gcc/9/gcc/avr/9.3.0/../../../../../../avr/lib/avr5/libc.a(ultoa_invert.o)
 .data          0x0000000000800101        0x0 /opt/homebrew/Cellar/avr-gcc@9/9.3.0_3/lib/avr-gcc/9/gcc/avr/9.3.0/../../../../../../avr/lib/avr5/libc.a(calloc.o)
 .data          0x0000000000800101        0x6 /opt/homebrew/Cellar/avr-gcc@9/9.3.0_3/lib/avr-gcc/9/gcc/avr/9.3.0/../../../../../../avr/lib/avr5/libc.a(malloc.o)
                0x0000000000800101                __malloc_heap_end
                0x0000000000800103                __malloc_heap_start
                0x0000000000800105                __malloc_margin
 .data          0x0000000000800107        0x0 /opt/homebrew/Cellar/avr-gcc@9/9.3.0_3/lib/avr-gcc/9/gcc/avr/9.3.0/../../../../../../avr/lib/avr5/libc.a(memset.o)
 *(.data*)
 *(.gnu.linkonce.d*)
 *(.rodata)
 .rodata        0x0000000000800107       0x1e Build_mc/LoRa.o
 .rodata        0x0000000000800125       0x20 Build_mc/TinyGPS++.o
 *(.rodata*)
 .rodata.str1.1
                0x0000000000800145       0x17 Build_mc/LoRa.o
 .rodata.str1.1
                0x000000000080015c      0x116 Build_mc/main.o
                                        0x119 (size before relaxing)
 .rodata.str1.1
                0x0000000000800272       0xa5 Build_mc/TinyGPS++.o
                                         0xc1 (size before relaxing)
 .rodata.str1.1
                0x0000000000800317       0x7f Build_mc/scheduling.o
 .rodata.str1.1
                0x0000000000800396       0xf7 Build_mc/command_layer.o
 .rodata.str1.1
                0x000000000080048d       0x2b Build_mc/battery.o
 .rodata.str1.1
                0x00000000008004b8       0x6f Build_mc/medium_collar.o
                                         0x72 (size before relaxing)
 .rodata.str1.1
                0x0000000000800527       0x54 Build_mc/eeprom_hal.o
 .rodata.str1.1
                0x000000000080057b        0x9 Build_mc/ext_mem_eeprom.o
 *(.gnu.linkonce.r*)
                0x0000000000800584                . = ALIGN (0x2)
 *fill*         0x000000000080057b        0x1 
                0x000000000080057c                _edata = .
                0x000000000080057c                PROVIDE (__data_end = .)

.bss            0x000000000080057c      0x2d2
                0x000000000080057c                PROVIDE (__bss_start = .)
 *(.bss)
 .bss           0x000000000080057c        0x0 /opt/homebrew/Cellar/avr-gcc@9/9.3.0_3/lib/avr-gcc/9/gcc/avr/9.3.0/../../../../../../avr/lib/avr5/crtatmega328p.o
 .bss           0x000000000080057c        0x0 /opt/homebrew/Cellar/avr-gcc@9/9.3.0_3/lib/avr-gcc/9/gcc/avr/9.3.0/../../../../../../avr/lib/avr5/libprintf_flt.a(vfprintf_flt.o)
 .bss           0x000000000080057c       0x2e Build_mc/softuart_avr.o
 .bss           0x00000000008005aa        0x6 Build_mc/LoRa.o
                0x00000000008005aa                implicitHeaderMode
                0x00000000008005ab                packetIndex
                0x00000000008005ac                frequency
 .bss           0x00000000008005b0        0x0 Build_mc/spi.o
 .bss           0x00000000008005b0      0x1b2 Build_mc/main.o
                0x00000000008005b0                dev_id
                0x00000000008005b1                rtc_time_set_flag
                0x00000000008005b2                schedule
 .bss           0x0000000000800762        0x7 Build_mc/mcu_call_functions.o
                0x0000000000800762                rcv_char
                0x0000000000800763                timer1_millis
 .bss           0x0000000000800769        0x0 Build_mc/timer_us.o
 .bss           0x0000000000800769        0x0 Build_mc/TinyGPS++.o
 .bss           0x0000000000800769       0x13 Build_mc/rtc.o
                0x0000000000800769                _tm
 .bss           0x000000000080077c        0x0 Build_mc/scheduling.o
 .bss           0x000000000080077c       0x6c Build_mc/twi-lowlevel.o
 .bss           0x00000000008007e8       0x4a Build_mc/twi.o
                0x00000000008007e8                user_onReceive
                0x00000000008007ea                user_onRequest
                0x00000000008007ec                transmitting
                0x00000000008007ed                txBufferLength
                0x00000000008007ee                txBufferIndex
                0x00000000008007ef                txBuffer
                0x000000000080080f                txAddress
                0x0000000000800810                rxBufferLength
                0x0000000000800811                rxBufferIndex
                0x0000000000800812                rxBuffer
 .bss           0x0000000000800832        0x0 Build_mc/command_layer.o
 .bss           0x0000000000800832        0x0 Build_mc/battery.o
 .bss           0x0000000000800832       0x12 Build_mc/medium_collar.o
                0x0000000000800832                release_done_flag
 .bss           0x0000000000800844        0x0 Build_mc/eeprom_hal.o
 .bss           0x0000000000800844        0x0 Build_mc/ext_mem_eeprom.o
 .bss           0x0000000000800844        0x0 Build_mc/24c64.o
 .bss           0x0000000000800844        0x0 /opt/homebrew/Cellar/avr-gcc@9/9.3.0_3/lib/avr-gcc/9/gcc/avr/9.3.0/avr5/libgcc.a(_mulsi3.o)
 .bss           0x0000000000800844        0x0 /opt/homebrew/Cellar/avr-gcc@9/9.3.0_3/lib/avr-gcc/9/gcc/avr/9.3.0/avr5/libgcc.a(_udivmodqi4.o)
 .bss           0x0000000000800844        0x0 /opt/homebrew/Cellar/avr-gcc@9/9.3.0_3/lib/avr-gcc/9/gcc/avr/9.3.0/avr5/libgcc.a(_udivmodhi4.o)
 .bss           0x0000000000800844        0x0 /opt/homebrew/Cellar/avr-gcc@9/9.3.0_3/lib/avr-gcc/9/gcc/avr/9.3.0/avr5/libgcc.a(_divmodhi4.o)
 .bss           0x0000000000800844        0x0 /opt/homebrew/Cellar/avr-gcc@9/9.3.0_3/lib/avr-gcc/9/gcc/avr/9.3.0/avr5/libgcc.a(_udivmodsi4.o)
 .bss           0x0000000000800844        0x0 /opt/homebrew/Cellar/avr-gcc@9/9.3.0_3/lib/avr-gcc/9/gcc/avr/9.3.0/avr5/libgcc.a(_exit.o)
 .bss           0x0000000000800844        0x0 /opt/homebrew/Cellar/avr-gcc@9/9.3.0_3/lib/avr-gcc/9/gcc/avr/9.3.0/avr5/libgcc.a(_tablejump2.o)
 .bss           0x0000000000800844        0x0 /opt/homebrew/Cellar/avr-gcc@9/9.3.0_3/lib/avr-gcc/9/gcc/avr/9.3.0/avr5/libgcc.a(_copy_data.o)
 .bss           0x0000000000800844        0x0 /opt/homebrew/Cellar/avr-gcc@9/9.3.0_3/lib/avr-gcc/9/gcc/avr/9.3.0/avr5/libgcc.a(_clear_bss.o)
 .bss           0x0000000000800844        0x0 /opt/homebrew/Cellar/avr-gcc@9/9.3.0_3/lib/avr-gcc/9/gcc/avr/9.3.0/avr5/libgcc.a(_ctors.o)
 .bss           0x0000000000800844        0x0 /opt/homebrew/Cellar/avr-gcc@9/9.3.0_3/lib/avr-gcc/9/gcc/avr/9.3.0/avr5/libgcc.a(_muluhisi3.o)
 .bss           0x0000000000800844        0x0 /opt/homebrew/Cellar/avr-gcc@9/9.3.0_3/lib/avr-gcc/9/gcc/avr/9.3.0/avr5/libgcc.a(_mulshisi3.o)
 .bss           0x0000000000800844        0x0 /opt/homebrew/Cellar/avr-gcc@9/9.3.0_3/lib/avr-gcc/9/gcc/avr/9.3.0/avr5/libgcc.a(_divdi3.o)
 .bss           0x0000000000800844        0x0 /opt/homebrew/Cellar/avr-gcc@9/9.3.0_3/lib/avr-gcc/9/gcc/avr/9.3.0/avr5/libgcc.a(_udivdi3.o)
 .bss           0x0000000000800844        0x0 /opt/homebrew/Cellar/avr-gcc@9/9.3.0_3/lib/avr-gcc/9/gcc/avr/9.3.0/avr5/libgcc.a(_udivmod64.o)
 .bss           0x0000000000800844        0x0 /opt/homebrew/Cellar/avr-gcc@9/9.3.0_3/lib/avr-gcc/9/gcc/avr/9.3.0/avr5/libgcc.a(_negdi2.o)
 .bss           0x0000000000800844        0x0 /opt/homebrew/Cellar/avr-gcc@9/9.3.0_3/lib/avr-gcc/9/gcc/avr/9.3.0/avr5/libgcc.a(_prologue.o)
 .bss           0x0000000000800844        0x0 /opt/homebrew/Cellar/avr-gcc@9/9.3.0_3/lib/avr-gcc/9/gcc/avr/9.3.0/avr5/libgcc.a(_epilogue.o)
 .bss           0x0000000000800844        0x0 /opt/homebrew/Cellar/avr-gcc@9/9.3.0_3/lib/avr-gcc/9/gcc/avr/9.3.0/avr5/libgcc.a(_ashldi3.o)
 .bss           0x0000000000800844        0x0 /opt/homebrew/Cellar/avr-gcc@9/9.3.0_3/lib/avr-gcc/9/gcc/avr/9.3.0/avr5/libgcc.a(_ashrdi3.o)
 .bss           0x0000000000800844        0x0 /opt/homebrew/Cellar/avr-gcc@9/9.3.0_3/lib/avr-gcc/9/gcc/avr/9.3.0/avr5/libgcc.a(_umulhisi3.o)
 .bss           0x0000000000800844        0x0 /opt/homebrew/Cellar/avr-gcc@9/9.3.0_3/lib/avr-gcc/9/gcc/avr/9.3.0/../../../../../../avr/lib/avr5/libm.a(addsf3.o)
 .bss           0x0000000000800844        0x0 /opt/homebrew/Cellar/avr-gcc@9/9.3.0_3/lib/avr-gcc/9/gcc/avr/9.3.0/../../../../../../avr/lib/avr5/libm.a(addsf3x.o)
 .bss           0x0000000000800844        0x0 /opt/homebrew/Cellar/avr-gcc@9/9.3.0_3/lib/avr-gcc/9/gcc/avr/9.3.0/../../../../../../avr/lib/avr5/libm.a(divsf3.o)
 .bss           0x0000000000800844        0x0 /opt/homebrew/Cellar/avr-gcc@9/9.3.0_3/lib/avr-gcc/9/gcc/avr/9.3.0/../../../../../../avr/lib/avr5/libm.a(divsf3x.o)
 .bss           0x0000000000800844        0x0 /opt/homebrew/Cellar/avr-gcc@9/9.3.0_3/lib/avr-gcc/9/gcc/avr/9.3.0/../../../../../../avr/lib/avr5/libm.a(fixsfsi.o)
 .bss           0x0000000000800844        0x0 /opt/homebrew/Cellar/avr-gcc@9/9.3.0_3/lib/avr-gcc/9/gcc/avr/9.3.0/../../../../../../avr/lib/avr5/libm.a(fixunssfsi.o)
 .bss           0x0000000000800844        0x0 /opt/homebrew/Cellar/avr-gcc@9/9.3.0_3/lib/avr-gcc/9/gcc/avr/9.3.0/../../../../../../avr/lib/avr5/libm.a(floatsisf.o)
 .bss           0x0000000000800844        0x0 /opt/homebrew/Cellar/avr-gcc@9/9.3.0_3/lib/avr-gcc/9/gcc/avr/9.3.0/../../../../../../avr/lib/avr5/libm.a(fp_inf.o)
 .bss           0x0000000000800844        0x0 /opt/homebrew/Cellar/avr-gcc@9/9.3.0_3/lib/avr-gcc/9/gcc/avr/9.3.0/../../../../../../avr/lib/avr5/libm.a(fp_nan.o)
 .bss           0x0000000000800844        0x0 /opt/homebrew/Cellar/avr-gcc@9/9.3.0_3/lib/avr-gcc/9/gcc/avr/9.3.0/../../../../../../avr/lib/avr5/libm.a(fp_pscA.o)
 .bss           0x0000000000800844        0x0 /opt/homebrew/Cellar/avr-gcc@9/9.3.0_3/lib/avr-gcc/9/gcc/avr/9.3.0/../../../../../../avr/lib/avr5/libm.a(fp_pscB.o)
 .bss           0x0000000000800844        0x0 /opt/homebrew/Cellar/avr-gcc@9/9.3.0_3/lib/avr-gcc/9/gcc/avr/9.3.0/../../../../../../avr/lib/avr5/libm.a(fp_round.o)
 .bss           0x0000000000800844        0x0 /opt/homebrew/Cellar/avr-gcc@9/9.3.0_3/lib/avr-gcc/9/gcc/avr/9.3.0/../../../../../../avr/lib/avr5/libm.a(fp_split3.o)
 .bss           0x0000000000800844        0x0 /opt/homebrew/Cellar/avr-gcc@9/9.3.0_3/lib/avr-gcc/9/gcc/avr/9.3.0/../../../../../../avr/lib/avr5/libm.a(fp_zero.o)
 .bss           0x0000000000800844        0x0 /opt/homebrew/Cellar/avr-gcc@9/9.3.0_3/lib/avr-gcc/9/gcc/avr/9.3.0/../../../../../../avr/lib/avr5/libm.a(mulsf3.o)
 .bss           0x0000000000800844        0x0 /opt/homebrew/Cellar/avr-gcc@9/9.3.0_3/lib/avr-gcc/9/gcc/avr/9.3.0/../../../../../../avr/lib/avr5/libm.a(mulsf3x.o)
 .bss           0x0000000000800844        0x0 /opt/homebrew/Cellar/avr-gcc@9/9.3.0_3/lib/avr-gcc/9/gcc/avr/9.3.0/../../../../../../avr/lib/avr5/libc.a(atol.o)
 .bss           0x0000000000800844        0x0 /opt/homebrew/Cellar/avr-gcc@9/9.3.0_3/lib/avr-gcc/9/gcc/avr/9.3.0/../../../../../../avr/lib/avr5/libc.a(ftoa_engine.o)
 .bss           0x0000000000800844        0x0 /opt/homebrew/Cellar/avr-gcc@9/9.3.0_3/lib/avr-gcc/9/gcc/avr/9.3.0/../../../../../../avr/lib/avr5/libc.a(strnlen_P.o)
 .bss           0x0000000000800844        0x0 /opt/homebrew/Cellar/avr-gcc@9/9.3.0_3/lib/avr-gcc/9/gcc/avr/9.3.0/../../../../../../avr/lib/avr5/libc.a(strcmp.o)
 .bss           0x0000000000800844        0x0 /opt/homebrew/Cellar/avr-gcc@9/9.3.0_3/lib/avr-gcc/9/gcc/avr/9.3.0/../../../../../../avr/lib/avr5/libc.a(strcpy.o)
 .bss           0x0000000000800844        0x0 /opt/homebrew/Cellar/avr-gcc@9/9.3.0_3/lib/avr-gcc/9/gcc/avr/9.3.0/../../../../../../avr/lib/avr5/libc.a(strncpy.o)
 .bss           0x0000000000800844        0x0 /opt/homebrew/Cellar/avr-gcc@9/9.3.0_3/lib/avr-gcc/9/gcc/avr/9.3.0/../../../../../../avr/lib/avr5/libc.a(strnlen.o)
 .bss           0x0000000000800844        0x0 /opt/homebrew/Cellar/avr-gcc@9/9.3.0_3/lib/avr-gcc/9/gcc/avr/9.3.0/../../../../../../avr/lib/avr5/libc.a(mulsi10.o)
 .bss           0x0000000000800844        0x0 /opt/homebrew/Cellar/avr-gcc@9/9.3.0_3/lib/avr-gcc/9/gcc/avr/9.3.0/../../../../../../avr/lib/avr5/libc.a(fdevopen.o)
 .bss           0x0000000000800844        0x0 /opt/homebrew/Cellar/avr-gcc@9/9.3.0_3/lib/avr-gcc/9/gcc/avr/9.3.0/../../../../../../avr/lib/avr5/libc.a(fputc.o)
 .bss           0x0000000000800844        0x0 /opt/homebrew/Cellar/avr-gcc@9/9.3.0_3/lib/avr-gcc/9/gcc/avr/9.3.0/../../../../../../avr/lib/avr5/libc.a(iob.o)
 .bss           0x0000000000800844        0x0 /opt/homebrew/Cellar/avr-gcc@9/9.3.0_3/lib/avr-gcc/9/gcc/avr/9.3.0/../../../../../../avr/lib/avr5/libc.a(printf.o)
 .bss           0x0000000000800844        0x0 /opt/homebrew/Cellar/avr-gcc@9/9.3.0_3/lib/avr-gcc/9/gcc/avr/9.3.0/../../../../../../avr/lib/avr5/libc.a(putchar.o)
 .bss           0x0000000000800844        0x0 /opt/homebrew/Cellar/avr-gcc@9/9.3.0_3/lib/avr-gcc/9/gcc/avr/9.3.0/../../../../../../avr/lib/avr5/libc.a(puts.o)
 .bss           0x0000000000800844        0x0 /opt/homebrew/Cellar/avr-gcc@9/9.3.0_3/lib/avr-gcc/9/gcc/avr/9.3.0/../../../../../../avr/lib/avr5/libc.a(sprintf.o)
 .bss           0x0000000000800844        0x0 /opt/homebrew/Cellar/avr-gcc@9/9.3.0_3/lib/avr-gcc/9/gcc/avr/9.3.0/../../../../../../avr/lib/avr5/libc.a(ultoa_invert.o)
 .bss           0x0000000000800844        0x0 /opt/homebrew/Cellar/avr-gcc@9/9.3.0_3/lib/avr-gcc/9/gcc/avr/9.3.0/../../../../../../avr/lib/avr5/libc.a(calloc.o)
 .bss           0x0000000000800844        0x0 /opt/homebrew/Cellar/avr-gcc@9/9.3.0_3/lib/avr-gcc/9/gcc/avr/9.3.0/../../../../../../avr/lib/avr5/libc.a(malloc.o)
 .bss           0x0000000000800844        0x0 /opt/homebrew/Cellar/avr-gcc@9/9.3.0_3/lib/avr-gcc/9/gcc/avr/9.3.0/../../../../../../avr/lib/avr5/libc.a(memset.o)
 *(.bss*)
 *(COMMON)
 COMMON         0x0000000000800844        0x6 /opt/homebrew/Cellar/avr-gcc@9/9.3.0_3/lib/avr-gcc/9/gcc/avr/9.3.0/../../../../../../avr/lib/avr5/libc.a(iob.o)
                0x0000000000800844                __iob
 COMMON         0x000000000080084a        0x4 /opt/homebrew/Cellar/avr-gcc@9/9.3.0_3/lib/avr-gcc/9/gcc/avr/9.3.0/../../../../../../avr/lib/avr5/libc.a(malloc.o)
                0x000000000080084a                __brkval
                0x000000000080084c                __flp
                0x000000000080084e                PROVIDE (__bss_end = .)
                0x0000000000006522                __data_load_start = LOADADDR (.data)
                0x000000000000699e                __data_load_end = (__data_load_start + SIZEOF (.data))

.noinit         0x000000000080084e        0x0
                [!provide]                        PROVIDE (__noinit_start = .)
 *(.noinit .noinit.* .gnu.linkonce.n.*)
                [!provide]                        PROVIDE (__noinit_end = .)
                0x000000000080084e                _end = .
                0x000000000080084e                PROVIDE (__heap_start = .)

.eeprom         0x0000000000810000        0x0
 *(.eeprom*)
                0x0000000000810000                __eeprom_end = .

.fuse
 *(.fuse)
 *(.lfuse)
 *(.hfuse)
 *(.efuse)

.lock
 *(.lock*)

.signature
 *(.signature*)

.stab
 *(.stab)

.stabstr
 *(.stabstr)

.stab.excl
 *(.stab.excl)

.stab.exclstr
 *(.stab.exclstr)

.stab.index
 *(.stab.index)

.stab.indexstr
 *(.stab.indexstr)

.comment        0x0000000000000000       0x26
 *(.comment)
 .comment       0x0000000000000000       0x26 /opt/homebrew/Cellar/avr-gcc@9/9.3.0_3/lib/avr-gcc/9/gcc/avr/9.3.0/../../../../../../avr/lib/avr5/libprintf_flt.a(vfprintf_flt.o)
                                         0x27 (size before relaxing)
 .comment       0x0000000000000026       0x27 Build_mc/softuart_avr.o
 .comment       0x0000000000000026       0x27 Build_mc/LoRa.o