Archive member included to satisfy reference by file (symbol)

/usr/lib/gcc/avr/5.4.0/../../../avr/lib/avr5/libprintf_flt.a(vfprintf_flt.o)
                              (vfprintf)
/usr/lib/gcc/avr/5.4.0/avr5/libgcc.a(_mulsi3.o)
                              Build_mc/TinyGPS++.o (__mulsi3)
/usr/lib/gcc/avr/5.4.0/avr5/libgcc.a(_udivmodqi4.o)
                              Build_mc/rtc.o (__udivmodqi4)
/usr/lib/gcc/avr/5.4.0/avr5/libgcc.a(_udivmodhi4.o)
                              Build_mc/battery.o (__udivmodhi4)
/usr/lib/gcc/avr/5.4.0/avr5/libgcc.a(_divmodhi4.o)
                              Build_mc/main.o (__divmodhi4)
/usr/lib/gcc/avr/5.4.0/avr5/libgcc.a(_udivmodsi4.o)
                              Build_mc/LoRa.o (__udivmodsi4)
/usr/lib/gcc/avr/5.4.0/avr5/libgcc.a(_exit.o)
                              /usr/lib/gcc/avr/5.4.0/../../../avr/lib/avr5/crtatmega328p.o (exit)
/usr/lib/gcc/avr/5.4.0/avr5/libgcc.a(_tablejump2.o)
                              Build_mc/TinyGPS++.o (__tablejump2__)
/usr/lib/gcc/avr/5.4.0/avr5/libgcc.a(_copy_data.o)
                              Build_mc/LoRa.o (__do_copy_data)
/usr/lib/gcc/avr/5.4.0/avr5/libgcc.a(_clear_bss.o)
                              Build_mc/softuart_avr.o (__do_clear_bss)
/usr/lib/gcc/avr/5.4.0/avr5/libgcc.a(_ctors.o)
                              Build_mc/main.o (__do_global_ctors)
/usr/lib/gcc/avr/5.4.0/avr5/libgcc.a(_muluhisi3.o)
                              Build_mc/TinyGPS++.o (__muluhisi3)
/usr/lib/gcc/avr/5.4.0/avr5/libgcc.a(_mulshisi3.o)
                              Build_mc/TinyGPS++.o (__mulshisi3)
/usr/lib/gcc/avr/5.4.0/avr5/libgcc.a(_udivdi3.o)
                              Build_mc/LoRa.o (__udivdi3)
/usr/lib/gcc/avr/5.4.0/avr5/libgcc.a(_udivmod64.o)
                              /usr/lib/gcc/avr/5.4.0/avr5/libgcc.a(_udivdi3.o) (__udivmod64)
/usr/lib/gcc/avr/5.4.0/avr5/libgcc.a(_prologue.o)
                              /usr/lib/gcc/avr/5.4.0/../../../avr/lib/avr5/libprintf_flt.a(vfprintf_flt.o) (__prologue_saves__)
/usr/lib/gcc/avr/5.4.0/avr5/libgcc.a(_epilogue.o)
                              /usr/lib/gcc/avr/5.4.0/../../../avr/lib/avr5/libprintf_flt.a(vfprintf_flt.o) (__epilogue_restores__)
/usr/lib/gcc/avr/5.4.0/avr5/libgcc.a(_ashldi3.o)
                              Build_mc/LoRa.o (__ashldi3)
/usr/lib/gcc/avr/5.4.0/avr5/libgcc.a(_ashrdi3.o)
                              Build_mc/LoRa.o (__lshrdi3)
/usr/lib/gcc/avr/5.4.0/avr5/libgcc.a(_umulhisi3.o)
                              /usr/lib/gcc/avr/5.4.0/avr5/libgcc.a(_muluhisi3.o) (__umulhisi3)
/usr/lib/gcc/avr/5.4.0/../../../avr/lib/avr5/libm.a(addsf3.o)
                              Build_mc/TinyGPS++.o (__addsf3)
/usr/lib/gcc/avr/5.4.0/../../../avr/lib/avr5/libm.a(addsf3x.o)
                              /usr/lib/gcc/avr/5.4.0/../../../avr/lib/avr5/libm.a(addsf3.o) (__addsf3x)
/usr/lib/gcc/avr/5.4.0/../../../avr/lib/avr5/libm.a(divsf3.o)
                              Build_mc/LoRa.o (__divsf3)
/usr/lib/gcc/avr/5.4.0/../../../avr/lib/avr5/libm.a(divsf3x.o)
                              /usr/lib/gcc/avr/5.4.0/../../../avr/lib/avr5/libm.a(divsf3.o) (__divsf3x)
/usr/lib/gcc/avr/5.4.0/../../../avr/lib/avr5/libm.a(fixsfsi.o)
                              Build_mc/LoRa.o (__fixsfsi)
/usr/lib/gcc/avr/5.4.0/../../../avr/lib/avr5/libm.a(fixunssfsi.o)
                              /usr/lib/gcc/avr/5.4.0/../../../avr/lib/avr5/libm.a(fixsfsi.o) (__fixunssfsi)
/usr/lib/gcc/avr/5.4.0/../../../avr/lib/avr5/libm.a(floatsisf.o)
                              Build_mc/LoRa.o (__floatunsisf)
/usr/lib/gcc/avr/5.4.0/../../../avr/lib/avr5/libm.a(fp_inf.o)
                              /usr/lib/gcc/avr/5.4.0/../../../avr/lib/avr5/libm.a(addsf3x.o) (__fp_inf)
/usr/lib/gcc/avr/5.4.0/../../../avr/lib/avr5/libm.a(fp_nan.o)
                              /usr/lib/gcc/avr/5.4.0/../../../avr/lib/avr5/libm.a(addsf3x.o) (__fp_nan)
/usr/lib/gcc/avr/5.4.0/../../../avr/lib/avr5/libm.a(fp_pscA.o)
                              /usr/lib/gcc/avr/5.4.0/../../../avr/lib/avr5/libm.a(addsf3x.o) (__fp_pscA)
/usr/lib/gcc/avr/5.4.0/../../../avr/lib/avr5/libm.a(fp_pscB.o)
                              /usr/lib/gcc/avr/5.4.0/../../../avr/lib/avr5/libm.a(addsf3x.o) (__fp_pscB)
/usr/lib/gcc/avr/5.4.0/../../../avr/lib/avr5/libm.a(fp_round.o)
                              /usr/lib/gcc/avr/5.4.0/../../../avr/lib/avr5/libm.a(addsf3.o) (__fp_round)
/usr/lib/gcc/avr/5.4.0/../../../avr/lib/avr5/libm.a(fp_split3.o)
                              /usr/lib/gcc/avr/5.4.0/../../../avr/lib/avr5/libm.a(addsf3x.o) (__fp_split3)
/usr/lib/gcc/avr/5.4.0/../../../avr/lib/avr5/libm.a(fp_zero.o)
                              /usr/lib/gcc/avr/5.4.0/../../../avr/lib/avr5/libm.a(addsf3x.o) (__fp_zero)
/usr/lib/gcc/avr/5.4.0/../../../avr/lib/avr5/libm.a(mulsf3.o)
                              Build_mc/LoRa.o (__mulsf3)
/usr/lib/gcc/avr/5.4.0/../../../avr/lib/avr5/libm.a(mulsf3x.o)
                              /usr/lib/gcc/avr/5.4.0/../../../avr/lib/avr5/libm.a(mulsf3.o) (__mulsf3x)
/usr/lib/gcc/avr/5.4.0/../../../avr/lib/avr5/libc.a(atol.o)
                              Build_mc/TinyGPS++.o (atol)
/usr/lib/gcc/avr/5.4.0/../../../avr/lib/avr5/libc.a(ftoa_engine.o)
                              /usr/lib/gcc/avr/5.4.0/../../../avr/lib/avr5/libprintf_flt.a(vfprintf_flt.o) (__ftoa_engine)
/usr/lib/gcc/avr/5.4.0/../../../avr/lib/avr5/libc.a(strnlen_P.o)
                              /usr/lib/gcc/avr/5.4.0/../../../avr/lib/avr5/libprintf_flt.a(vfprintf_flt.o) (strnlen_P)
/usr/lib/gcc/avr/5.4.0/../../../avr/lib/avr5/libc.a(strcmp.o)
                              Build_mc/TinyGPS++.o (strcmp)
/usr/lib/gcc/avr/5.4.0/../../../avr/lib/avr5/libc.a(strcpy.o)
                              Build_mc/main.o (strcpy)
/usr/lib/gcc/avr/5.4.0/../../../avr/lib/avr5/libc.a(strncpy.o)
                              Build_mc/TinyGPS++.o (strncpy)
/usr/lib/gcc/avr/5.4.0/../../../avr/lib/avr5/libc.a(strnlen.o)
                              /usr/lib/gcc/avr/5.4.0/../../../avr/lib/avr5/libprintf_flt.a(vfprintf_flt.o) (strnlen)
/usr/lib/gcc/avr/5.4.0/../../../avr/lib/avr5/libc.a(mulsi10.o)
                              /usr/lib/gcc/avr/5.4.0/../../../avr/lib/avr5/libc.a(atol.o) (__mulsi_const_10)
/usr/lib/gcc/avr/5.4.0/../../../avr/lib/avr5/libc.a(fdevopen.o)
                              Build_mc/mcu_call_functions.o (fdevopen)
/usr/lib/gcc/avr/5.4.0/../../../avr/lib/avr5/libc.a(fputc.o)
                              /usr/lib/gcc/avr/5.4.0/../../../avr/lib/avr5/libprintf_flt.a(vfprintf_flt.o) (fputc)
/usr/lib/gcc/avr/5.4.0/../../../avr/lib/avr5/libc.a(iob.o)
                              Build_mc/mcu_call_functions.o (__iob)
/usr/lib/gcc/avr/5.4.0/../../../avr/lib/avr5/libc.a(printf.o)
                              Build_mc/main.o (printf)
/usr/lib/gcc/avr/5.4.0/../../../avr/lib/avr5/libc.a(putchar.o)
                              Build_mc/TinyGPS++.o (putchar)
/usr/lib/gcc/avr/5.4.0/../../../avr/lib/avr5/libc.a(puts.o)
                              Build_mc/LoRa.o (puts)
/usr/lib/gcc/avr/5.4.0/../../../avr/lib/avr5/libc.a(sprintf.o)
                              Build_mc/main.o (sprintf)
/usr/lib/gcc/avr/5.4.0/../../../avr/lib/avr5/libc.a(ultoa_invert.o)
                              /usr/lib/gcc/avr/5.4.0/../../../avr/lib/avr5/libprintf_flt.a(vfprintf_flt.o) (__ultoa_invert)
/usr/lib/gcc/avr/5.4.0/../../../avr/lib/avr5/libc.a(calloc.o)
                              /usr/lib/gcc/avr/5.4.0/../../../avr/lib/avr5/libc.a(fdevopen.o) (calloc)
/usr/lib/gcc/avr/5.4.0/../../../avr/lib/avr5/libc.a(malloc.o)
                              /usr/lib/gcc/avr/5.4.0/../../../avr/lib/avr5/libc.a(calloc.o) (malloc)
/usr/lib/gcc/avr/5.4.0/../../../avr/lib/avr5/libc.a(memset.o)
                              /usr/lib/gcc/avr/5.4.0/../../../avr/lib/avr5/libc.a(calloc.o) (memset)

Allocating common symbols
Common symbol       size              file

__brkval            0x2               /usr/lib/gcc/avr/5.4.0/../../../avr/lib/avr5/libc.a(malloc.o)
__flp               0x2               /usr/lib/gcc/avr/5.4.0/../../../avr/lib/avr5/libc.a(malloc.o)
__iob               0x6               /usr/lib/gcc/avr/5.4.0/../../../avr/lib/avr5/libc.a(iob.o)

Memory Configuration

Name             Origin             Length             Attributes
text             0x0000000000000000 0x0000000000020000 xr
data             0x0000000000800060 0x000000000000ffa0 rw !x
eeprom           0x0000000000810000 0x0000000000010000 rw !x
fuse             0x0000000000820000 0x0000000000000003 rw !x
lock             0x0000000000830000 0x0000000000000400 rw !x
signature        0x0000000000840000 0x0000000000000400 rw !x
user_signatures  0x0000000000850000 0x0000000000000400 rw !x
*default*        0x0000000000000000 0xffffffffffffffff

Linker script and memory map

Address of section .data set to 0x800100
LOAD /usr/lib/gcc/avr/5.4.0/../../../avr/lib/avr5/crtatmega328p.o
LOAD /usr/lib/gcc/avr/5.4.0/../../../avr/lib/avr5/libprintf_flt.a
LOAD Build_mc/softuart_avr.o
LOAD Build_mc/LoRa.o
LOAD Build_mc/spi.o
LOAD Build_mc/main.o
LOAD Build_mc/mcu_call_functions.o
LOAD Build_mc/timer_us.o
LOAD Build_mc/TinyGPS++.o
LOAD Build_mc/rtc.o
LOAD Build_mc/scheduling.o
LOAD Build_mc/twi-lowlevel.o
LOAD Build_mc/twi.o
LOAD Build_mc/command_layer.o
LOAD Build_mc/battery.o
LOAD Build_mc/medium_collar.o
START GROUP
LOAD /usr/lib/gcc/avr/5.4.0/avr5/libgcc.a
LOAD /usr/lib/gcc/avr/5.4.0/../../../avr/lib/avr5/libm.a
LOAD /usr/lib/gcc/avr/5.4.0/../../../avr/lib/avr5/libc.a
LOAD /usr/lib/gcc/avr/5.4.0/../../../avr/lib/avr5/libatmega328p.a
END GROUP
                0x0000000000000000                __TEXT_REGION_ORIGIN__ = DEFINED (__TEXT_REGION_ORIGIN__)?__TEXT_REGION_ORIGIN__:0x0
                0x0000000000800060                __DATA_REGION_ORIGIN__ = DEFINED (__DATA_REGION_ORIGIN__)?__DATA_REGION_ORIGIN__:0x800060
                0x0000000000020000                __TEXT_REGION_LENGTH__ = DEFINED (__TEXT_REGION_LENGTH__)?__TEXT_REGION_LENGTH__:0x20000
                0x000000000000ffa0                __DATA_REGION_LENGTH__ = DEFINED (__DATA_REGION_LENGTH__)?__DATA_REGION_LENGTH__:0xffa0
                0x0000000000010000                __EEPROM_REGION_LENGTH__ = DEFINED (__EEPROM_REGION_LENGTH__)?__EEPROM_REGION_LENGTH__:0x10000
                [0x0000000000000003]                __FUSE_REGION_LENGTH__ = DEFINED (__FUSE_REGION_LENGTH__)?__FUSE_REGION_LENGTH__:0x400
                0x0000000000000400                __LOCK_REGION_LENGTH__ = DEFINED (__LOCK_REGION_LENGTH__)?__LOCK_REGION_LENGTH__:0x400
                0x0000000000000400                __SIGNATURE_REGION_LENGTH__ = DEFINED (__SIGNATURE_REGION_LENGTH__)?__SIGNATURE_REGION_LENGTH__:0x400
                0x0000000000000400                __USER_SIGNATURE_REGION_LENGTH__ = DEFINED (__USER_SIGNATURE_REGION_LENGTH__)?__USER_SIGNATURE_REGION_LENGTH__:0x400

.hash
 *(.hash)

.dynsym
 *(.dynsym)

.dynstr
 *(.dynstr)

.gnu.version
 *(.gnu.version)

.gnu.version_d
 *(.gnu.version_d)

.gnu.version_r
 *(.gnu.version_r)

.rel.init
 *(.rel.init)

.rela.init
 *(.rela.init)

.rel.text
 *(.rel.text)
 *(.rel.text.*)
 *(.rel.gnu.linkonce.t*)

.rela.text
 *(.rela.text)
 *(.rela.text.*)
 *(.rela.gnu.linkonce.t*)

.rel.fini
 *(.rel.fini)

.rela.fini
 *(.rela.fini)

.rel.rodata
 *(.rel.rodata)
 *(.rel.rodata.*)
 *(.rel.gnu.linkonce.r*)

.rela.rodata
 *(.rela.rodata)
 *(.rela.rodata.*)
 *(.rela.gnu.linkonce.r*)

.rel.data
 *(.rel.data)
 *(.rel.data.*)
 *(.rel.gnu.linkonce.d*)

.rela.data
 *(.rela.data)
 *(.rela.data.*)
 *(.rela.gnu.linkonce.d*)

.rel.ctors
 *(.rel.ctors)

.rela.ctors
 *(.rela.ctors)

.rel.dtors
 *(.rel.dtors)

.rela.dtors
 *(.rela.dtors)

.rel.got
 *(.rel.got)

.rela.got
 *(.rela.got)

.rel.bss
 *(.rel.bss)

.rela.bss
 *(.rela.bss)

.rel.plt
 *(.rel.plt)

.rela.plt
 *(.rela.plt)

.text           0x0000000000000000     0x518a
 *(.vectors)
 .vectors       0x0000000000000000       0x68 /usr/lib/gcc/avr/5.4.0/../../../avr/lib/avr5/crtatmega328p.o
                0x0000000000000000                __vectors
                0x0000000000000000                __vector_default
 *(.vectors)
 *(.progmem.gcc*)
 .progmem.gcc_sw_table
                0x0000000000000068       0x52 Build_mc/TinyGPS++.o
                0x00000000000000ba                . = ALIGN (0x2)
                0x00000000000000ba                __trampolines_start = .
 *(.trampolines)
 .trampolines   0x00000000000000ba        0x0 linker stubs
 *(.trampolines*)
                0x00000000000000ba                __trampolines_end = .
 *libprintf_flt.a:*(.progmem.data)
 .progmem.data  0x00000000000000ba        0x8 /usr/lib/gcc/avr/5.4.0/../../../avr/lib/avr5/libprintf_flt.a(vfprintf_flt.o)
 *libc.a:*(.progmem.data)
 .progmem.data  0x00000000000000c2       0xfa /usr/lib/gcc/avr/5.4.0/../../../avr/lib/avr5/libc.a(ftoa_engine.o)
 *(.progmem*)
                0x00000000000001bc                . = ALIGN (0x2)
 *(.jumptables)
 *(.jumptables*)
 *(.lowtext)
 *(.lowtext*)
                0x00000000000001bc                __ctors_start = .
 *(.ctors)
 .ctors         0x00000000000001bc        0x2 Build_mc/main.o
 .ctors         0x00000000000001be        0x2 Build_mc/mcu_call_functions.o
                0x00000000000001c0                __ctors_end = .
                0x00000000000001c0                __dtors_start = .
 *(.dtors)
                0x00000000000001c0                __dtors_end = .
 SORT(*)(.ctors)
 SORT(*)(.dtors)
 *(.init0)
 .init0         0x00000000000001c0        0x0 /usr/lib/gcc/avr/5.4.0/../../../avr/lib/avr5/crtatmega328p.o
                0x00000000000001c0                __init
 *(.init0)
 *(.init1)
 *(.init1)
 *(.init2)
 .init2         0x00000000000001c0        0xc /usr/lib/gcc/avr/5.4.0/../../../avr/lib/avr5/crtatmega328p.o
 *(.init2)
 *(.init3)
 *(.init3)
 *(.init4)
 .init4         0x00000000000001cc       0x16 /usr/lib/gcc/avr/5.4.0/avr5/libgcc.a(_copy_data.o)
                0x00000000000001cc                __do_copy_data
 .init4         0x00000000000001e2       0x10 /usr/lib/gcc/avr/5.4.0/avr5/libgcc.a(_clear_bss.o)
                0x00000000000001e2                __do_clear_bss
 *(.init4)
 *(.init5)
 *(.init5)
 *(.init6)
 .init6         0x00000000000001f2       0x16 /usr/lib/gcc/avr/5.4.0/avr5/libgcc.a(_ctors.o)
                0x00000000000001f2                __do_global_ctors
 *(.init6)
 *(.init7)
 *(.init7)
 *(.init8)
 *(.init8)
 *(.init9)
 .init9         0x0000000000000208        0x8 /usr/lib/gcc/avr/5.4.0/../../../avr/lib/avr5/crtatmega328p.o
 *(.init9)
 *(.text)
 .text          0x0000000000000210        0x4 /usr/lib/gcc/avr/5.4.0/../../../avr/lib/avr5/crtatmega328p.o
                0x0000000000000210                __vector_22
                0x0000000000000210                __vector_12
                0x0000000000000210                __bad_interrupt
                0x0000000000000210                __vector_6
                0x0000000000000210                __vector_3
                0x0000000000000210                __vector_23
                0x0000000000000210                __vector_25
                0x0000000000000210                __vector_11
                0x0000000000000210                __vector_13
                0x0000000000000210                __vector_17
                0x0000000000000210                __vector_19
                0x0000000000000210                __vector_5
                0x0000000000000210                __vector_4
                0x0000000000000210                __vector_9
                0x0000000000000210                __vector_2
                0x0000000000000210                __vector_21
                0x0000000000000210                __vector_15
                0x0000000000000210                __vector_8
                0x0000000000000210                __vector_10
                0x0000000000000210                __vector_16
                0x0000000000000210                __vector_20
 .text          0x0000000000000214        0x0 /usr/lib/gcc/avr/5.4.0/../../../avr/lib/avr5/libprintf_flt.a(vfprintf_flt.o)
 .text          0x0000000000000214      0x20e Build_mc/softuart_avr.o
                0x0000000000000214                __vector_14
                0x0000000000000332                _Z13softuart_initv
                0x0000000000000362                _Z19softuart_turn_rx_onv
                0x0000000000000368                _Z20softuart_turn_rx_offv
                0x0000000000000370                _Z16softuart_getcharv
                0x0000000000000398                _Z14softuart_kbhitv
                0x00000000000003aa                _Z27softuart_flush_input_bufferv
                0x00000000000003b4                _Z22softuart_transmit_busyv
                0x00000000000003c2                _Z16softuart_putcharc
                0x00000000000003ec                _Z13softuart_putsPKc
                0x0000000000000404                _Z15softuart_puts_pPKc
 .text          0x0000000000000422      0x72a Build_mc/LoRa.o
                0x0000000000000422                _Z15_singleTransferhh
                0x0000000000000450                _Z13_readRegisterh
                0x0000000000000458                _Z10packetRssiv
                0x0000000000000482                _Z9packetSnrv
                0x000000000000048e                _Z9availablev
                0x000000000000049c                _Z4readv
                0x00000000000004b8                _Z19_getSpreadingFactorv
                0x00000000000004c4                _Z19_getSignalBandwidthv
                0x0000000000000504                _Z20packetFrequencyErrorv
                0x00000000000005c2                _Z14_writeRegisterhh
                0x00000000000005c8                _Z9endPacketv
                0x00000000000005f4                _Z5writePKch
                0x000000000000065c                _Z4peekv
                0x000000000000068c                _Z4idlev
                0x0000000000000694                _Z5sleepv
                0x000000000000069c                _Z7LoRaendv
                0x00000000000006a0                _Z10setTxPowerh
                0x00000000000006ba                _Z12setFrequencym
                0x000000000000075e                _Z5beginm
                0x0000000000000802                _Z8LoRaInitv
                0x0000000000000840                _Z14setCodingRate4h
                0x0000000000000870                _Z17setPreambleLengthj
                0x0000000000000886                _Z11setSyncWordh
                0x000000000000088e                _Z9enableCrcv
                0x000000000000089e                _Z10disableCrcv
                0x00000000000008ae                _Z19_explicitHeaderModev
                0x00000000000008c2                _Z19_implicitHeaderModev
                0x00000000000008d8                _Z11beginPacketh
                0x0000000000000904                _Z13LoRaSendSleepPKch
                0x000000000000092e                _Z11parsePacketh
                0x00000000000009b4                _Z7receivei
                0x00000000000009de                _Z11_setLdoFlagv
                0x0000000000000a42                _Z18setSpreadingFactorh
                0x0000000000000a98                _Z18setSignalBandwidthm
 .text          0x0000000000000b4c       0x56 Build_mc/spi.o
                0x0000000000000b4c                _Z8spi_inithhhhh
                0x0000000000000b96                _Z8spi_sendh
 .text          0x0000000000000ba2      0x4a0 Build_mc/main.o
                0x0000000000000ba2                _ZN16CmdUARTInterface12packetDetectEv
                0x0000000000000c5a                _ZN16CmdUARTInterface12timerHandlerEv
                0x0000000000000c86                _Z15generateLoRaPktPcc
                0x0000000000000ece                _Z21setTempScheduleConfigv
                0x0000000000000f68                _Z19appMilliSecCallbackv
                0x0000000000000fa6                _Z19appRS485RcvCallbackc
                0x0000000000000fd8                _Z11LoRaRcvPktsv
 .text          0x0000000000001042      0x362 Build_mc/mcu_call_functions.o
                0x0000000000001042                _Z15setPinModeInputcc
                0x0000000000001090                _Z16setPinModeOutputcc
                0x00000000000010d8                _Z10setPinHighcc
                0x0000000000001120                _Z9setPinLowcc
                0x000000000000116e                _Z11setPinStateccc
                0x0000000000001180                _Z7readPincc
                0x00000000000011bc                _Z10avrHALInitv
                0x00000000000011be                _Z12startuSTimerv
                0x00000000000011ca                _Z11stopuSTimerv
                0x00000000000011d0                _Z11readuSTimerv
                0x00000000000011e2                _Z12startmSTimerv
                0x000000000000120e                _Z11stopmSTimerv
                0x0000000000001214                __vector_7
                0x0000000000001284                _Z6millisv
                0x0000000000001296                __vector_18
                0x00000000000012f0                _Z10USART_Initv
                0x0000000000001318                _Z15ra485_send_charc
                0x0000000000001326                _Z10write_charcP6__file
                0x000000000000133e                _Z8printLenPci
                0x0000000000001374                _Z9sleepModev
                0x000000000000138e                __vector_1
 .text          0x00000000000013a4       0x68 Build_mc/timer_us.o
                0x00000000000013a4                _ZN11SoftTimeruS5startEj
                0x00000000000013c6                _ZN11SoftTimeruS12checkElapsedEv
 .text          0x000000000000140c     0x1176 Build_mc/TinyGPS++.o
                0x000000000000140c                _ZN11TinyGPSPlusC1Ev
                0x000000000000140c                _ZN11TinyGPSPlusC2Ev
                0x0000000000001540                _ZN11TinyGPSPlus7fromHexEc
                0x0000000000001564                _ZN11TinyGPSPlus12parseDecimalEPKc
                0x0000000000001616                _ZN11TinyGPSPlus12parseDegreesEPKcR10RawDegrees
                0x0000000000001726                _ZN11TinyGPSPlus8cardinalEd
                0x000000000000175c                _ZN15TinyGPSLocation6commitEv
                0x000000000000179e                _ZN15TinyGPSLocation11setLatitudeEPKc
                0x00000000000017ac                _ZN15TinyGPSLocation12setLongitudeEPKc
                0x00000000000017ba                _ZN15TinyGPSLocation3latEv
                0x0000000000001812                _ZN15TinyGPSLocation3lngEv
                0x000000000000186a                _ZN15TinyGPSLocation9getLatStrEPc
                0x00000000000018a8                _ZN15TinyGPSLocation9getLonStrEPc
                0x00000000000018e6                _ZN11TinyGPSDate6commitEv
                0x0000000000001914                _ZN11TinyGPSTime6commitEv
                0x0000000000001942                _ZN11TinyGPSTime7setTimeEPKc
                0x000000000000195c                _ZN11TinyGPSDate7setDateEPKc
                0x0000000000001976                _ZN11TinyGPSDate4yearEv
                0x0000000000001996                _ZN11TinyGPSDate5monthEv
                0x00000000000019d4                _ZN11TinyGPSDate3dayEv
                0x00000000000019f0                _ZN11TinyGPSTime4hourEv
                0x0000000000001a0c                _ZN11TinyGPSTime6minuteEv
                0x0000000000001a38                _ZN11TinyGPSTime6secondEv
                0x0000000000001a76                _ZN11TinyGPSTime11centisecondEv
                0x0000000000001a92                _ZN14TinyGPSDecimal6commitEv
                0x0000000000001ac0                _ZN14TinyGPSDecimal3setEPKc
                0x0000000000001ada                _ZN14TinyGPSInteger6commitEv
                0x0000000000001b08                _ZN14TinyGPSInteger3setEPKc
                0x0000000000001b22                _ZN13TinyGPSCustom6commitEv
                0x0000000000001b48                _ZN13TinyGPSCustom3setEPKc
                0x0000000000001b50                _ZN11TinyGPSPlus16endOfTermHandlerEv
                0x0000000000001e84                _ZN11TinyGPSPlus6encodeEc
                0x0000000000001f7e                _ZN11TinyGPSPlus12insertCustomEP13TinyGPSCustomPKci
                0x0000000000001ff4                _ZN13TinyGPSCustom5beginER11TinyGPSPlusPKci
                0x0000000000002036                _ZN13TinyGPSCustomC2ER11TinyGPSPlusPKci
                0x0000000000002036                _ZN13TinyGPSCustomC1ER11TinyGPSPlusPKci
                0x000000000000203a                _ZN11TinyGPSPlus10_givePulseEv
                0x00000000000020a8                _ZN11TinyGPSPlus20_checkSerialStreamInEv
                0x0000000000002116                _ZN11TinyGPSPlus12gpsPulseWakeEv
                0x0000000000002160                _ZN11TinyGPSPlus13gpsPulseSleepEv
                0x00000000000021aa                _ZN11TinyGPSPlus10_enablePwrEv
                0x00000000000021b4                _ZN11TinyGPSPlus11_disablePwrEv
                0x00000000000021be                _ZN11TinyGPSPlus9_UARTInitEv
                0x00000000000021ca                _ZN11TinyGPSPlus4initEh
                0x00000000000021f6                _ZN11TinyGPSPlus9printDataEv
                0x0000000000002404                _ZN11TinyGPSPlus7handlerEv
                0x000000000000250a                _ZN11TinyGPSPlus15mSTimerCallbackEv
                0x0000000000002534                _ZN11TinyGPSPlus10getHDOPStrEPc
 .text          0x0000000000002582      0x928 Build_mc/rtc.o
                0x0000000000002582                _Z7dec2bcdh
                0x0000000000002594                _Z7bcd2dech
                0x00000000000025a6                _Z13rtc_read_byteh
                0x00000000000025c8                _Z14rtc_write_bytehh
                0x00000000000025ea                _Z8rtc_initv
                0x0000000000002648                _Z18rtc_setup_ext_initv
                0x0000000000002668                _Z13rtc_is_ds1307v
                0x000000000000266e                _Z13rtc_is_ds3231v
                0x0000000000002674                _Z14rtc_set_ds1307v
                0x0000000000002680                _Z14rtc_set_ds3231v
                0x000000000000268c                _Z12rtc_get_timev
                0x00000000000027c2                _Z14rtc_get_time_sPhS_S_
                0x0000000000002880                _Z12rtc_set_timeP2tm
                0x0000000000002908                _Z14rtc_set_time_shhh
                0x0000000000002948                _Z13rtc_run_clockb
                0x0000000000002970                _Z20rtc_is_clock_runningv
                0x0000000000002986                _Z19ds3231_get_temp_intPaPh
                0x00000000000029f0                _Z25rtc_force_temp_conversionh
                0x0000000000002a5e                _Z17rtc_get_sram_byteh
                0x0000000000002a82                _Z12rtc_get_sramPh
                0x0000000000002aa6                _Z17rtc_set_sram_bytehh
                0x0000000000002aca                _Z12rtc_set_sramPh
                0x0000000000002aee                _Z14rtc_SQW_enableb
                0x0000000000002b72                _Z16rtc_SQW_set_freq12RTC_SQW_FREQ
                0x0000000000002bee                _Z19rtc_osc32kHz_enableb
                0x0000000000002c40                _Z15rtc_reset_alarmv
                0x0000000000002c80                _Z15rtc_set_alarm_shhh
                0x0000000000002d42                _Z13rtc_set_alarmP2tm
                0x0000000000002d54                _Z15rtc_get_alarm_sPhS_S_
                0x0000000000002dd8                _Z13rtc_get_alarmv
                0x0000000000002e22                _Z15rtc_check_alarmv
 .text          0x0000000000002eaa      0x170 Build_mc/scheduling.o
                0x0000000000002eaa                _ZN16SchedulingManage17checkIfInSendTimeEP2tm
                0x0000000000002f20                _ZN16SchedulingManage14_calcNextAlarmEP2tm
                0x0000000000002fa8                _ZN16SchedulingManage12alarmHandlerEv
 .text          0x000000000000301a      0x3d4 Build_mc/twi-lowlevel.o
                0x000000000000301a                _Z8twi_initv
                0x0000000000003042                _Z14twi_setAddressh
                0x000000000000304a                _Z12twi_readFromhPhh
                0x00000000000030ac                _Z11twi_writeTohPhhh
                0x000000000000312c                _Z12twi_transmitPhh
                0x000000000000315e                _Z22twi_attachSlaveRxEventPFvPhiE
                0x0000000000003168                _Z22twi_attachSlaveTxEventPFvvE
                0x0000000000003172                _Z9twi_replyh
                0x0000000000003182                _Z8twi_stopv
                0x0000000000003196                _Z14twi_releaseBusv
                0x00000000000031a2                __vector_24
 .text          0x00000000000033ee      0x1c2 Build_mc/twi.o
                0x00000000000033ee                _Z16onReceiveServicePhi
                0x0000000000003442                _Z16onRequestServicev
                0x000000000000345a                _Z15twi_init_masterv
                0x000000000000346e                _Z14twi_init_slaveh
                0x0000000000003486                _Z16twi_request_fromhh
                0x00000000000034a0                _Z22twi_begin_transmissionh
                0x00000000000034b4                _Z20twi_end_transmissionv
                0x00000000000034d4                _Z13twi_send_byteh
                0x000000000000351e                _Z8twi_sendPhh
                0x000000000000355a                _Z13twi_send_charPc
                0x000000000000356e                _Z13twi_availablev
                0x000000000000357a                _Z11twi_receivev
                0x000000000000359c                _Z18twi_set_on_receivePFviE
                0x00000000000035a6                _Z18twi_set_on_requestPFvvE
 .text          0x00000000000035b0      0x112 Build_mc/command_layer.o
                0x00000000000035b0                _ZN10CmdProcess4initEv
                0x00000000000035b2                _ZN10CmdProcess6detectEv
                0x000000000000366c                _ZN10CmdProcess13incrBuffCountEv
                0x0000000000003688                _ZN10CmdProcess5storeEc
                0x000000000000369c                _ZN10CmdProcess13start_storingEc
                0x00000000000036a6                _ZN10CmdProcess16_readCountManageEi
 .text          0x00000000000036c2       0xf8 Build_mc/battery.o
                0x00000000000036c2                _Z14readVccVoltagev
 .text          0x00000000000037ba      0x27e Build_mc/medium_collar.o
                0x00000000000037ba                _Z18generateReleasePktPcfP2tm
                0x0000000000003898                _Z8runMotorv
                0x00000000000038c2                _Z14setReleaseTimev
                0x00000000000038f4                _Z18checkIfReleaseTimeP2tm
                0x000000000000399a                _Z14releaseHandlerv
 .text          0x0000000000003a38        0x0 /usr/lib/gcc/avr/5.4.0/avr5/libgcc.a(_mulsi3.o)
 .text          0x0000000000003a38        0x0 /usr/lib/gcc/avr/5.4.0/avr5/libgcc.a(_udivmodqi4.o)
 .text          0x0000000000003a38        0x0 /usr/lib/gcc/avr/5.4.0/avr5/libgcc.a(_udivmodhi4.o)
 .text          0x0000000000003a38        0x0 /usr/lib/gcc/avr/5.4.0/avr5/libgcc.a(_divmodhi4.o)
 .text          0x0000000000003a38        0x0 /usr/lib/gcc/avr/5.4.0/avr5/libgcc.a(_udivmodsi4.o)
 .text          0x0000000000003a38        0x0 /usr/lib/gcc/avr/5.4.0/avr5/libgcc.a(_exit.o)
 .text          0x0000000000003a38        0x0 /usr/lib/gcc/avr/5.4.0/avr5/libgcc.a(_tablejump2.o)
 .text          0x0000000000003a38        0x0 /usr/lib/gcc/avr/5.4.0/avr5/libgcc.a(_copy_data.o)
 .text          0x0000000000003a38        0x0 /usr/lib/gcc/avr/5.4.0/avr5/libgcc.a(_clear_bss.o)
 .text          0x0000000000003a38        0x0 /usr/lib/gcc/avr/5.4.0/avr5/libgcc.a(_ctors.o)
 .text          0x0000000000003a38        0x0 /usr/lib/gcc/avr/5.4.0/avr5/libgcc.a(_muluhisi3.o)
 .text          0x0000000000003a38        0x0 /usr/lib/gcc/avr/5.4.0/avr5/libgcc.a(_mulshisi3.o)
 .text          0x0000000000003a38        0x0 /usr/lib/gcc/avr/5.4.0/avr5/libgcc.a(_udivdi3.o)
 .text          0x0000000000003a38        0x0 /usr/lib/gcc/avr/5.4.0/avr5/libgcc.a(_udivmod64.o)
 .text          0x0000000000003a38        0x0 /usr/lib/gcc/avr/5.4.0/avr5/libgcc.a(_prologue.o)
 .text          0x0000000000003a38        0x0 /usr/lib/gcc/avr/5.4.0/avr5/libgcc.a(_epilogue.o)
 .text          0x0000000000003a38        0x0 /usr/lib/gcc/avr/5.4.0/avr5/libgcc.a(_ashldi3.o)
 .text          0x0000000000003a38        0x0 /usr/lib/gcc/avr/5.4.0/avr5/libgcc.a(_ashrdi3.o)
 .text          0x0000000000003a38        0x0 /usr/lib/gcc/avr/5.4.0/avr5/libgcc.a(_umulhisi3.o)
 .text          0x0000000000003a38        0x0 /usr/lib/gcc/avr/5.4.0/../../../avr/lib/avr5/libm.a(addsf3.o)
 .text          0x0000000000003a38        0x0 /usr/lib/gcc/avr/5.4.0/../../../avr/lib/avr5/libm.a(addsf3x.o)
 .text          0x0000000000003a38        0x0 /usr/lib/gcc/avr/5.4.0/../../../avr/lib/avr5/libm.a(divsf3.o)
 .text          0x0000000000003a38        0x0 /usr/lib/gcc/avr/5.4.0/../../../avr/lib/avr5/libm.a(divsf3x.o)
 .text          0x0000000000003a38        0x0 /usr/lib/gcc/avr/5.4.0/../../../avr/lib/avr5/libm.a(fixsfsi.o)
 .text          0x0000000000003a38        0x0 /usr/lib/gcc/avr/5.4.0/../../../avr/lib/avr5/libm.a(fixunssfsi.o)
 .text          0x0000000000003a38        0x0 /usr/lib/gcc/avr/5.4.0/../../../avr/lib/avr5/libm.a(floatsisf.o)
 .text          0x0000000000003a38        0x0 /usr/lib/gcc/avr/5.4.0/../../../avr/lib/avr5/libm.a(fp_inf.o)
 .text          0x0000000000003a38        0x0 /usr/lib/gcc/avr/5.4.0/../../../avr/lib/avr5/libm.a(fp_nan.o)
 .text          0x0000000000003a38        0x0 /usr/lib/gcc/avr/5.4.0/../../../avr/lib/avr5/libm.a(fp_pscA.o)
 .text          0x0000000000003a38        0x0 /usr/lib/gcc/avr/5.4.0/../../../avr/lib/avr5/libm.a(fp_pscB.o)
 .text          0x0000000000003a38        0x0 /usr/lib/gcc/avr/5.4.0/../../../avr/lib/avr5/libm.a(fp_round.o)
 .text          0x0000000000003a38        0x0 /usr/lib/gcc/avr/5.4.0/../../../avr/lib/avr5/libm.a(fp_split3.o)
 .text          0x0000000000003a38        0x0 /usr/lib/gcc/avr/5.4.0/../../../avr/lib/avr5/libm.a(fp_zero.o)
 .text          0x0000000000003a38        0x0 /usr/lib/gcc/avr/5.4.0/../../../avr/lib/avr5/libm.a(mulsf3.o)
 .text          0x0000000000003a38        0x0 /usr/lib/gcc/avr/5.4.0/../../../avr/lib/avr5/libm.a(mulsf3x.o)
 .text          0x0000000000003a38        0x0 /usr/lib/gcc/avr/5.4.0/../../../avr/lib/avr5/libc.a(atol.o)
 .text          0x0000000000003a38        0x0 /usr/lib/gcc/avr/5.4.0/../../../avr/lib/avr5/libc.a(ftoa_engine.o)
 .text          0x0000000000003a38        0x0 /usr/lib/gcc/avr/5.4.0/../../../avr/lib/avr5/libc.a(strnlen_P.o)
 .text          0x0000000000003a38        0x0 /usr/lib/gcc/avr/5.4.0/../../../avr/lib/avr5/libc.a(strcmp.o)
 .text          0x0000000000003a38        0x0 /usr/lib/gcc/avr/5.4.0/../../../avr/lib/avr5/libc.a(strcpy.o)
 .text          0x0000000000003a38        0x0 /usr/lib/gcc/avr/5.4.0/../../../avr/lib/avr5/libc.a(strncpy.o)
 .text          0x0000000000003a38        0x0 /usr/lib/gcc/avr/5.4.0/../../../avr/lib/avr5/libc.a(strnlen.o)
 .text          0x0000000000003a38        0x0 /usr/lib/gcc/avr/5.4.0/../../../avr/lib/avr5/libc.a(mulsi10.o)
 .text          0x0000000000003a38        0x0 /usr/lib/gcc/avr/5.4.0/../../../avr/lib/avr5/libc.a(fdevopen.o)
 .text          0x0000000000003a38        0x0 /usr/lib/gcc/avr/5.4.0/../../../avr/lib/avr5/libc.a(fputc.o)
 .text          0x0000000000003a38        0x0 /usr/lib/gcc/avr/5.4.0/../../../avr/lib/avr5/libc.a(iob.o)
 .text          0x0000000000003a38        0x0 /usr/lib/gcc/avr/5.4.0/../../../avr/lib/avr5/libc.a(printf.o)
 .text          0x0000000000003a38        0x0 /usr/lib/gcc/avr/5.4.0/../../../avr/lib/avr5/libc.a(putchar.o)
 .text          0x0000000000003a38        0x0 /usr/lib/gcc/avr/5.4.0/../../../avr/lib/avr5/libc.a(puts.o)
 .text          0x0000000000003a38        0x0 /usr/lib/gcc/avr/5.4.0/../../../avr/lib/avr5/libc.a(sprintf.o)
 .text          0x0000000000003a38        0x0 /usr/lib/gcc/avr/5.4.0/../../../avr/lib/avr5/libc.a(ultoa_invert.o)
 .text          0x0000000000003a38        0x0 /usr/lib/gcc/avr/5.4.0/../../../avr/lib/avr5/libc.a(calloc.o)
 .text          0x0000000000003a38        0x0 /usr/lib/gcc/avr/5.4.0/../../../avr/lib/avr5/libc.a(malloc.o)
 .text          0x0000000000003a38        0x0 /usr/lib/gcc/avr/5.4.0/../../../avr/lib/avr5/libc.a(memset.o)
                0x0000000000003a38                . = ALIGN (0x2)
 *(.text.*)
 .text.avr-libc
                0x0000000000003a38      0x6fa /usr/lib/gcc/avr/5.4.0/../../../avr/lib/avr5/libprintf_flt.a(vfprintf_flt.o)
                0x0000000000003a38                vfprintf
 .text.startup  0x0000000000004132      0x1a6 Build_mc/main.o
                0x0000000000004132                main
 .text.startup  0x00000000000042d8       0x16 Build_mc/mcu_call_functions.o
 .text.libgcc.mul
                0x00000000000042ee       0x20 /usr/lib/gcc/avr/5.4.0/avr5/libgcc.a(_mulsi3.o)
                0x00000000000042ee                __mulsi3
 .text.libgcc.div
                0x000000000000430e        0x0 /usr/lib/gcc/avr/5.4.0/avr5/libgcc.a(_mulsi3.o)
 .text.libgcc   0x000000000000430e        0x0 /usr/lib/gcc/avr/5.4.0/avr5/libgcc.a(_mulsi3.o)
 .text.libgcc.prologue
                0x000000000000430e        0x0 /usr/lib/gcc/avr/5.4.0/avr5/libgcc.a(_mulsi3.o)
 .text.libgcc.builtins
                0x000000000000430e        0x0 /usr/lib/gcc/avr/5.4.0/avr5/libgcc.a(_mulsi3.o)
 .text.libgcc.fmul
                0x000000000000430e        0x0 /usr/lib/gcc/avr/5.4.0/avr5/libgcc.a(_mulsi3.o)
 .text.libgcc.fixed
                0x000000000000430e        0x0 /usr/lib/gcc/avr/5.4.0/avr5/libgcc.a(_mulsi3.o)
 .text.libgcc.mul
                0x000000000000430e        0x0 /usr/lib/gcc/avr/5.4.0/avr5/libgcc.a(_udivmodqi4.o)
 .text.libgcc.div
                0x000000000000430e       0x18 /usr/lib/gcc/avr/5.4.0/avr5/libgcc.a(_udivmodqi4.o)
                0x000000000000430e                __udivmodqi4
 .text.libgcc   0x0000000000004326        0x0 /usr/lib/gcc/avr/5.4.0/avr5/libgcc.a(_udivmodqi4.o)
 .text.libgcc.prologue
                0x0000000000004326        0x0 /usr/lib/gcc/avr/5.4.0/avr5/libgcc.a(_udivmodqi4.o)
 .text.libgcc.builtins
                0x0000000000004326        0x0 /usr/lib/gcc/avr/5.4.0/avr5/libgcc.a(_udivmodqi4.o)
 .text.libgcc.fmul
                0x0000000000004326        0x0 /usr/lib/gcc/avr/5.4.0/avr5/libgcc.a(_udivmodqi4.o)
 .text.libgcc.fixed
                0x0000000000004326        0x0 /usr/lib/gcc/avr/5.4.0/avr5/libgcc.a(_udivmodqi4.o)
 .text.libgcc.mul
                0x0000000000004326        0x0 /usr/lib/gcc/avr/5.4.0/avr5/libgcc.a(_udivmodhi4.o)
 .text.libgcc.div
                0x0000000000004326       0x28 /usr/lib/gcc/avr/5.4.0/avr5/libgcc.a(_udivmodhi4.o)
                0x0000000000004326                __udivmodhi4
 .text.libgcc   0x000000000000434e        0x0 /usr/lib/gcc/avr/5.4.0/avr5/libgcc.a(_udivmodhi4.o)
 .text.libgcc.prologue
                0x000000000000434e        0x0 /usr/lib/gcc/avr/5.4.0/avr5/libgcc.a(_udivmodhi4.o)
 .text.libgcc.builtins
                0x000000000000434e        0x0 /usr/lib/gcc/avr/5.4.0/avr5/libgcc.a(_udivmodhi4.o)
 .text.libgcc.fmul
                0x000000000000434e        0x0 /usr/lib/gcc/avr/5.4.0/avr5/libgcc.a(_udivmodhi4.o)
 .text.libgcc.fixed
                0x000000000000434e        0x0 /usr/lib/gcc/avr/5.4.0/avr5/libgcc.a(_udivmodhi4.o)
 .text.libgcc.mul
                0x000000000000434e        0x0 /usr/lib/gcc/avr/5.4.0/avr5/libgcc.a(_divmodhi4.o)
 .text.libgcc.div
                0x000000000000434e       0x28 /usr/lib/gcc/avr/5.4.0/avr5/libgcc.a(_divmodhi4.o)
                0x000000000000434e                __divmodhi4
                0x000000000000434e                _div
 .text.libgcc   0x0000000000004376        0x0 /usr/lib/gcc/avr/5.4.0/avr5/libgcc.a(_divmodhi4.o)
 .text.libgcc.prologue
                0x0000000000004376        0x0 /usr/lib/gcc/avr/5.4.0/avr5/libgcc.a(_divmodhi4.o)
 .text.libgcc.builtins
                0x0000000000004376        0x0 /usr/lib/gcc/avr/5.4.0/avr5/libgcc.a(_divmodhi4.o)
 .text.libgcc.fmul
                0x0000000000004376        0x0 /usr/lib/gcc/avr/5.4.0/avr5/libgcc.a(_divmodhi4.o)
 .text.libgcc.fixed
                0x0000000000004376        0x0 /usr/lib/gcc/avr/5.4.0/avr5/libgcc.a(_divmodhi4.o)
 .text.libgcc.mul
                0x0000000000004376        0x0 /usr/lib/gcc/avr/5.4.0/avr5/libgcc.a(_udivmodsi4.o)
 .text.libgcc.div
                0x0000000000004376       0x44 /usr/lib/gcc/avr/5.4.0/avr5/libgcc.a(_udivmodsi4.o)
                0x0000000000004376                __udivmodsi4
 .text.libgcc   0x00000000000043ba        0x0 /usr/lib/gcc/avr/5.4.0/avr5/libgcc.a(_udivmodsi4.o)
 .text.libgcc.prologue
                0x00000000000043ba        0x0 /usr/lib/gcc/avr/5.4.0/avr5/libgcc.a(_udivmodsi4.o)
 .text.libgcc.builtins
                0x00000000000043ba        0x0 /usr/lib/gcc/avr/5.4.0/avr5/libgcc.a(_udivmodsi4.o)
 .text.libgcc.fmul
                0x00000000000043ba        0x0 /usr/lib/gcc/avr/5.4.0/avr5/libgcc.a(_udivmodsi4.o)
 .text.libgcc.fixed
                0x00000000000043ba        0x0 /usr/lib/gcc/avr/5.4.0/avr5/libgcc.a(_udivmodsi4.o)
 .text.libgcc.mul
                0x00000000000043ba        0x0 /usr/lib/gcc/avr/5.4.0/avr5/libgcc.a(_exit.o)
 .text.libgcc.div
                0x00000000000043ba        0x0 /usr/lib/gcc/avr/5.4.0/avr5/libgcc.a(_exit.o)
 .text.libgcc   0x00000000000043ba        0x0 /usr/lib/gcc/avr/5.4.0/avr5/libgcc.a(_exit.o)
 .text.libgcc.prologue
                0x00000000000043ba        0x0 /usr/lib/gcc/avr/5.4.0/avr5/libgcc.a(_exit.o)
 .text.libgcc.builtins
                0x00000000000043ba        0x0 /usr/lib/gcc/avr/5.4.0/avr5/libgcc.a(_exit.o)
 .text.libgcc.fmul
                0x00000000000043ba        0x0 /usr/lib/gcc/avr/5.4.0/avr5/libgcc.a(_exit.o)
 .text.libgcc.fixed
                0x00000000000043ba        0x0 /usr/lib/gcc/avr/5.4.0/avr5/libgcc.a(_exit.o)
 .text.libgcc.mul
                0x00000000000043ba        0x0 /usr/lib/gcc/avr/5.4.0/avr5/libgcc.a(_tablejump2.o)
 .text.libgcc.div
                0x00000000000043ba        0x0 /usr/lib/gcc/avr/5.4.0/avr5/libgcc.a(_tablejump2.o)
 .text.libgcc   0x00000000000043ba        0xc /usr/lib/gcc/avr/5.4.0/avr5/libgcc.a(_tablejump2.o)
                0x00000000000043ba                __tablejump2__
 .text.libgcc.prologue
                0x00000000000043c6        0x0 /usr/lib/gcc/avr/5.4.0/avr5/libgcc.a(_tablejump2.o)
 .text.libgcc.builtins
                0x00000000000043c6        0x0 /usr/lib/gcc/avr/5.4.0/avr5/libgcc.a(_tablejump2.o)
 .text.libgcc.fmul
                0x00000000000043c6        0x0 /usr/lib/gcc/avr/5.4.0/avr5/libgcc.a(_tablejump2.o)
 .text.libgcc.fixed
                0x00000000000043c6        0x0 /usr/lib/gcc/avr/5.4.0/avr5/libgcc.a(_tablejump2.o)
 .text.libgcc.mul
                0x00000000000043c6        0x0 /usr/lib/gcc/avr/5.4.0/avr5/libgcc.a(_copy_data.o)
 .text.libgcc.div
                0x00000000000043c6        0x0 /usr/lib/gcc/avr/5.4.0/avr5/libgcc.a(_copy_data.o)
 .text.libgcc   0x00000000000043c6        0x0 /usr/lib/gcc/avr/5.4.0/avr5/libgcc.a(_copy_data.o)
 .text.libgcc.prologue
                0x00000000000043c6        0x0 /usr/lib/gcc/avr/5.4.0/avr5/libgcc.a(_copy_data.o)
 .text.libgcc.builtins
                0x00000000000043c6        0x0 /usr/lib/gcc/avr/5.4.0/avr5/libgcc.a(_copy_data.o)
 .text.libgcc.fmul
                0x00000000000043c6        0x0 /usr/lib/gcc/avr/5.4.0/avr5/libgcc.a(_copy_data.o)
 .text.libgcc.fixed
                0x00000000000043c6        0x0 /usr/lib/gcc/avr/5.4.0/avr5/libgcc.a(_copy_data.o)
 .text.libgcc.mul
                0x00000000000043c6        0x0 /usr/lib/gcc/avr/5.4.0/avr5/libgcc.a(_clear_bss.o)
 .text.libgcc.div
                0x00000000000043c6        0x0 /usr/lib/gcc/avr/5.4.0/avr5/libgcc.a(_clear_bss.o)
 .text.libgcc   0x00000000000043c6        0x0 /usr/lib/gcc/avr/5.4.0/avr5/libgcc.a(_clear_bss.o)
 .text.libgcc.prologue
                0x00000000000043c6        0x0 /usr/lib/gcc/avr/5.4.0/avr5/libgcc.a(_clear_bss.o)
 .text.libgcc.builtins
                0x00000000000043c6        0x0 /usr/lib/gcc/avr/5.4.0/avr5/libgcc.a(_clear_bss.o)
 .text.libgcc.fmul
                0x00000000000043c6        0x0 /usr/lib/gcc/avr/5.4.0/avr5/libgcc.a(_clear_bss.o)
 .text.libgcc.fixed
                0x00000000000043c6        0x0 /usr/lib/gcc/avr/5.4.0/avr5/libgcc.a(_clear_bss.o)
 .text.libgcc.mul
                0x00000000000043c6        0x0 /usr/lib/gcc/avr/5.4.0/avr5/libgcc.a(_ctors.o)
 .text.libgcc.div
                0x00000000000043c6        0x0 /usr/lib/gcc/avr/5.4.0/avr5/libgcc.a(_ctors.o)
 .text.libgcc   0x00000000000043c6        0x0 /usr/lib/gcc/avr/5.4.0/avr5/libgcc.a(_ctors.o)
 .text.libgcc.prologue
                0x00000000000043c6        0x0 /usr/lib/gcc/avr/5.4.0/avr5/libgcc.a(_ctors.o)
 .text.libgcc.builtins
                0x00000000000043c6        0x0 /usr/lib/gcc/avr/5.4.0/avr5/libgcc.a(_ctors.o)
 .text.libgcc.fmul
                0x00000000000043c6        0x0 /usr/lib/gcc/avr/5.4.0/avr5/libgcc.a(_ctors.o)
 .text.libgcc.fixed
                0x00000000000043c6        0x0 /usr/lib/gcc/avr/5.4.0/avr5/libgcc.a(_ctors.o)
 .text.libgcc.mul
                0x00000000000043c6       0x16 /usr/lib/gcc/avr/5.4.0/avr5/libgcc.a(_muluhisi3.o)
                0x00000000000043c6                __muluhisi3
 .text.libgcc.div
                0x00000000000043dc        0x0 /usr/lib/gcc/avr/5.4.0/avr5/libgcc.a(_muluhisi3.o)
 .text.libgcc   0x00000000000043dc        0x0 /usr/lib/gcc/avr/5.4.0/avr5/libgcc.a(_muluhisi3.o)
 .text.libgcc.prologue
                0x00000000000043dc        0x0 /usr/lib/gcc/avr/5.4.0/avr5/libgcc.a(_muluhisi3.o)
 .text.libgcc.builtins
                0x00000000000043dc        0x0 /usr/lib/gcc/avr/5.4.0/avr5/libgcc.a(_muluhisi3.o)
 .text.libgcc.fmul
                0x00000000000043dc        0x0 /usr/lib/gcc/avr/5.4.0/avr5/libgcc.a(_muluhisi3.o)
 .text.libgcc.fixed
                0x00000000000043dc        0x0 /usr/lib/gcc/avr/5.4.0/avr5/libgcc.a(_muluhisi3.o)
 .text.libgcc.mul
                0x00000000000043dc       0x10 /usr/lib/gcc/avr/5.4.0/avr5/libgcc.a(_mulshisi3.o)
                0x00000000000043dc                __mulshisi3
                0x00000000000043e2                __mulohisi3
 .text.libgcc.div
                0x00000000000043ec        0x0 /usr/lib/gcc/avr/5.4.0/avr5/libgcc.a(_mulshisi3.o)
 .text.libgcc   0x00000000000043ec        0x0 /usr/lib/gcc/avr/5.4.0/avr5/libgcc.a(_mulshisi3.o)
 .text.libgcc.prologue
                0x00000000000043ec        0x0 /usr/lib/gcc/avr/5.4.0/avr5/libgcc.a(_mulshisi3.o)
 .text.libgcc.builtins
                0x00000000000043ec        0x0 /usr/lib/gcc/avr/5.4.0/avr5/libgcc.a(_mulshisi3.o)
 .text.libgcc.fmul
                0x00000000000043ec        0x0 /usr/lib/gcc/avr/5.4.0/avr5/libgcc.a(_mulshisi3.o)
 .text.libgcc.fixed
                0x00000000000043ec        0x0 /usr/lib/gcc/avr/5.4.0/avr5/libgcc.a(_mulshisi3.o)
 .text.libgcc.mul
                0x00000000000043ec        0x0 /usr/lib/gcc/avr/5.4.0/avr5/libgcc.a(_udivdi3.o)
 .text.libgcc.div
                0x00000000000043ec       0x1c /usr/lib/gcc/avr/5.4.0/avr5/libgcc.a(_udivdi3.o)
                0x00000000000043ec                __umoddi3
                0x00000000000043f0                __udivdi3
                0x00000000000043f2                __udivdi3_umoddi3
 .text.libgcc   0x0000000000004408        0x0 /usr/lib/gcc/avr/5.4.0/avr5/libgcc.a(_udivdi3.o)
 .text.libgcc.prologue
                0x0000000000004408        0x0 /usr/lib/gcc/avr/5.4.0/avr5/libgcc.a(_udivdi3.o)
 .text.libgcc.builtins
                0x0000000000004408        0x0 /usr/lib/gcc/avr/5.4.0/avr5/libgcc.a(_udivdi3.o)
 .text.libgcc.fmul
                0x0000000000004408        0x0 /usr/lib/gcc/avr/5.4.0/avr5/libgcc.a(_udivdi3.o)
 .text.libgcc.fixed
                0x0000000000004408        0x0 /usr/lib/gcc/avr/5.4.0/avr5/libgcc.a(_udivdi3.o)
 .text.libgcc.mul
                0x0000000000004408        0x0 /usr/lib/gcc/avr/5.4.0/avr5/libgcc.a(_udivmod64.o)
 .text.libgcc.div
                0x0000000000004408       0xa2 /usr/lib/gcc/avr/5.4.0/avr5/libgcc.a(_udivmod64.o)
                0x0000000000004408                __udivmod64
 .text.libgcc   0x00000000000044aa        0x0 /usr/lib/gcc/avr/5.4.0/avr5/libgcc.a(_udivmod64.o)
 .text.libgcc.prologue
                0x00000000000044aa        0x0 /usr/lib/gcc/avr/5.4.0/avr5/libgcc.a(_udivmod64.o)
 .text.libgcc.builtins
                0x00000000000044aa        0x0 /usr/lib/gcc/avr/5.4.0/avr5/libgcc.a(_udivmod64.o)
 .text.libgcc.fmul
                0x00000000000044aa        0x0 /usr/lib/gcc/avr/5.4.0/avr5/libgcc.a(_udivmod64.o)
 .text.libgcc.fixed
                0x00000000000044aa        0x0 /usr/lib/gcc/avr/5.4.0/avr5/libgcc.a(_udivmod64.o)
 .text.libgcc.mul
                0x00000000000044aa        0x0 /usr/lib/gcc/avr/5.4.0/avr5/libgcc.a(_prologue.o)
 .text.libgcc.div
                0x00000000000044aa        0x0 /usr/lib/gcc/avr/5.4.0/avr5/libgcc.a(_prologue.o)
 .text.libgcc   0x00000000000044aa        0x0 /usr/lib/gcc/avr/5.4.0/avr5/libgcc.a(_prologue.o)
 .text.libgcc.prologue
                0x00000000000044aa       0x38 /usr/lib/gcc/avr/5.4.0/avr5/libgcc.a(_prologue.o)
                0x00000000000044aa                __prologue_saves__
 .text.libgcc.builtins
                0x00000000000044e2        0x0 /usr/lib/gcc/avr/5.4.0/avr5/libgcc.a(_prologue.o)
 .text.libgcc.fmul
                0x00000000000044e2        0x0 /usr/lib/gcc/avr/5.4.0/avr5/libgcc.a(_prologue.o)
 .text.libgcc.fixed
                0x00000000000044e2        0x0 /usr/lib/gcc/avr/5.4.0/avr5/libgcc.a(_prologue.o)
 .text.libgcc.mul
                0x00000000000044e2        0x0 /usr/lib/gcc/avr/5.4.0/avr5/libgcc.a(_epilogue.o)
 .text.libgcc.div
                0x00000000000044e2        0x0 /usr/lib/gcc/avr/5.4.0/avr5/libgcc.a(_epilogue.o)
 .text.libgcc   0x00000000000044e2        0x0 /usr/lib/gcc/avr/5.4.0/avr5/libgcc.a(_epilogue.o)
 .text.libgcc.prologue
                0x00000000000044e2       0x36 /usr/lib/gcc/avr/5.4.0/avr5/libgcc.a(_epilogue.o)
                0x00000000000044e2                __epilogue_restores__
 .text.libgcc.builtins
                0x0000000000004518        0x0 /usr/lib/gcc/avr/5.4.0/avr5/libgcc.a(_epilogue.o)
 .text.libgcc.fmul
                0x0000000000004518        0x0 /usr/lib/gcc/avr/5.4.0/avr5/libgcc.a(_epilogue.o)
 .text.libgcc.fixed
                0x0000000000004518        0x0 /usr/lib/gcc/avr/5.4.0/avr5/libgcc.a(_epilogue.o)
 .text.libgcc.mul
                0x0000000000004518        0x0 /usr/lib/gcc/avr/5.4.0/avr5/libgcc.a(_ashldi3.o)
 .text.libgcc.div
                0x0000000000004518        0x0 /usr/lib/gcc/avr/5.4.0/avr5/libgcc.a(_ashldi3.o)
 .text.libgcc   0x0000000000004518        0x0 /usr/lib/gcc/avr/5.4.0/avr5/libgcc.a(_ashldi3.o)
 .text.libgcc.prologue
                0x0000000000004518        0x0 /usr/lib/gcc/avr/5.4.0/avr5/libgcc.a(_ashldi3.o)
 .text.libgcc.builtins
                0x0000000000004518       0x32 /usr/lib/gcc/avr/5.4.0/avr5/libgcc.a(_ashldi3.o)
                0x0000000000004518                __ashldi3
 .text.libgcc.fmul
                0x000000000000454a        0x0 /usr/lib/gcc/avr/5.4.0/avr5/libgcc.a(_ashldi3.o)
 .text.libgcc.fixed
                0x000000000000454a        0x0 /usr/lib/gcc/avr/5.4.0/avr5/libgcc.a(_ashldi3.o)
 .text.libgcc.mul
                0x000000000000454a        0x0 /usr/lib/gcc/avr/5.4.0/avr5/libgcc.a(_ashrdi3.o)
 .text.libgcc.div
                0x000000000000454a        0x0 /usr/lib/gcc/avr/5.4.0/avr5/libgcc.a(_ashrdi3.o)
 .text.libgcc   0x000000000000454a        0x0 /usr/lib/gcc/avr/5.4.0/avr5/libgcc.a(_ashrdi3.o)
 .text.libgcc.prologue
                0x000000000000454a        0x0 /usr/lib/gcc/avr/5.4.0/avr5/libgcc.a(_ashrdi3.o)
 .text.libgcc.builtins
                0x000000000000454a       0x3c /usr/lib/gcc/avr/5.4.0/avr5/libgcc.a(_ashrdi3.o)
                0x000000000000454a                __ashrdi3
                0x000000000000454e                __lshrdi3
 .text.libgcc.fmul
                0x0000000000004586        0x0 /usr/lib/gcc/avr/5.4.0/avr5/libgcc.a(_ashrdi3.o)
 .text.libgcc.fixed
                0x0000000000004586        0x0 /usr/lib/gcc/avr/5.4.0/avr5/libgcc.a(_ashrdi3.o)
 .text.libgcc.mul
                0x0000000000004586       0x1e /usr/lib/gcc/avr/5.4.0/avr5/libgcc.a(_umulhisi3.o)
                0x0000000000004586                __umulhisi3
 .text.libgcc.div
                0x00000000000045a4        0x0 /usr/lib/gcc/avr/5.4.0/avr5/libgcc.a(_umulhisi3.o)
 .text.libgcc   0x00000000000045a4        0x0 /usr/lib/gcc/avr/5.4.0/avr5/libgcc.a(_umulhisi3.o)
 .text.libgcc.prologue
                0x00000000000045a4        0x0 /usr/lib/gcc/avr/5.4.0/avr5/libgcc.a(_umulhisi3.o)
 .text.libgcc.builtins
                0x00000000000045a4        0x0 /usr/lib/gcc/avr/5.4.0/avr5/libgcc.a(_umulhisi3.o)
 .text.libgcc.fmul
                0x00000000000045a4        0x0 /usr/lib/gcc/avr/5.4.0/avr5/libgcc.a(_umulhisi3.o)
 .text.libgcc.fixed
                0x00000000000045a4        0x0 /usr/lib/gcc/avr/5.4.0/avr5/libgcc.a(_umulhisi3.o)
 .text.avr-libc.fplib
                0x00000000000045a4        0xe /usr/lib/gcc/avr/5.4.0/../../../avr/lib/avr5/libm.a(addsf3.o)
                0x00000000000045a4                __subsf3
                0x00000000000045a6                __addsf3
 .text.avr-libc.fplib
                0x00000000000045b2       0xcc /usr/lib/gcc/avr/5.4.0/../../../avr/lib/avr5/libm.a(addsf3x.o)
                0x00000000000045d4                __addsf3x
 .text.avr-libc.fplib
                0x000000000000467e        0x8 /usr/lib/gcc/avr/5.4.0/../../../avr/lib/avr5/libm.a(divsf3.o)
                0x000000000000467e                __divsf3
 .text.avr-libc.fplib
                0x0000000000004686       0xdc /usr/lib/gcc/avr/5.4.0/../../../avr/lib/avr5/libm.a(divsf3x.o)
                0x00000000000046a6                __divsf3x
                0x00000000000046ac                __divsf3_pse
 .text.avr-libc.fplib
                0x0000000000004762        0xe /usr/lib/gcc/avr/5.4.0/../../../avr/lib/avr5/libm.a(fixsfsi.o)
                0x0000000000004762                __fixsfsi
 .text.avr-libc.fplib
                0x0000000000004770       0x5e /usr/lib/gcc/avr/5.4.0/../../../avr/lib/avr5/libm.a(fixunssfsi.o)
                0x0000000000004770                __fixunssfsi
 .text.avr-libc.fplib
                0x00000000000047ce       0x7a /usr/lib/gcc/avr/5.4.0/../../../avr/lib/avr5/libm.a(floatsisf.o)
                0x00000000000047ce                __floatunsisf
                0x00000000000047d2                __floatsisf
 .text.avr-libc.fplib
                0x0000000000004848        0xc /usr/lib/gcc/avr/5.4.0/../../../avr/lib/avr5/libm.a(fp_inf.o)
                0x0000000000004848                __fp_inf
 .text.avr-libc.fplib
                0x0000000000004854        0x6 /usr/lib/gcc/avr/5.4.0/../../../avr/lib/avr5/libm.a(fp_nan.o)
                0x0000000000004854                __fp_nan
 .text.avr-libc.fplib
                0x000000000000485a        0xe /usr/lib/gcc/avr/5.4.0/../../../avr/lib/avr5/libm.a(fp_pscA.o)
                0x000000000000485a                __fp_pscA
 .text.avr-libc.fplib
                0x0000000000004868        0xe /usr/lib/gcc/avr/5.4.0/../../../avr/lib/avr5/libm.a(fp_pscB.o)
                0x0000000000004868                __fp_pscB
 .text.avr-libc.fplib
                0x0000000000004876       0x22 /usr/lib/gcc/avr/5.4.0/../../../avr/lib/avr5/libm.a(fp_round.o)
                0x0000000000004876                __fp_round
 .text.avr-libc.fplib
                0x0000000000004898       0x44 /usr/lib/gcc/avr/5.4.0/../../../avr/lib/avr5/libm.a(fp_split3.o)
                0x0000000000004898                __fp_split3
                0x00000000000048a8                __fp_splitA
 .text.avr-libc.fplib
                0x00000000000048dc        0xe /usr/lib/gcc/avr/5.4.0/../../../avr/lib/avr5/libm.a(fp_zero.o)
                0x00000000000048dc                __fp_zero
                0x00000000000048de                __fp_szero
 .text.avr-libc.fplib
                0x00000000000048ea        0x8 /usr/lib/gcc/avr/5.4.0/../../../avr/lib/avr5/libm.a(mulsf3.o)
                0x00000000000048ea                __mulsf3
 .text.avr-libc.fplib
                0x00000000000048f2       0xd2 /usr/lib/gcc/avr/5.4.0/../../../avr/lib/avr5/libm.a(mulsf3x.o)
                0x0000000000004910                __mulsf3x
                0x0000000000004916                __mulsf3_pse
 .text.avr-libc
                0x00000000000049c4       0x4e /usr/lib/gcc/avr/5.4.0/../../../avr/lib/avr5/libc.a(atol.o)
                0x00000000000049c4                atol
 .text.avr-libc
                0x0000000000004a12      0x1b0 /usr/lib/gcc/avr/5.4.0/../../../avr/lib/avr5/libc.a(ftoa_engine.o)
                0x0000000000004a12                __ftoa_engine
 .text.avr-libc
                0x0000000000004bc2       0x16 /usr/lib/gcc/avr/5.4.0/../../../avr/lib/avr5/libc.a(strnlen_P.o)
                0x0000000000004bc2                strnlen_P
 .text.avr-libc
                0x0000000000004bd8       0x12 /usr/lib/gcc/avr/5.4.0/../../../avr/lib/avr5/libc.a(strcmp.o)
                0x0000000000004bd8                strcmp
 .text.avr-libc
                0x0000000000004bea        0xe /usr/lib/gcc/avr/5.4.0/../../../avr/lib/avr5/libc.a(strcpy.o)
                0x0000000000004bea                strcpy
 .text.avr-libc
                0x0000000000004bf8       0x1e /usr/lib/gcc/avr/5.4.0/../../../avr/lib/avr5/libc.a(strncpy.o)
                0x0000000000004bf8                strncpy
 .text.avr-libc
                0x0000000000004c16       0x16 /usr/lib/gcc/avr/5.4.0/../../../avr/lib/avr5/libc.a(strnlen.o)
                0x0000000000004c16                strnlen
 .text.avr-libc
                0x0000000000004c2c       0x2a /usr/lib/gcc/avr/5.4.0/../../../avr/lib/avr5/libc.a(mulsi10.o)
                0x0000000000004c2c                __mulsi_const_10
 .text.avr-libc
                0x0000000000004c56       0x96 /usr/lib/gcc/avr/5.4.0/../../../avr/lib/avr5/libc.a(fdevopen.o)
                0x0000000000004c56                fdevopen
 .text.avr-libc
                0x0000000000004cec       0x78 /usr/lib/gcc/avr/5.4.0/../../../avr/lib/avr5/libc.a(fputc.o)
                0x0000000000004cec                fputc
 .text.avr-libc
                0x0000000000004d64       0x2c /usr/lib/gcc/avr/5.4.0/../../../avr/lib/avr5/libc.a(printf.o)
                0x0000000000004d64                printf
 .text.avr-libc
                0x0000000000004d90        0xe /usr/lib/gcc/avr/5.4.0/../../../avr/lib/avr5/libc.a(putchar.o)
                0x0000000000004d90                putchar
 .text.avr-libc
                0x0000000000004d9e       0x60 /usr/lib/gcc/avr/5.4.0/../../../avr/lib/avr5/libc.a(puts.o)
                0x0000000000004d9e                puts
 .text.avr-libc
                0x0000000000004dfe       0x44 /usr/lib/gcc/avr/5.4.0/../../../avr/lib/avr5/libc.a(sprintf.o)
                0x0000000000004dfe                sprintf
 .text.avr-libc
                0x0000000000004e42       0xbc /usr/lib/gcc/avr/5.4.0/../../../avr/lib/avr5/libc.a(ultoa_invert.o)
                0x0000000000004e42                __ultoa_invert
 .text.avr-libc
                0x0000000000004efe       0x38 /usr/lib/gcc/avr/5.4.0/../../../avr/lib/avr5/libc.a(calloc.o)
                0x0000000000004efe                calloc
 .text.avr-libc
                0x0000000000004f36      0x242 /usr/lib/gcc/avr/5.4.0/../../../avr/lib/avr5/libc.a(malloc.o)
                0x0000000000004f36                malloc
                0x0000000000005066                free
 .text.avr-libc
                0x0000000000005178        0xe /usr/lib/gcc/avr/5.4.0/../../../avr/lib/avr5/libc.a(memset.o)
                0x0000000000005178                memset
                0x0000000000005186                . = ALIGN (0x2)
 *(.fini9)
 .fini9         0x0000000000005186        0x0 /usr/lib/gcc/avr/5.4.0/avr5/libgcc.a(_exit.o)
                0x0000000000005186                exit
                0x0000000000005186                _exit
 *(.fini9)
 *(.fini8)
 *(.fini8)
 *(.fini7)
 *(.fini7)
 *(.fini6)
 *(.fini6)
 *(.fini5)
 *(.fini5)
 *(.fini4)
 *(.fini4)
 *(.fini3)
 *(.fini3)
 *(.fini2)
 *(.fini2)
 *(.fini1)
 *(.fini1)
 *(.fini0)
 .fini0         0x0000000000005186        0x4 /usr/lib/gcc/avr/5.4.0/avr5/libgcc.a(_exit.o)
 *(.fini0)
                0x000000000000518a                _etext = .

.data           0x0000000000800100      0x3da load address 0x000000000000518a
                0x0000000000800100                PROVIDE (__data_start, .)
 *(.data)
 .data          0x0000000000800100        0x0 /usr/lib/gcc/avr/5.4.0/../../../avr/lib/avr5/crtatmega328p.o
 .data          0x0000000000800100        0x0 /usr/lib/gcc/avr/5.4.0/../../../avr/lib/avr5/libprintf_flt.a(vfprintf_flt.o)
 .data          0x0000000000800100        0x0 Build_mc/softuart_avr.o
 .data          0x0000000000800100        0x0 Build_mc/LoRa.o
 .data          0x0000000000800100        0x0 Build_mc/spi.o
 .data          0x0000000000800100        0x0 Build_mc/main.o
 .data          0x0000000000800100        0x1 Build_mc/mcu_call_functions.o
                0x0000000000800100                printf_en
 .data          0x0000000000800101        0x0 Build_mc/timer_us.o
 .data          0x0000000000800101        0x0 Build_mc/TinyGPS++.o
 .data          0x0000000000800101        0x0 Build_mc/rtc.o
 .data          0x0000000000800101        0x0 Build_mc/scheduling.o
 .data          0x0000000000800101        0x0 Build_mc/twi-lowlevel.o
 .data          0x0000000000800101        0x0 Build_mc/twi.o
 .data          0x0000000000800101        0x0 Build_mc/command_layer.o
 .data          0x0000000000800101        0x0 Build_mc/battery.o
 .data          0x0000000000800101        0x0 Build_mc/medium_collar.o
 .data          0x0000000000800101        0x0 /usr/lib/gcc/avr/5.4.0/avr5/libgcc.a(_mulsi3.o)
 .data          0x0000000000800101        0x0 /usr/lib/gcc/avr/5.4.0/avr5/libgcc.a(_udivmodqi4.o)
 .data          0x0000000000800101        0x0 /usr/lib/gcc/avr/5.4.0/avr5/libgcc.a(_udivmodhi4.o)
 .data          0x0000000000800101        0x0 /usr/lib/gcc/avr/5.4.0/avr5/libgcc.a(_divmodhi4.o)
 .data          0x0000000000800101        0x0 /usr/lib/gcc/avr/5.4.0/avr5/libgcc.a(_udivmodsi4.o)
 .data          0x0000000000800101        0x0 /usr/lib/gcc/avr/5.4.0/avr5/libgcc.a(_exit.o)
 .data          0x0000000000800101        0x0 /usr/lib/gcc/avr/5.4.0/avr5/libgcc.a(_tablejump2.o)
 .data          0x0000000000800101        0x0 /usr/lib/gcc/avr/5.4.0/avr5/libgcc.a(_copy_data.o)
 .data          0x0000000000800101        0x0 /usr/lib/gcc/avr/5.4.0/avr5/libgcc.a(_clear_bss.o)
 .data          0x0000000000800101        0x0 /usr/lib/gcc/avr/5.4.0/avr5/libgcc.a(_ctors.o)
 .data          0x0000000000800101        0x0 /usr/lib/gcc/avr/5.4.0/avr5/libgcc.a(_muluhisi3.o)
 .data          0x0000000000800101        0x0 /usr/lib/gcc/avr/5.4.0/avr5/libgcc.a(_mulshisi3.o)
 .data          0x0000000000800101        0x0 /usr/lib/gcc/avr/5.4.0/avr5/libgcc.a(_udivdi3.o)
 .data          0x0000000000800101        0x0 /usr/lib/gcc/avr/5.4.0/avr5/libgcc.a(_udivmod64.o)
 .data          0x0000000000800101        0x0 /usr/lib/gcc/avr/5.4.0/avr5/libgcc.a(_prologue.o)
 .data          0x0000000000800101        0x0 /usr/lib/gcc/avr/5.4.0/avr5/libgcc.a(_epilogue.o)
 .data          0x0000000000800101        0x0 /usr/lib/gcc/avr/5.4.0/avr5/libgcc.a(_ashldi3.o)
 .data          0x0000000000800101        0x0 /usr/lib/gcc/avr/5.4.0/avr5/libgcc.a(_ashrdi3.o)
 .data          0x0000000000800101        0x0 /usr/lib/gcc/avr/5.4.0/avr5/libgcc.a(_umulhisi3.o)
 .data          0x0000000000800101        0x0 /usr/lib/gcc/avr/5.4.0/../../../avr/lib/avr5/libm.a(addsf3.o)
 .data          0x0000000000800101        0x0 /usr/lib/gcc/avr/5.4.0/../../../avr/lib/avr5/libm.a(addsf3x.o)
 .data          0x0000000000800101        0x0 /usr/lib/gcc/avr/5.4.0/../../../avr/lib/avr5/libm.a(divsf3.o)
 .data          0x0000000000800101        0x0 /usr/lib/gcc/avr/5.4.0/../../../avr/lib/avr5/libm.a(divsf3x.o)
 .data          0x0000000000800101        0x0 /usr/lib/gcc/avr/5.4.0/../../../avr/lib/avr5/libm.a(fixsfsi.o)
 .data          0x0000000000800101        0x0 /usr/lib/gcc/avr/5.4.0/../../../avr/lib/avr5/libm.a(fixunssfsi.o)
 .data          0x0000000000800101        0x0 /usr/lib/gcc/avr/5.4.0/../../../avr/lib/avr5/libm.a(floatsisf.o)
 .data          0x0000000000800101        0x0 /usr/lib/gcc/avr/5.4.0/../../../avr/lib/avr5/libm.a(fp_inf.o)
 .data          0x0000000000800101        0x0 /usr/lib/gcc/avr/5.4.0/../../../avr/lib/avr5/libm.a(fp_nan.o)
 .data          0x0000000000800101        0x0 /usr/lib/gcc/avr/5.4.0/../../../avr/lib/avr5/libm.a(fp_pscA.o)
 .data          0x0000000000800101        0x0 /usr/lib/gcc/avr/5.4.0/../../../avr/lib/avr5/libm.a(fp_pscB.o)
 .data          0x0000000000800101        0x0 /usr/lib/gcc/avr/5.4.0/../../../avr/lib/avr5/libm.a(fp_round.o)
 .data          0x0000000000800101        0x0 /usr/lib/gcc/avr/5.4.0/../../../avr/lib/avr5/libm.a(fp_split3.o)
 .data          0x0000000000800101        0x0 /usr/lib/gcc/avr/5.4.0/../../../avr/lib/avr5/libm.a(fp_zero.o)
 .data          0x0000000000800101        0x0 /usr/lib/gcc/avr/5.4.0/../../../avr/lib/avr5/libm.a(mulsf3.o)
 .data          0x0000000000800101        0x0 /usr/lib/gcc/avr/5.4.0/../../../avr/lib/avr5/libm.a(mulsf3x.o)
 .data          0x0000000000800101        0x0 /usr/lib/gcc/avr/5.4.0/../../../avr/lib/avr5/libc.a(atol.o)
 .data          0x0000000000800101        0x0 /usr/lib/gcc/avr/5.4.0/../../../avr/lib/avr5/libc.a(ftoa_engine.o)
 .data          0x0000000000800101        0x0 /usr/lib/gcc/avr/5.4.0/../../../avr/lib/avr5/libc.a(strnlen_P.o)
 .data          0x0000000000800101        0x0 /usr/lib/gcc/avr/5.4.0/../../../avr/lib/avr5/libc.a(strcmp.o)
 .data          0x0000000000800101        0x0 /usr/lib/gcc/avr/5.4.0/../../../avr/lib/avr5/libc.a(strcpy.o)
 .data          0x0000000000800101        0x0 /usr/lib/gcc/avr/5.4.0/../../../avr/lib/avr5/libc.a(strncpy.o)
 .data          0x0000000000800101        0x0 /usr/lib/gcc/avr/5.4.0/../../../avr/lib/avr5/libc.a(strnlen.o)
 .data          0x0000000000800101        0x0 /usr/lib/gcc/avr/5.4.0/../../../avr/lib/avr5/libc.a(mulsi10.o)
 .data          0x0000000000800101        0x0 /usr/lib/gcc/avr/5.4.0/../../../avr/lib/avr5/libc.a(fdevopen.o)
 .data          0x0000000000800101        0x0 /usr/lib/gcc/avr/5.4.0/../../../avr/lib/avr5/libc.a(fputc.o)
 .data          0x0000000000800101        0x0 /usr/lib/gcc/avr/5.4.0/../../../avr/lib/avr5/libc.a(iob.o)
 .data          0x0000000000800101        0x0 /usr/lib/gcc/avr/5.4.0/../../../avr/lib/avr5/libc.a(printf.o)
 .data          0x0000000000800101        0x0 /usr/lib/gcc/avr/5.4.0/../../../avr/lib/avr5/libc.a(putchar.o)
 .data          0x0000000000800101        0x0 /usr/lib/gcc/avr/5.4.0/../../../avr/lib/avr5/libc.a(puts.o)
 .data          0x0000000000800101        0x0 /usr/lib/gcc/avr/5.4.0/../../../avr/lib/avr5/libc.a(sprintf.o)
 .data          0x0000000000800101        0x0 /usr/lib/gcc/avr/5.4.0/../../../avr/lib/avr5/libc.a(ultoa_invert.o)
 .data          0x0000000000800101        0x0 /usr/lib/gcc/avr/5.4.0/../../../avr/lib/avr5/libc.a(calloc.o)
 .data          0x0000000000800101        0x6 /usr/lib/gcc/avr/5.4.0/../../../avr/lib/avr5/libc.a(malloc.o)
                0x0000000000800101                __malloc_heap_end
                0x0000000000800103                __malloc_heap_start
                0x0000000000800105                __malloc_margin
 .data          0x0000000000800107        0x0 /usr/lib/gcc/avr/5.4.0/../../../avr/lib/avr5/libc.a(memset.o)
 *(.data*)
 *(.gnu.linkonce.d*)
 *(.rodata)
 .rodata        0x0000000000800107       0x1e Build_mc/LoRa.o
 .rodata        0x0000000000800125       0x20 Build_mc/TinyGPS++.o
 *(.rodata*)
 .rodata.str1.1
                0x0000000000800145       0x17 Build_mc/LoRa.o
 .rodata.str1.1
                0x000000000080015c      0x111 Build_mc/main.o
                                        0x114 (size before relaxing)
 .rodata.str1.1
                0x000000000080026d      0x16d Build_mc/TinyGPS++.o
                                        0x189 (size before relaxing)
 .rodata.str1.1
                0x00000000008003da       0x75 Build_mc/scheduling.o
 .rodata.str1.1
                0x000000000080044f       0x2e Build_mc/command_layer.o
 .rodata.str1.1
                0x000000000080047d       0x2b Build_mc/battery.o
 .rodata.str1.1
                0x00000000008004a8       0x31 Build_mc/medium_collar.o
                                         0x3d (size before relaxing)
 *(.gnu.linkonce.r*)
                0x00000000008004da                . = ALIGN (0x2)
 *fill*         0x00000000008004d9        0x1 
                0x00000000008004da                _edata = .
                0x00000000008004da                PROVIDE (__data_end, .)

.bss            0x00000000008004da      0x2b2
                0x00000000008004da                PROVIDE (__bss_start, .)
 *(.bss)
 .bss           0x00000000008004da        0x0 /usr/lib/gcc/avr/5.4.0/../../../avr/lib/avr5/crtatmega328p.o
 .bss           0x00000000008004da        0x0 /usr/lib/gcc/avr/5.4.0/../../../avr/lib/avr5/libprintf_flt.a(vfprintf_flt.o)
 .bss           0x00000000008004da       0x2e Build_mc/softuart_avr.o
 .bss           0x0000000000800508        0x6 Build_mc/LoRa.o
                0x0000000000800508                implicitHeaderMode
                0x0000000000800509                packetIndex
                0x000000000080050a                frequency
 .bss           0x000000000080050e        0x0 Build_mc/spi.o
 .bss           0x000000000080050e      0x193 Build_mc/main.o
                0x000000000080050e                rtc_time_set_flag
 .bss           0x00000000008006a1        0x7 Build_mc/mcu_call_functions.o
                0x00000000008006a1                rcv_char
                0x00000000008006a2                timer1_millis
 .bss           0x00000000008006a8        0x0 Build_mc/timer_us.o
 .bss           0x00000000008006a8        0x0 Build_mc/TinyGPS++.o
 .bss           0x00000000008006a8       0x13 Build_mc/rtc.o
                0x00000000008006a8                _tm
 .bss           0x00000000008006bb        0x0 Build_mc/scheduling.o
 .bss           0x00000000008006bb       0x6c Build_mc/twi-lowlevel.o
 .bss           0x0000000000800727       0x4a Build_mc/twi.o
                0x0000000000800727                user_onReceive
                0x0000000000800729                user_onRequest
                0x000000000080072b                transmitting
                0x000000000080072c                txBufferLength
                0x000000000080072d                txBufferIndex
                0x000000000080072e                txBuffer
                0x000000000080074e                txAddress
                0x000000000080074f                rxBufferLength
                0x0000000000800750                rxBufferIndex
                0x0000000000800751                rxBuffer
 .bss           0x0000000000800771        0x0 Build_mc/command_layer.o
 .bss           0x0000000000800771        0x0 Build_mc/battery.o
 .bss           0x0000000000800771       0x11 Build_mc/medium_collar.o
 .bss           0x0000000000800782        0x0 /usr/lib/gcc/avr/5.4.0/avr5/libgcc.a(_mulsi3.o)
 .bss           0x0000000000800782        0x0 /usr/lib/gcc/avr/5.4.0/avr5/libgcc.a(_udivmodqi4.o)
 .bss           0x0000000000800782        0x0 /usr/lib/gcc/avr/5.4.0/avr5/libgcc.a(_udivmodhi4.o)
 .bss           0x0000000000800782        0x0 /usr/lib/gcc/avr/5.4.0/avr5/libgcc.a(_divmodhi4.o)
 .bss           0x0000000000800782        0x0 /usr/lib/gcc/avr/5.4.0/avr5/libgcc.a(_udivmodsi4.o)
 .bss           0x0000000000800782        0x0 /usr/lib/gcc/avr/5.4.0/avr5/libgcc.a(_exit.o)
 .bss           0x0000000000800782        0x0 /usr/lib/gcc/avr/5.4.0/avr5/libgcc.a(_tablejump2.o)
 .bss           0x0000000000800782        0x0 /usr/lib/gcc/avr/5.4.0/avr5/libgcc.a(_copy_data.o)
 .bss           0x0000000000800782        0x0 /usr/lib/gcc/avr/5.4.0/avr5/libgcc.a(_clear_bss.o)
 .bss           0x0000000000800782        0x0 /usr/lib/gcc/avr/5.4.0/avr5/libgcc.a(_ctors.o)
 .bss           0x0000000000800782        0x0 /usr/lib/gcc/avr/5.4.0/avr5/libgcc.a(_muluhisi3.o)
 .bss           0x0000000000800782        0x0 /usr/lib/gcc/avr/5.4.0/avr5/libgcc.a(_mulshisi3.o)
 .bss           0x0000000000800782        0x0 /usr/lib/gcc/avr/5.4.0/avr5/libgcc.a(_udivdi3.o)
 .bss           0x0000000000800782        0x0 /usr/lib/gcc/avr/5.4.0/avr5/libgcc.a(_udivmod64.o)
 .bss           0x0000000000800782        0x0 /usr/lib/gcc/avr/5.4.0/avr5/libgcc.a(_prologue.o)
 .bss           0x0000000000800782        0x0 /usr/lib/gcc/avr/5.4.0/avr5/libgcc.a(_epilogue.o)
 .bss           0x0000000000800782        0x0 /usr/lib/gcc/avr/5.4.0/avr5/libgcc.a(_ashldi3.o)
 .bss           0x0000000000800782        0x0 /usr/lib/gcc/avr/5.4.0/avr5/libgcc.a(_ashrdi3.o)
 .bss           0x0000000000800782        0x0 /usr/lib/gcc/avr/5.4.0/avr5/libgcc.a(_umulhisi3.o)
 .bss           0x0000000000800782        0x0 /usr/lib/gcc/avr/5.4.0/../../../avr/lib/avr5/libm.a(addsf3.o)
 .bss           0x0000000000800782        0x0 /usr/lib/gcc/avr/5.4.0/../../../avr/lib/avr5/libm.a(addsf3x.o)
 .bss           0x0000000000800782        0x0 /usr/lib/gcc/avr/5.4.0/../../../avr/lib/avr5/libm.a(divsf3.o)
 .bss           0x0000000000800782        0x0 /usr/lib/gcc/avr/5.4.0/../../../avr/lib/avr5/libm.a(divsf3x.o)
 .bss           0x0000000000800782        0x0 /usr/lib/gcc/avr/5.4.0/../../../avr/lib/avr5/libm.a(fixsfsi.o)
 .bss           0x0000000000800782        0x0 /usr/lib/gcc/avr/5.4.0/../../../avr/lib/avr5/libm.a(fixunssfsi.o)
 .bss           0x0000000000800782        0x0 /usr/lib/gcc/avr/5.4.0/../../../avr/lib/avr5/libm.a(floatsisf.o)
 .bss           0x0000000000800782        0x0 /usr/lib/gcc/avr/5.4.0/../../../avr/lib/avr5/libm.a(fp_inf.o)
 .bss           0x0000000000800782        0x0 /usr/lib/gcc/avr/5.4.0/../../../avr/lib/avr5/libm.a(fp_nan.o)
 .bss           0x0000000000800782        0x0 /usr/lib/gcc/avr/5.4.0/../../../avr/lib/avr5/libm.a(fp_pscA.o)
 .bss           0x0000000000800782        0x0 /usr/lib/gcc/avr/5.4.0/../../../avr/lib/avr5/libm.a(fp_pscB.o)
 .bss           0x0000000000800782        0x0 /usr/lib/gcc/avr/5.4.0/../../../avr/lib/avr5/libm.a(fp_round.o)
 .bss           0x0000000000800782        0x0 /usr/lib/gcc/avr/5.4.0/../../../avr/lib/avr5/libm.a(fp_split3.o)
 .bss           0x0000000000800782        0x0 /usr/lib/gcc/avr/5.4.0/../../../avr/lib/avr5/libm.a(fp_zero.o)
 .bss           0x0000000000800782        0x0 /usr/lib/gcc/avr/5.4.0/../../../avr/lib/avr5/libm.a(mulsf3.o)
 .bss           0x0000000000800782        0x0 /usr/lib/gcc/avr/5.4.0/../../../avr/lib/avr5/libm.a(mulsf3x.o)
 .bss           0x0000000000800782        0x0 /usr/lib/gcc/avr/5.4.0/../../../avr/lib/avr5/libc.a(atol.o)
 .bss           0x0000000000800782        0x0 /usr/lib/gcc/avr/5.4.0/../../../avr/lib/avr5/libc.a(ftoa_engine.o)
 .bss           0x0000000000800782        0x0 /usr/lib/gcc/avr/5.4.0/../../../avr/lib/avr5/libc.a(strnlen_P.o)
 .bss           0x0000000000800782        0x0 /usr/lib/gcc/avr/5.4.0/../../../avr/lib/avr5/libc.a(strcmp.o)
 .bss           0x0000000000800782        0x0 /usr/lib/gcc/avr/5.4.0/../../../avr/lib/avr5/libc.a(strcpy.o)
 .bss           0x0000000000800782        0x0 /usr/lib/gcc/avr/5.4.0/../../../avr/lib/avr5/libc.a(strncpy.o)
 .bss           0x0000000000800782        0x0 /usr/lib/gcc/avr/5.4.0/../../../avr/lib/avr5/libc.a(strnlen.o)
 .bss           0x0000000000800782        0x0 /usr/lib/gcc/avr/5.4.0/../../../avr/lib/avr5/libc.a(mulsi10.o)
 .bss           0x0000000000800782        0x0 /usr/lib/gcc/avr/5.4.0/../../../avr/lib/avr5/libc.a(fdevopen.o)
 .bss           0x0000000000800782        0x0 /usr/lib/gcc/avr/5.4.0/../../../avr/lib/avr5/libc.a(fputc.o)
 .bss           0x0000000000800782        0x0 /usr/lib/gcc/avr/5.4.0/../../../avr/lib/avr5/libc.a(iob.o)
 .bss           0x0000000000800782        0x0 /usr/lib/gcc/avr/5.4.0/../../../avr/lib/avr5/libc.a(printf.o)
 .bss           0x0000000000800782        0x0 /usr/lib/gcc/avr/5.4.0/../../../avr/lib/avr5/libc.a(putchar.o)
 .bss           0x0000000000800782        0x0 /usr/lib/gcc/avr/5.4.0/../../../avr/lib/avr5/libc.a(puts.o)
 .bss           0x0000000000800782        0x0 /usr/lib/gcc/avr/5.4.0/../../../avr/lib/avr5/libc.a(sprintf.o)
 .bss           0x0000000000800782        0x0 /usr/lib/gcc/avr/5.4.0/../../../avr/lib/avr5/libc.a(ultoa_invert.o)
 .bss           0x0000000000800782        0x0 /usr/lib/gcc/avr/5.4.0/../../../avr/lib/avr5/libc.a(calloc.o)
 .bss           0x0000000000800782        0x0 /usr/lib/gcc/avr/5.4.0/../../../avr/lib/avr5/libc.a(malloc.o)
 .bss           0x0000000000800782        0x0 /usr/lib/gcc/avr/5.4.0/../../../avr/lib/avr5/libc.a(memset.o)
 *(.bss*)
 *(COMMON)
 COMMON         0x0000000000800782        0x6 /usr/lib/gcc/avr/5.4.0/../../../avr/lib/avr5/libc.a(iob.o)
                0x0000000000800782                __iob
 COMMON         0x0000000000800788        0x4 /usr/lib/gcc/avr/5.4.0/../../../avr/lib/avr5/libc.a(malloc.o)
                0x0000000000800788                __brkval
                0x000000000080078a                __flp
                0x000000000080078c                PROVIDE (__bss_end, .)
                0x000000000000518a                __data_load_start = LOADADDR (.data)
                0x0000000000005564                __data_load_end = (__data_load_start + SIZEOF (.data))

.noinit         0x000000000080078c        0x0
                [!provide]                        PROVIDE (__noinit_start, .)
 *(.noinit*)
                [!provide]                        PROVIDE (__noinit_end, .)
                0x000000000080078c                _end = .
                0x000000000080078c                PROVIDE (__heap_start, .)

.eeprom         0x0000000000810000        0x0
 *(.eeprom*)
                0x0000000000810000                __eeprom_end = .

.fuse
 *(.fuse)
 *(.lfuse)
 *(.hfuse)
 *(.efuse)

.lock
 *(.lock*)

.signature
 *(.signature*)

.user_signatures
 *(.user_signatures*)

.stab
 *(.stab)

.stabstr
 *(.stabstr)

.stab.excl
 *(.stab.excl)

.stab.exclstr
 *(.stab.exclstr)

.stab.index
 *(.stab.index)

.stab.indexstr
 *(.stab.indexstr)

.comment        0x0000000000000000       0x11
 *(.comment)
 .comment       0x0000000000000000       0x11 /usr/lib/gcc/avr/5.4.0/../../../avr/lib/avr5/libprintf_flt.a(vfprintf_flt.o)
                                         0x12 (size before relaxing)
 .comment       0x0000000000000011       0x12 Build_mc/softuart_avr.o
 .comment       0x0000000000000011       0x12 Build_mc/LoRa.o
 .comment       0x0000000000000011       0x12 Build_mc/spi.o
 .comment       0x0000000000000011       0x12 Build_mc/main.o
 .comment       0x0000000000000011       0x12 Build_mc/mcu_call_functions.o
 .comment       0x0000000000000011       0x12 Build_mc/timer_us.o
 .comment       0x0000000000000011       0x12 Build_mc/TinyGPS++.o
 .comment       0x0000000000000011       0x12 Build_mc/rtc.o
 .comment       0x0000000000000011       0x12 Build_mc/scheduling.o
 .comment       0x0000000000000011       0x12 Build_mc/twi-lowlevel.o
 .comment       0x0000000000000011       0x12 Build_mc/twi.o
 .comment       0x0000000000000011       0x12 Build_mc/command_layer.o
 .comment       0x0000000000000011       0x12 Build_mc/battery.o
 .comment       0x0000000000000011       0x12 Build_mc/medium_collar.o
 .comment       0x0000000000000011       0x12 /usr/lib/gcc/avr/5.4.0/../../../avr/lib/avr5/libc.a(fdevopen.o)
 .comment       0x0000000000000011       0x12 /usr/lib/gcc/avr/5.4.0/../../../avr/lib/avr5/libc.a(fputc.o)
 .comment       0x0000000000000011       0x12 /usr/lib/gcc/avr/5.4.0/../../../avr/lib/avr5/libc.a(iob.o)
 .comment       0x0000000000000011       0x12 /usr/lib/gcc/avr/5.4.0/../../../avr/lib/avr5/libc.a(printf.o)
 .comment       0x0000000000000011       0x12 /usr/lib/gcc/avr/5.4.0/../../../avr/lib/avr5/libc.a(putchar.o)
 .comment       0x0000000000000011       0x12 /usr/lib/gcc/avr/5.4.0/../../../avr/lib/avr5/libc.a(puts.o)
 .comment       0x0000000000000011       0x12 /usr/lib/gcc/avr/5.4.0/../../../avr/lib/avr5/libc.a(sprintf.o)
 .comment       0x0000000000000011       0x12 /usr/lib/gcc/avr/5.4.0/../../../avr/lib/avr5/libc.a(calloc.o)
 .comment       0x0000000000000011       0x12 /usr/lib/gcc/avr/5.4.0/../../../avr/lib/avr5/libc.a(malloc.o)

.note.gnu.avr.deviceinfo
                0x0000000000000000       0x40
 .note.gnu.avr.deviceinfo
                0x0000000000000000       0x40 /usr/lib/gcc/avr/5.4.0/../../../avr/lib/avr5/crtatmega328p.o

.note.gnu.build-id
 *(.note.gnu.build-id)

.debug
 *(.debug)

.line
 *(.line)

.debug_srcinfo
 *(.debug_srcinfo)

.debug_sfnames
 *(.debug_sfnames)

.debug_aranges
 *(.debug_aranges)

.debug_pubnames
 *(.debug_pubnames)

.debug_info     0x0000000000000000      0x5f4
 *(.debug_info .gnu.linkonce.wi.*)
 .debug_info    0x0000000000000000      0x5f4 /usr/lib/gcc/avr/5.4.0/../../../avr/lib/avr5/crtatmega328p.o

.debug_abbrev   0x0000000000000000      0x5a2
 *(.debug_abbrev)
 .debug_abbrev  0x0000000000000000      0x5a2 /usr/lib/gcc/avr/5.4.0/../../../avr/lib/avr5/crtatmega328p.o

.debug_line     0x0000000000000000       0x1a
 *(.debug_line .debug_line.* .debug_line_end)
 .debug_line    0x0000000000000000       0x1a /usr/lib/gcc/avr/5.4.0/../../../avr/lib/avr5/crtatmega328p.o

.debug_frame
 *(.debug_frame)

.debug_str      0x0000000000000000      0x208
 *(.debug_str)
 .debug_str     0x0000000000000000      0x208 /usr/lib/gcc/avr/5.4.0/../../../avr/lib/avr5/crtatmega328p.o

.debug_loc
 *(.debug_loc)

.debug_macinfo
 *(.debug_macinfo)

.debug_weaknames
 *(.debug_weaknames)

.debug_funcnames
 *(.debug_funcnames)

.debug_typenames
 *(.debug_typenames)

.debug_varnames
 *(.debug_varnames)

.debug_pubtypes
 *(.debug_pubtypes)

.debug_ranges
 *(.debug_ranges)

.debug_macro
 *(.debug_macro)
OUTPUT(Build_mc/medium_collar.elf elf32-avr)
LOAD linker stubs
